This is XeTeX, Version 3.141592653-2.6-0.999998 (TeX Live 2026) (preloaded format=xelatex)
 restricted \write18 enabled.
entering extended mode
(./measure_textwidth.tex
LaTeX2e <2025-11-01>
L3 programming layer <2026-01-19>
(./elegantpaper.cls
Document Class: elegantpaper 2022/12/31 v0.11 ElegantLaTeX Paper class
(e:/software/texlive/2026/texmf-dist/tex/latex/kvoptions/kvoptions.sty
(e:/software/texlive/2026/texmf-dist/tex/latex/graphics/keyval.sty)
(e:/software/texlive/2026/texmf-dist/tex/generic/ltxcmds/ltxcmds.sty)
(e:/software/texlive/2026/texmf-dist/tex/latex/kvsetkeys/kvsetkeys.sty))
(e:/software/texlive/2026/texmf-dist/tex/latex/etoolbox/etoolbox.sty)
(e:/software/texlive/2026/texmf-dist/tex/latex/tools/calc.sty)
(e:/software/texlive/2026/texmf-dist/tex/latex/base/article.cls
Document Class: article 2025/01/22 v1.4n Standard LaTeX document class
(e:/software/texlive/2026/texmf-dist/tex/latex/base/size10.clo))
(e:/software/texlive/2026/texmf-dist/tex/latex/hyperref/hyperref.sty
(e:/software/texlive/2026/texmf-dist/tex/generic/iftex/iftex.sty)
(e:/software/texlive/2026/texmf-dist/tex/generic/kvdefinekeys/kvdefinekeys.sty)
 (e:/software/texlive/2026/texmf-dist/tex/generic/pdfescape/pdfescape.sty
(e:/software/texlive/2026/texmf-dist/tex/generic/pdftexcmds/pdftexcmds.sty
(e:/software/texlive/2026/texmf-dist/tex/generic/infwarerr/infwarerr.sty)))
(e:/software/texlive/2026/texmf-dist/tex/latex/hycolor/hycolor.sty)
(e:/software/texlive/2026/texmf-dist/tex/latex/hyperref/nameref.sty
(e:/software/texlive/2026/texmf-dist/tex/latex/refcount/refcount.sty)
(e:/software/texlive/2026/texmf-dist/tex/generic/gettitlestring/gettitlestring.
sty)) (e:/software/texlive/2026/texmf-dist/tex/generic/stringenc/stringenc.sty)
(e:/software/texlive/2026/texmf-dist/tex/latex/hyperref/pd1enc.def)
(e:/software/texlive/2026/texmf-dist/tex/generic/intcalc/intcalc.sty)
(e:/software/texlive/2026/texmf-dist/tex/latex/hyperref/puenc.def)
(e:/software/texlive/2026/texmf-dist/tex/latex/url/url.sty)
(e:/software/texlive/2026/texmf-dist/tex/generic/bitset/bitset.sty
(e:/software/texlive/2026/texmf-dist/tex/generic/bigintcalc/bigintcalc.sty)))
(e:/software/texlive/2026/texmf-dist/tex/latex/hyperref/hxetex.def
(e:/software/texlive/2026/texmf-dist/tex/latex/rerunfilecheck/rerunfilecheck.st
y
(e:/software/texlive/2026/texmf-dist/tex/generic/uniquecounter/uniquecounter.st
y))) (e:/software/texlive/2026/texmf-dist/tex/latex/geometry/geometry.sty
(e:/software/texlive/2026/texmf-dist/tex/generic/iftex/ifvtex.sty))
(e:/software/texlive/2026/texmf-dist/tex/latex/amsmath/amsmath.sty
For additional information on amsmath, use the `?' option.
(e:/software/texlive/2026/texmf-dist/tex/latex/amsmath/amstext.sty
(e:/software/texlive/2026/texmf-dist/tex/latex/amsmath/amsgen.sty))
(e:/software/texlive/2026/texmf-dist/tex/latex/amsmath/amsbsy.sty)
(e:/software/texlive/2026/texmf-dist/tex/latex/amsmath/amsopn.sty))
(e:/software/texlive/2026/texmf-dist/tex/latex/amscls/amsthm.sty)
(e:/software/texlive/2026/texmf-dist/tex/latex/amsfonts/amssymb.sty
(e:/software/texlive/2026/texmf-dist/tex/latex/amsfonts/amsfonts.sty))
(e:/software/texlive/2026/texmf-dist/tex/latex/tools/indentfirst.sty)
(e:/software/texlive/2026/texmf-dist/tex/latex/booktabs/booktabs.sty)
(e:/software/texlive/2026/texmf-dist/tex/latex/tools/multicol.sty)
(e:/software/texlive/2026/texmf-dist/tex/latex/multirow/multirow.sty)
(e:/software/texlive/2026/texmf-dist/tex/latex/xcolor/xcolor.sty
(e:/software/texlive/2026/texmf-dist/tex/latex/graphics-cfg/color.cfg)
(e:/software/texlive/2026/texmf-dist/tex/latex/graphics-def/xetex.def)
(e:/software/texlive/2026/texmf-dist/tex/latex/graphics/mathcolor.ltx))
(e:/software/texlive/2026/texmf-dist/tex/latex/graphics/graphicx.sty
(e:/software/texlive/2026/texmf-dist/tex/latex/graphics/graphics.sty
(e:/software/texlive/2026/texmf-dist/tex/latex/graphics/trig.sty)
(e:/software/texlive/2026/texmf-dist/tex/latex/graphics-cfg/graphics.cfg)))
(e:/software/texlive/2026/texmf-dist/tex/latex/fancyvrb/fancyvrb.sty)
(e:/software/texlive/2026/texmf-dist/tex/latex/abstract/abstract.sty)
(e:/software/texlive/2026/texmf-dist/tex/generic/hologo/hologo.sty)
(e:/software/texlive/2026/texmf-dist/tex/latex/caption/caption.sty
(e:/software/texlive/2026/texmf-dist/tex/latex/caption/caption3.sty))
(e:/software/texlive/2026/texmf-dist/tex/latex/enumitem/enumitem.sty)
(e:/software/texlive/2026/texmf-dist/tex/latex/fontspec/fontspec.sty
(e:/software/texlive/2026/texmf-dist/tex/latex/l3packages/xparse/xparse.sty
(e:/software/texlive/2026/texmf-dist/tex/latex/l3kernel/expl3.sty
(e:/software/texlive/2026/texmf-dist/tex/latex/l3backend/l3backend-xetex.def)))
(e:/software/texlive/2026/texmf-dist/tex/latex/fontspec/fontspec-xetex.sty
(e:/software/texlive/2026/texmf-dist/tex/latex/base/fontenc.sty)
(e:/software/texlive/2026/texmf-dist/tex/latex/fontspec/fontspec.cfg)))
(e:/software/texlive/2026/texmf-dist/tex/latex/ctex/ctex.sty
(e:/software/texlive/2026/texmf-dist/tex/latex/ctex/ctexhook.sty)
(e:/software/texlive/2026/texmf-dist/tex/latex/ctex/ctexpatch.sty)
(e:/software/texlive/2026/texmf-dist/tex/latex/base/fix-cm.sty
(e:/software/texlive/2026/texmf-dist/tex/latex/base/ts1enc.def))
(e:/software/texlive/2026/texmf-dist/tex/latex/ctex/config/ctexopts.cfg)
(e:/software/texlive/2026/texmf-dist/tex/latex/ctex/engine/ctex-engine-xetex.de
f (e:/software/texlive/2026/texmf-dist/tex/xelatex/xecjk/xeCJK.sty
(e:/software/texlive/2026/texmf-dist/tex/latex/l3packages/xtemplate/xtemplate.s
ty) (e:/software/texlive/2026/texmf-dist/tex/xelatex/xecjk/xeCJK.cfg)))
(e:/software/texlive/2026/texmf-dist/tex/latex/zhnumber/zhnumber.sty
(e:/software/texlive/2026/texmf-dist/tex/latex/zhnumber/zhnumber-utf8.cfg))
(e:/software/texlive/2026/texmf-dist/tex/latex/ctex/scheme/ctex-scheme-plain.de
f)
(e:/software/texlive/2026/texmf-dist/tex/latex/ctex/fontset/ctex-fontset-window
s.def)) (e:/software/texlive/2026/texmf-dist/tex/latex/ctex/config/ctex.cfg)
(e:/software/texlive/2026/texmf-dist/tex/latex/newtx/newtxmath.sty
`newtxmath' v1.754, 2024/09/22 Math macros based originally on txfonts (msharpe
) (e:/software/texlive/2026/texmf-dist/tex/latex/base/ifthen.sty)
(e:/software/texlive/2026/texmf-dist/tex/latex/xkeyval/xkeyval.sty
(e:/software/texlive/2026/texmf-dist/tex/generic/xkeyval/xkeyval.tex
(e:/software/texlive/2026/texmf-dist/tex/generic/xkeyval/xkvutils.tex)))
(e:/software/texlive/2026/texmf-dist/tex/latex/oberdiek/centernot.sty)
(e:/software/texlive/2026/texmf-dist/tex/generic/kastrup/binhex.tex)
amsthm NOT loaded
) (e:/software/texlive/2026/texmf-dist/tex/latex/esint/esint.sty)
(e:/software/texlive/2026/texmf-dist/tex/latex/biblatex/biblatex.sty
(e:/software/texlive/2026/texmf-dist/tex/latex/logreq/logreq.sty
(e:/software/texlive/2026/texmf-dist/tex/latex/logreq/logreq.def))
(e:/software/texlive/2026/texmf-dist/tex/latex/biblatex/blx-dm.def)
(e:/software/texlive/2026/texmf-dist/tex/latex/biblatex/blx-unicode.def)
(e:/software/texlive/2026/texmf-dist/tex/latex/biblatex/blx-compat.def)
(e:/software/texlive/2026/texmf-dist/tex/latex/biblatex/biblatex.def)
(e:/software/texlive/2026/texmf-dist/tex/latex/biblatex/bbx/numeric.bbx
(e:/software/texlive/2026/texmf-dist/tex/latex/biblatex/bbx/standard.bbx))
(e:/software/texlive/2026/texmf-dist/tex/latex/biblatex/cbx/numeric-comp.cbx)
(e:/software/texlive/2026/texmf-dist/tex/latex/biblatex/biblatex.cfg)
(e:/software/texlive/2026/texmf-dist/tex/latex/biblatex/blx-case-expl3.sty))
(e:/software/texlive/2026/texmf-dist/tex/latex/appendix/appendix.sty)
(e:/software/texlive/2026/texmf-dist/tex/latex/listings/listings.sty
(e:/software/texlive/2026/texmf-dist/tex/latex/listings/lstpatch.sty)
(e:/software/texlive/2026/texmf-dist/tex/latex/listings/lstmisc.sty)
(e:/software/texlive/2026/texmf-dist/tex/latex/listings/listings.cfg))
(e:/software/texlive/2026/texmf-dist/tex/xelatex/xecjk/xeCJK-listings.sty)
==> First Aid for listings.sty no longer applied!
    Expected:
        2024/09/23 1.10c (Carsten Heinz)
    but found:
        2025/11/14 1.11b (Carsten Heinz)
    so I'm assuming it got fixed.
(e:/software/texlive/2026/texmf-dist/tex/latex/listings/lstlang1.sty)
(e:/software/texlive/2026/texmf-dist/tex/latex/listings/lstlang2.sty)
(e:/software/texlive/2026/texmf-dist/tex/latex/listings/lstlang3.sty)
(e:/software/texlive/2026/texmf-dist/tex/latex/listings/lstlang1.sty)
(e:/software/texlive/2026/texmf-dist/tex/latex/listings/lstlang2.sty)
(e:/software/texlive/2026/texmf-dist/tex/latex/listings/lstlang3.sty)
(e:/software/texlive/2026/texmf-dist/tex/latex/listings/lstlang1.sty)
(e:/software/texlive/2026/texmf-dist/tex/latex/listings/lstlang2.sty)
(e:/software/texlive/2026/texmf-dist/tex/latex/listings/lstlang3.sty)
(e:/software/texlive/2026/texmf-dist/tex/latex/listings/lstmisc.sty))
No file measure_textwidth.aux.
(e:/software/texlive/2026/texmf-dist/tex/latex/newtx/omlntxmi.fd)
(e:/software/texlive/2026/texmf-dist/tex/latex/newtx/untxexa.fd)
(e:/software/texlive/2026/texmf-dist/tex/latex/newtx/lmsntxsy.fd)
(e:/software/texlive/2026/texmf-dist/tex/latex/newtx/lmxntxexx.fd)

Package hyperref Warning: Rerun to get /PageLabels entry.

*geometry* driver: auto-detecting
*geometry* detected driver: xetex
(e:/software/texlive/2026/texmf-dist/tex/latex/biblatex/lbx/english.lbx)
No file measure_textwidth.bbl.
(e:/software/texlive/2026/texmf-dist/tex/latex/footmisc/footmisc.sty)
SEC7_TEXTWIDTH_PT=452.9679pt
[1] (./measure_textwidth.aux)

LaTeX Warning: There were undefined references.


Package rerunfilecheck Warning: File `measure_textwidth.out' has changed.
(rerunfilecheck)                Rerun to get outlines right
(rerunfilecheck)                or use package `bookmark'.


Package biblatex Warning: Please (re)run Biber on the file:
(biblatex)                measure_textwidth
(biblatex)                and rerun LaTeX afterwards.

 )
Output written on measure_textwidth.pdf (1 page).
Transcript written on measure_textwidth.log.
