This is XeTeX, Version 3.141592653-2.6-0.999998 (TeX Live 2026) (preloaded format=xelatex)
 restricted \write18 enabled.
entering extended mode
(./flatten_curve_supplement_cn.tex
LaTeX2e <2025-11-01>
L3 programming layer <2026-01-19>
(./elegantpaper.cls
Document Class: elegantpaper 2022/12/31 v0.11 ElegantLaTeX Paper class
(e:/software/texlive/2026/texmf-dist/tex/latex/kvoptions/kvoptions.sty
(e:/software/texlive/2026/texmf-dist/tex/latex/graphics/keyval.sty)
(e:/software/texlive/2026/texmf-dist/tex/generic/ltxcmds/ltxcmds.sty)
(e:/software/texlive/2026/texmf-dist/tex/latex/kvsetkeys/kvsetkeys.sty))
(e:/software/texlive/2026/texmf-dist/tex/latex/etoolbox/etoolbox.sty)
(e:/software/texlive/2026/texmf-dist/tex/latex/tools/calc.sty)
(e:/software/texlive/2026/texmf-dist/tex/latex/base/article.cls
Document Class: article 2025/01/22 v1.4n Standard LaTeX document class
(e:/software/texlive/2026/texmf-dist/tex/latex/base/size10.clo))
(e:/software/texlive/2026/texmf-dist/tex/latex/hyperref/hyperref.sty
(e:/software/texlive/2026/texmf-dist/tex/generic/iftex/iftex.sty)
(e:/software/texlive/2026/texmf-dist/tex/generic/kvdefinekeys/kvdefinekeys.sty)
 (e:/software/texlive/2026/texmf-dist/tex/generic/pdfescape/pdfescape.sty
(e:/software/texlive/2026/texmf-dist/tex/generic/pdftexcmds/pdftexcmds.sty
(e:/software/texlive/2026/texmf-dist/tex/generic/infwarerr/infwarerr.sty)))
(e:/software/texlive/2026/texmf-dist/tex/latex/hycolor/hycolor.sty)
(e:/software/texlive/2026/texmf-dist/tex/latex/hyperref/nameref.sty
(e:/software/texlive/2026/texmf-dist/tex/latex/refcount/refcount.sty)
(e:/software/texlive/2026/texmf-dist/tex/generic/gettitlestring/gettitlestring.
sty)) (e:/software/texlive/2026/texmf-dist/tex/generic/stringenc/stringenc.sty)
(e:/software/texlive/2026/texmf-dist/tex/latex/hyperref/pd1enc.def)
(e:/software/texlive/2026/texmf-dist/tex/generic/intcalc/intcalc.sty)
(e:/software/texlive/2026/texmf-dist/tex/latex/hyperref/puenc.def)
(e:/software/texlive/2026/texmf-dist/tex/latex/url/url.sty)
(e:/software/texlive/2026/texmf-dist/tex/generic/bitset/bitset.sty
(e:/software/texlive/2026/texmf-dist/tex/generic/bigintcalc/bigintcalc.sty)))
(e:/software/texlive/2026/texmf-dist/tex/latex/hyperref/hxetex.def
(e:/software/texlive/2026/texmf-dist/tex/latex/rerunfilecheck/rerunfilecheck.st
y
(e:/software/texlive/2026/texmf-dist/tex/generic/uniquecounter/uniquecounter.st
y))) (e:/software/texlive/2026/texmf-dist/tex/latex/geometry/geometry.sty
(e:/software/texlive/2026/texmf-dist/tex/generic/iftex/ifvtex.sty))
(e:/software/texlive/2026/texmf-dist/tex/latex/amsmath/amsmath.sty
For additional information on amsmath, use the `?' option.
(e:/software/texlive/2026/texmf-dist/tex/latex/amsmath/amstext.sty
(e:/software/texlive/2026/texmf-dist/tex/latex/amsmath/amsgen.sty))
(e:/software/texlive/2026/texmf-dist/tex/latex/amsmath/amsbsy.sty)
(e:/software/texlive/2026/texmf-dist/tex/latex/amsmath/amsopn.sty))
(e:/software/texlive/2026/texmf-dist/tex/latex/amscls/amsthm.sty)
(e:/software/texlive/2026/texmf-dist/tex/latex/amsfonts/amssymb.sty
(e:/software/texlive/2026/texmf-dist/tex/latex/amsfonts/amsfonts.sty))
(e:/software/texlive/2026/texmf-dist/tex/latex/tools/indentfirst.sty)
(e:/software/texlive/2026/texmf-dist/tex/latex/booktabs/booktabs.sty)
(e:/software/texlive/2026/texmf-dist/tex/latex/tools/multicol.sty)
(e:/software/texlive/2026/texmf-dist/tex/latex/multirow/multirow.sty)
(e:/software/texlive/2026/texmf-dist/tex/latex/xcolor/xcolor.sty
(e:/software/texlive/2026/texmf-dist/tex/latex/graphics-cfg/color.cfg)
(e:/software/texlive/2026/texmf-dist/tex/latex/graphics-def/xetex.def)
(e:/software/texlive/2026/texmf-dist/tex/latex/graphics/mathcolor.ltx))
(e:/software/texlive/2026/texmf-dist/tex/latex/graphics/graphicx.sty
(e:/software/texlive/2026/texmf-dist/tex/latex/graphics/graphics.sty
(e:/software/texlive/2026/texmf-dist/tex/latex/graphics/trig.sty)
(e:/software/texlive/2026/texmf-dist/tex/latex/graphics-cfg/graphics.cfg)))
(e:/software/texlive/2026/texmf-dist/tex/latex/fancyvrb/fancyvrb.sty)
(e:/software/texlive/2026/texmf-dist/tex/latex/abstract/abstract.sty)
(e:/software/texlive/2026/texmf-dist/tex/generic/hologo/hologo.sty)
(e:/software/texlive/2026/texmf-dist/tex/latex/caption/caption.sty
(e:/software/texlive/2026/texmf-dist/tex/latex/caption/caption3.sty))
(e:/software/texlive/2026/texmf-dist/tex/latex/enumitem/enumitem.sty)
(e:/software/texlive/2026/texmf-dist/tex/latex/fontspec/fontspec.sty
(e:/software/texlive/2026/texmf-dist/tex/latex/l3packages/xparse/xparse.sty
(e:/software/texlive/2026/texmf-dist/tex/latex/l3kernel/expl3.sty
(e:/software/texlive/2026/texmf-dist/tex/latex/l3backend/l3backend-xetex.def)))
(e:/software/texlive/2026/texmf-dist/tex/latex/fontspec/fontspec-xetex.sty
(e:/software/texlive/2026/texmf-dist/tex/latex/base/fontenc.sty)
(e:/software/texlive/2026/texmf-dist/tex/latex/fontspec/fontspec.cfg)))
(e:/software/texlive/2026/texmf-dist/tex/latex/ctex/ctex.sty
(e:/software/texlive/2026/texmf-dist/tex/latex/ctex/ctexhook.sty)
(e:/software/texlive/2026/texmf-dist/tex/latex/ctex/ctexpatch.sty)
(e:/software/texlive/2026/texmf-dist/tex/latex/base/fix-cm.sty
(e:/software/texlive/2026/texmf-dist/tex/latex/base/ts1enc.def))
(e:/software/texlive/2026/texmf-dist/tex/latex/ctex/config/ctexopts.cfg)
(e:/software/texlive/2026/texmf-dist/tex/latex/ctex/engine/ctex-engine-xetex.de
f (e:/software/texlive/2026/texmf-dist/tex/xelatex/xecjk/xeCJK.sty
(e:/software/texlive/2026/texmf-dist/tex/latex/l3packages/xtemplate/xtemplate.s
ty) (e:/software/texlive/2026/texmf-dist/tex/xelatex/xecjk/xeCJK.cfg)))
(e:/software/texlive/2026/texmf-dist/tex/latex/zhnumber/zhnumber.sty
(e:/software/texlive/2026/texmf-dist/tex/latex/zhnumber/zhnumber-utf8.cfg))
(e:/software/texlive/2026/texmf-dist/tex/latex/ctex/scheme/ctex-scheme-plain.de
f)
(e:/software/texlive/2026/texmf-dist/tex/latex/ctex/fontset/ctex-fontset-window
s.def)) (e:/software/texlive/2026/texmf-dist/tex/latex/ctex/config/ctex.cfg)
(e:/software/texlive/2026/texmf-dist/tex/latex/newtx/newtxmath.sty
`newtxmath' v1.754, 2024/09/22 Math macros based originally on txfonts (msharpe
) (e:/software/texlive/2026/texmf-dist/tex/latex/base/ifthen.sty)
(e:/software/texlive/2026/texmf-dist/tex/latex/xkeyval/xkeyval.sty
(e:/software/texlive/2026/texmf-dist/tex/generic/xkeyval/xkeyval.tex
(e:/software/texlive/2026/texmf-dist/tex/generic/xkeyval/xkvutils.tex)))
(e:/software/texlive/2026/texmf-dist/tex/latex/oberdiek/centernot.sty)
(e:/software/texlive/2026/texmf-dist/tex/generic/kastrup/binhex.tex)
amsthm NOT loaded
) (e:/software/texlive/2026/texmf-dist/tex/latex/esint/esint.sty)
(e:/software/texlive/2026/texmf-dist/tex/latex/biblatex/biblatex.sty
(e:/software/texlive/2026/texmf-dist/tex/latex/logreq/logreq.sty
(e:/software/texlive/2026/texmf-dist/tex/latex/logreq/logreq.def))
(e:/software/texlive/2026/texmf-dist/tex/latex/biblatex/blx-dm.def)
(e:/software/texlive/2026/texmf-dist/tex/latex/biblatex/blx-unicode.def)
(e:/software/texlive/2026/texmf-dist/tex/latex/biblatex/blx-compat.def)
(e:/software/texlive/2026/texmf-dist/tex/latex/biblatex/biblatex.def)
(e:/software/texlive/2026/texmf-dist/tex/latex/biblatex/bbx/numeric.bbx
(e:/software/texlive/2026/texmf-dist/tex/latex/biblatex/bbx/standard.bbx))
(e:/software/texlive/2026/texmf-dist/tex/latex/biblatex/cbx/numeric-comp.cbx)
(e:/software/texlive/2026/texmf-dist/tex/latex/biblatex/biblatex.cfg)
(e:/software/texlive/2026/texmf-dist/tex/latex/biblatex/blx-case-expl3.sty))
(e:/software/texlive/2026/texmf-dist/tex/latex/appendix/appendix.sty)
(e:/software/texlive/2026/texmf-dist/tex/latex/listings/listings.sty
(e:/software/texlive/2026/texmf-dist/tex/latex/listings/lstpatch.sty)
(e:/software/texlive/2026/texmf-dist/tex/latex/listings/lstmisc.sty)
(e:/software/texlive/2026/texmf-dist/tex/latex/listings/listings.cfg))
(e:/software/texlive/2026/texmf-dist/tex/xelatex/xecjk/xeCJK-listings.sty)
==> First Aid for listings.sty no longer applied!
    Expected:
        2024/09/23 1.10c (Carsten Heinz)
    but found:
        2025/11/14 1.11b (Carsten Heinz)
    so I'm assuming it got fixed.
(e:/software/texlive/2026/texmf-dist/tex/latex/listings/lstlang1.sty)
(e:/software/texlive/2026/texmf-dist/tex/latex/listings/lstlang2.sty)
(e:/software/texlive/2026/texmf-dist/tex/latex/listings/lstlang3.sty)
(e:/software/texlive/2026/texmf-dist/tex/latex/listings/lstlang1.sty)
(e:/software/texlive/2026/texmf-dist/tex/latex/listings/lstlang2.sty)
(e:/software/texlive/2026/texmf-dist/tex/latex/listings/lstlang3.sty)
(e:/software/texlive/2026/texmf-dist/tex/latex/listings/lstlang1.sty)
(e:/software/texlive/2026/texmf-dist/tex/latex/listings/lstlang2.sty)
(e:/software/texlive/2026/texmf-dist/tex/latex/listings/lstlang3.sty)
(e:/software/texlive/2026/texmf-dist/tex/latex/listings/lstmisc.sty))
(e:/software/texlive/2026/texmf-dist/tex/latex/tools/array.sty)
(e:/software/texlive/2026/texmf-dist/tex/latex/tools/tabularx.sty)
(e:/software/texlive/2026/texmf-dist/tex/latex/makecell/makecell.sty)
(e:/software/texlive/2026/texmf-dist/tex/latex/threeparttable/threeparttable.st
y) (e:/software/texlive/2026/texmf-dist/tex/latex/siunitx/siunitx.sty
(e:/software/texlive/2026/texmf-dist/tex/latex/translations/translations.sty))
(e:/software/texlive/2026/texmf-dist/tex/latex/xurl/xurl.sty
xurl: Set penalties for biblatex
) (./flatten_curve_supplement_cn.aux)
(e:/software/texlive/2026/texmf-dist/tex/latex/newtx/omlntxmi.fd)
(e:/software/texlive/2026/texmf-dist/tex/latex/newtx/untxexa.fd)
(e:/software/texlive/2026/texmf-dist/tex/latex/newtx/lmsntxsy.fd)
(e:/software/texlive/2026/texmf-dist/tex/latex/newtx/lmxntxexx.fd)
(./flatten_curve_supplement_cn.out) (./flatten_curve_supplement_cn.out)
*geometry* driver: auto-detecting
*geometry* detected driver: xetex
(e:/software/texlive/2026/texmf-dist/tex/latex/biblatex/lbx/english.lbx)
No file flatten_curve_supplement_cn.bbl.
(e:/software/texlive/2026/texmf-dist/tex/latex/footmisc/footmisc.sty)
(e:/software/texlive/2026/texmf-dist/tex/latex/translations/translations-basic-
dictionary-english.trsl)
(e:/software/texlive/2026/texmf-dist/tex/latex/newtx/ot1ntxtlf.fd)
(e:/software/texlive/2026/texmf-dist/tex/latex/amsfonts/umsa.fd)
(e:/software/texlive/2026/texmf-dist/tex/latex/amsfonts/umsb.fd)
(e:/software/texlive/2026/texmf-dist/tex/latex/newtx/untxmia.fd)
(e:/software/texlive/2026/texmf-dist/tex/latex/newtx/untxsym.fd)
(e:/software/texlive/2026/texmf-dist/tex/latex/newtx/untxsyc.fd)
(e:/software/texlive/2026/texmf-dist/tex/latex/esint/uesint.fd) [1] [2]
[3] (./flatten_curve_supplement_cn.aux) )
Output written on flatten_curve_supplement_cn.pdf (3 pages).
Transcript written on flatten_curve_supplement_cn.log.
This is XeTeX, Version 3.141592653-2.6-0.999998 (TeX Live 2026) (preloaded format=xelatex)
 restricted \write18 enabled.
entering extended mode
(./flatten_curve_supplement_cn.tex
LaTeX2e <2025-11-01>
L3 programming layer <2026-01-19>
(./elegantpaper.cls
Document Class: elegantpaper 2022/12/31 v0.11 ElegantLaTeX Paper class
(e:/software/texlive/2026/texmf-dist/tex/latex/kvoptions/kvoptions.sty
(e:/software/texlive/2026/texmf-dist/tex/latex/graphics/keyval.sty)
(e:/software/texlive/2026/texmf-dist/tex/generic/ltxcmds/ltxcmds.sty)
(e:/software/texlive/2026/texmf-dist/tex/latex/kvsetkeys/kvsetkeys.sty))
(e:/software/texlive/2026/texmf-dist/tex/latex/etoolbox/etoolbox.sty)
(e:/software/texlive/2026/texmf-dist/tex/latex/tools/calc.sty)
(e:/software/texlive/2026/texmf-dist/tex/latex/base/article.cls
Document Class: article 2025/01/22 v1.4n Standard LaTeX document class
(e:/software/texlive/2026/texmf-dist/tex/latex/base/size10.clo))
(e:/software/texlive/2026/texmf-dist/tex/latex/hyperref/hyperref.sty
(e:/software/texlive/2026/texmf-dist/tex/generic/iftex/iftex.sty)
(e:/software/texlive/2026/texmf-dist/tex/generic/kvdefinekeys/kvdefinekeys.sty)
 (e:/software/texlive/2026/texmf-dist/tex/generic/pdfescape/pdfescape.sty
(e:/software/texlive/2026/texmf-dist/tex/generic/pdftexcmds/pdftexcmds.sty
(e:/software/texlive/2026/texmf-dist/tex/generic/infwarerr/infwarerr.sty)))
(e:/software/texlive/2026/texmf-dist/tex/latex/hycolor/hycolor.sty)
(e:/software/texlive/2026/texmf-dist/tex/latex/hyperref/nameref.sty
(e:/software/texlive/2026/texmf-dist/tex/latex/refcount/refcount.sty)
(e:/software/texlive/2026/texmf-dist/tex/generic/gettitlestring/gettitlestring.
sty)) (e:/software/texlive/2026/texmf-dist/tex/generic/stringenc/stringenc.sty)
(e:/software/texlive/2026/texmf-dist/tex/latex/hyperref/pd1enc.def)
(e:/software/texlive/2026/texmf-dist/tex/generic/intcalc/intcalc.sty)
(e:/software/texlive/2026/texmf-dist/tex/latex/hyperref/puenc.def)
(e:/software/texlive/2026/texmf-dist/tex/latex/url/url.sty)
(e:/software/texlive/2026/texmf-dist/tex/generic/bitset/bitset.sty
(e:/software/texlive/2026/texmf-dist/tex/generic/bigintcalc/bigintcalc.sty)))
(e:/software/texlive/2026/texmf-dist/tex/latex/hyperref/hxetex.def
(e:/software/texlive/2026/texmf-dist/tex/latex/rerunfilecheck/rerunfilecheck.st
y
(e:/software/texlive/2026/texmf-dist/tex/generic/uniquecounter/uniquecounter.st
y))) (e:/software/texlive/2026/texmf-dist/tex/latex/geometry/geometry.sty
(e:/software/texlive/2026/texmf-dist/tex/generic/iftex/ifvtex.sty))
(e:/software/texlive/2026/texmf-dist/tex/latex/amsmath/amsmath.sty
For additional information on amsmath, use the `?' option.
(e:/software/texlive/2026/texmf-dist/tex/latex/amsmath/amstext.sty
(e:/software/texlive/2026/texmf-dist/tex/latex/amsmath/amsgen.sty))
(e:/software/texlive/2026/texmf-dist/tex/latex/amsmath/amsbsy.sty)
(e:/software/texlive/2026/texmf-dist/tex/latex/amsmath/amsopn.sty))
(e:/software/texlive/2026/texmf-dist/tex/latex/amscls/amsthm.sty)
(e:/software/texlive/2026/texmf-dist/tex/latex/amsfonts/amssymb.sty
(e:/software/texlive/2026/texmf-dist/tex/latex/amsfonts/amsfonts.sty))
(e:/software/texlive/2026/texmf-dist/tex/latex/tools/indentfirst.sty)
(e:/software/texlive/2026/texmf-dist/tex/latex/booktabs/booktabs.sty)
(e:/software/texlive/2026/texmf-dist/tex/latex/tools/multicol.sty)
(e:/software/texlive/2026/texmf-dist/tex/latex/multirow/multirow.sty)
(e:/software/texlive/2026/texmf-dist/tex/latex/xcolor/xcolor.sty
(e:/software/texlive/2026/texmf-dist/tex/latex/graphics-cfg/color.cfg)
(e:/software/texlive/2026/texmf-dist/tex/latex/graphics-def/xetex.def)
(e:/software/texlive/2026/texmf-dist/tex/latex/graphics/mathcolor.ltx))
(e:/software/texlive/2026/texmf-dist/tex/latex/graphics/graphicx.sty
(e:/software/texlive/2026/texmf-dist/tex/latex/graphics/graphics.sty
(e:/software/texlive/2026/texmf-dist/tex/latex/graphics/trig.sty)
(e:/software/texlive/2026/texmf-dist/tex/latex/graphics-cfg/graphics.cfg)))
(e:/software/texlive/2026/texmf-dist/tex/latex/fancyvrb/fancyvrb.sty)
(e:/software/texlive/2026/texmf-dist/tex/latex/abstract/abstract.sty)
(e:/software/texlive/2026/texmf-dist/tex/generic/hologo/hologo.sty)
(e:/software/texlive/2026/texmf-dist/tex/latex/caption/caption.sty
(e:/software/texlive/2026/texmf-dist/tex/latex/caption/caption3.sty))
(e:/software/texlive/2026/texmf-dist/tex/latex/enumitem/enumitem.sty)
(e:/software/texlive/2026/texmf-dist/tex/latex/fontspec/fontspec.sty
(e:/software/texlive/2026/texmf-dist/tex/latex/l3packages/xparse/xparse.sty
(e:/software/texlive/2026/texmf-dist/tex/latex/l3kernel/expl3.sty
(e:/software/texlive/2026/texmf-dist/tex/latex/l3backend/l3backend-xetex.def)))
(e:/software/texlive/2026/texmf-dist/tex/latex/fontspec/fontspec-xetex.sty
(e:/software/texlive/2026/texmf-dist/tex/latex/base/fontenc.sty)
(e:/software/texlive/2026/texmf-dist/tex/latex/fontspec/fontspec.cfg)))
(e:/software/texlive/2026/texmf-dist/tex/latex/ctex/ctex.sty
(e:/software/texlive/2026/texmf-dist/tex/latex/ctex/ctexhook.sty)
(e:/software/texlive/2026/texmf-dist/tex/latex/ctex/ctexpatch.sty)
(e:/software/texlive/2026/texmf-dist/tex/latex/base/fix-cm.sty
(e:/software/texlive/2026/texmf-dist/tex/latex/base/ts1enc.def))
(e:/software/texlive/2026/texmf-dist/tex/latex/ctex/config/ctexopts.cfg)
(e:/software/texlive/2026/texmf-dist/tex/latex/ctex/engine/ctex-engine-xetex.de
f (e:/software/texlive/2026/texmf-dist/tex/xelatex/xecjk/xeCJK.sty
(e:/software/texlive/2026/texmf-dist/tex/latex/l3packages/xtemplate/xtemplate.s
ty) (e:/software/texlive/2026/texmf-dist/tex/xelatex/xecjk/xeCJK.cfg)))
(e:/software/texlive/2026/texmf-dist/tex/latex/zhnumber/zhnumber.sty
(e:/software/texlive/2026/texmf-dist/tex/latex/zhnumber/zhnumber-utf8.cfg))
(e:/software/texlive/2026/texmf-dist/tex/latex/ctex/scheme/ctex-scheme-plain.de
f)
(e:/software/texlive/2026/texmf-dist/tex/latex/ctex/fontset/ctex-fontset-window
s.def)) (e:/software/texlive/2026/texmf-dist/tex/latex/ctex/config/ctex.cfg)
(e:/software/texlive/2026/texmf-dist/tex/latex/newtx/newtxmath.sty
`newtxmath' v1.754, 2024/09/22 Math macros based originally on txfonts (msharpe
) (e:/software/texlive/2026/texmf-dist/tex/latex/base/ifthen.sty)
(e:/software/texlive/2026/texmf-dist/tex/latex/xkeyval/xkeyval.sty
(e:/software/texlive/2026/texmf-dist/tex/generic/xkeyval/xkeyval.tex
(e:/software/texlive/2026/texmf-dist/tex/generic/xkeyval/xkvutils.tex)))
(e:/software/texlive/2026/texmf-dist/tex/latex/oberdiek/centernot.sty)
(e:/software/texlive/2026/texmf-dist/tex/generic/kastrup/binhex.tex)
amsthm NOT loaded
) (e:/software/texlive/2026/texmf-dist/tex/latex/esint/esint.sty)
(e:/software/texlive/2026/texmf-dist/tex/latex/biblatex/biblatex.sty
(e:/software/texlive/2026/texmf-dist/tex/latex/logreq/logreq.sty
(e:/software/texlive/2026/texmf-dist/tex/latex/logreq/logreq.def))
(e:/software/texlive/2026/texmf-dist/tex/latex/biblatex/blx-dm.def)
(e:/software/texlive/2026/texmf-dist/tex/latex/biblatex/blx-unicode.def)
(e:/software/texlive/2026/texmf-dist/tex/latex/biblatex/blx-compat.def)
(e:/software/texlive/2026/texmf-dist/tex/latex/biblatex/biblatex.def)
(e:/software/texlive/2026/texmf-dist/tex/latex/biblatex/bbx/numeric.bbx
(e:/software/texlive/2026/texmf-dist/tex/latex/biblatex/bbx/standard.bbx))
(e:/software/texlive/2026/texmf-dist/tex/latex/biblatex/cbx/numeric-comp.cbx)
(e:/software/texlive/2026/texmf-dist/tex/latex/biblatex/biblatex.cfg)
(e:/software/texlive/2026/texmf-dist/tex/latex/biblatex/blx-case-expl3.sty))
(e:/software/texlive/2026/texmf-dist/tex/latex/appendix/appendix.sty)
(e:/software/texlive/2026/texmf-dist/tex/latex/listings/listings.sty
(e:/software/texlive/2026/texmf-dist/tex/latex/listings/lstpatch.sty)
(e:/software/texlive/2026/texmf-dist/tex/latex/listings/lstmisc.sty)
(e:/software/texlive/2026/texmf-dist/tex/latex/listings/listings.cfg))
(e:/software/texlive/2026/texmf-dist/tex/xelatex/xecjk/xeCJK-listings.sty)
==> First Aid for listings.sty no longer applied!
    Expected:
        2024/09/23 1.10c (Carsten Heinz)
    but found:
        2025/11/14 1.11b (Carsten Heinz)
    so I'm assuming it got fixed.
(e:/software/texlive/2026/texmf-dist/tex/latex/listings/lstlang1.sty)
(e:/software/texlive/2026/texmf-dist/tex/latex/listings/lstlang2.sty)
(e:/software/texlive/2026/texmf-dist/tex/latex/listings/lstlang3.sty)
(e:/software/texlive/2026/texmf-dist/tex/latex/listings/lstlang1.sty)
(e:/software/texlive/2026/texmf-dist/tex/latex/listings/lstlang2.sty)
(e:/software/texlive/2026/texmf-dist/tex/latex/listings/lstlang3.sty)
(e:/software/texlive/2026/texmf-dist/tex/latex/listings/lstlang1.sty)
(e:/software/texlive/2026/texmf-dist/tex/latex/listings/lstlang2.sty)
(e:/software/texlive/2026/texmf-dist/tex/latex/listings/lstlang3.sty)
(e:/software/texlive/2026/texmf-dist/tex/latex/listings/lstmisc.sty))
(e:/software/texlive/2026/texmf-dist/tex/latex/tools/array.sty)
(e:/software/texlive/2026/texmf-dist/tex/latex/tools/tabularx.sty)
(e:/software/texlive/2026/texmf-dist/tex/latex/makecell/makecell.sty)
(e:/software/texlive/2026/texmf-dist/tex/latex/threeparttable/threeparttable.st
y) (e:/software/texlive/2026/texmf-dist/tex/latex/siunitx/siunitx.sty
(e:/software/texlive/2026/texmf-dist/tex/latex/translations/translations.sty))
(e:/software/texlive/2026/texmf-dist/tex/latex/xurl/xurl.sty
xurl: Set penalties for biblatex
) (./flatten_curve_supplement_cn.aux)
(e:/software/texlive/2026/texmf-dist/tex/latex/newtx/omlntxmi.fd)
(e:/software/texlive/2026/texmf-dist/tex/latex/newtx/untxexa.fd)
(e:/software/texlive/2026/texmf-dist/tex/latex/newtx/lmsntxsy.fd)
(e:/software/texlive/2026/texmf-dist/tex/latex/newtx/lmxntxexx.fd)
(./flatten_curve_supplement_cn.out) (./flatten_curve_supplement_cn.out)
*geometry* driver: auto-detecting
*geometry* detected driver: xetex
(e:/software/texlive/2026/texmf-dist/tex/latex/biblatex/lbx/english.lbx)
No file flatten_curve_supplement_cn.bbl.
(e:/software/texlive/2026/texmf-dist/tex/latex/footmisc/footmisc.sty)
(e:/software/texlive/2026/texmf-dist/tex/latex/translations/translations-basic-
dictionary-english.trsl)
(e:/software/texlive/2026/texmf-dist/tex/latex/newtx/ot1ntxtlf.fd)
(e:/software/texlive/2026/texmf-dist/tex/latex/amsfonts/umsa.fd)
(e:/software/texlive/2026/texmf-dist/tex/latex/amsfonts/umsb.fd)
(e:/software/texlive/2026/texmf-dist/tex/latex/newtx/untxmia.fd)
(e:/software/texlive/2026/texmf-dist/tex/latex/newtx/untxsym.fd)
(e:/software/texlive/2026/texmf-dist/tex/latex/newtx/untxsyc.fd)
(e:/software/texlive/2026/texmf-dist/tex/latex/esint/uesint.fd) [1] [2]
[3] (./flatten_curve_supplement_cn.aux) )
Output written on flatten_curve_supplement_cn.pdf (3 pages).
Transcript written on flatten_curve_supplement_cn.log.
This is XeTeX, Version 3.141592653-2.6-0.999998 (TeX Live 2026) (preloaded format=xelatex)
 restricted \write18 enabled.
entering extended mode
(./flatten_curve_analysis_cn.tex
LaTeX2e <2025-11-01>
L3 programming layer <2026-01-19>
(e:/software/texlive/2026/texmf-dist/tex/latex/hyperref/xr-hyper.sty)
(./elegantpaper.cls
Document Class: elegantpaper 2022/12/31 v0.11 ElegantLaTeX Paper class
(e:/software/texlive/2026/texmf-dist/tex/latex/kvoptions/kvoptions.sty
(e:/software/texlive/2026/texmf-dist/tex/latex/graphics/keyval.sty)
(e:/software/texlive/2026/texmf-dist/tex/generic/ltxcmds/ltxcmds.sty)
(e:/software/texlive/2026/texmf-dist/tex/latex/kvsetkeys/kvsetkeys.sty))
(e:/software/texlive/2026/texmf-dist/tex/latex/etoolbox/etoolbox.sty)
(e:/software/texlive/2026/texmf-dist/tex/latex/tools/calc.sty)
(e:/software/texlive/2026/texmf-dist/tex/latex/base/article.cls
Document Class: article 2025/01/22 v1.4n Standard LaTeX document class
(e:/software/texlive/2026/texmf-dist/tex/latex/base/size10.clo))
(e:/software/texlive/2026/texmf-dist/tex/latex/hyperref/hyperref.sty
(e:/software/texlive/2026/texmf-dist/tex/generic/iftex/iftex.sty)
(e:/software/texlive/2026/texmf-dist/tex/generic/kvdefinekeys/kvdefinekeys.sty)
 (e:/software/texlive/2026/texmf-dist/tex/generic/pdfescape/pdfescape.sty
(e:/software/texlive/2026/texmf-dist/tex/generic/pdftexcmds/pdftexcmds.sty
(e:/software/texlive/2026/texmf-dist/tex/generic/infwarerr/infwarerr.sty)))
(e:/software/texlive/2026/texmf-dist/tex/latex/hycolor/hycolor.sty)
(e:/software/texlive/2026/texmf-dist/tex/latex/hyperref/nameref.sty
(e:/software/texlive/2026/texmf-dist/tex/latex/refcount/refcount.sty)
(e:/software/texlive/2026/texmf-dist/tex/generic/gettitlestring/gettitlestring.
sty)) (e:/software/texlive/2026/texmf-dist/tex/generic/stringenc/stringenc.sty)
(e:/software/texlive/2026/texmf-dist/tex/latex/hyperref/pd1enc.def)
(e:/software/texlive/2026/texmf-dist/tex/generic/intcalc/intcalc.sty)
(e:/software/texlive/2026/texmf-dist/tex/latex/hyperref/puenc.def)
(e:/software/texlive/2026/texmf-dist/tex/latex/url/url.sty)
(e:/software/texlive/2026/texmf-dist/tex/generic/bitset/bitset.sty
(e:/software/texlive/2026/texmf-dist/tex/generic/bigintcalc/bigintcalc.sty)))
(e:/software/texlive/2026/texmf-dist/tex/latex/hyperref/hxetex.def
(e:/software/texlive/2026/texmf-dist/tex/latex/rerunfilecheck/rerunfilecheck.st
y
(e:/software/texlive/2026/texmf-dist/tex/generic/uniquecounter/uniquecounter.st
y))) (e:/software/texlive/2026/texmf-dist/tex/latex/geometry/geometry.sty
(e:/software/texlive/2026/texmf-dist/tex/generic/iftex/ifvtex.sty))
(e:/software/texlive/2026/texmf-dist/tex/latex/amsmath/amsmath.sty
For additional information on amsmath, use the `?' option.
(e:/software/texlive/2026/texmf-dist/tex/latex/amsmath/amstext.sty
(e:/software/texlive/2026/texmf-dist/tex/latex/amsmath/amsgen.sty))
(e:/software/texlive/2026/texmf-dist/tex/latex/amsmath/amsbsy.sty)
(e:/software/texlive/2026/texmf-dist/tex/latex/amsmath/amsopn.sty))
(e:/software/texlive/2026/texmf-dist/tex/latex/amscls/amsthm.sty)
(e:/software/texlive/2026/texmf-dist/tex/latex/amsfonts/amssymb.sty
(e:/software/texlive/2026/texmf-dist/tex/latex/amsfonts/amsfonts.sty))
(e:/software/texlive/2026/texmf-dist/tex/latex/tools/indentfirst.sty)
(e:/software/texlive/2026/texmf-dist/tex/latex/booktabs/booktabs.sty)
(e:/software/texlive/2026/texmf-dist/tex/latex/tools/multicol.sty)
(e:/software/texlive/2026/texmf-dist/tex/latex/multirow/multirow.sty)
(e:/software/texlive/2026/texmf-dist/tex/latex/xcolor/xcolor.sty
(e:/software/texlive/2026/texmf-dist/tex/latex/graphics-cfg/color.cfg)
(e:/software/texlive/2026/texmf-dist/tex/latex/graphics-def/xetex.def)
(e:/software/texlive/2026/texmf-dist/tex/latex/graphics/mathcolor.ltx))
(e:/software/texlive/2026/texmf-dist/tex/latex/graphics/graphicx.sty
(e:/software/texlive/2026/texmf-dist/tex/latex/graphics/graphics.sty
(e:/software/texlive/2026/texmf-dist/tex/latex/graphics/trig.sty)
(e:/software/texlive/2026/texmf-dist/tex/latex/graphics-cfg/graphics.cfg)))
(e:/software/texlive/2026/texmf-dist/tex/latex/fancyvrb/fancyvrb.sty)
(e:/software/texlive/2026/texmf-dist/tex/latex/abstract/abstract.sty)
(e:/software/texlive/2026/texmf-dist/tex/generic/hologo/hologo.sty)
(e:/software/texlive/2026/texmf-dist/tex/latex/caption/caption.sty
(e:/software/texlive/2026/texmf-dist/tex/latex/caption/caption3.sty))
(e:/software/texlive/2026/texmf-dist/tex/latex/enumitem/enumitem.sty)
(e:/software/texlive/2026/texmf-dist/tex/latex/fontspec/fontspec.sty
(e:/software/texlive/2026/texmf-dist/tex/latex/l3packages/xparse/xparse.sty
(e:/software/texlive/2026/texmf-dist/tex/latex/l3kernel/expl3.sty
(e:/software/texlive/2026/texmf-dist/tex/latex/l3backend/l3backend-xetex.def)))
(e:/software/texlive/2026/texmf-dist/tex/latex/fontspec/fontspec-xetex.sty
(e:/software/texlive/2026/texmf-dist/tex/latex/base/fontenc.sty)
(e:/software/texlive/2026/texmf-dist/tex/latex/fontspec/fontspec.cfg)))
(e:/software/texlive/2026/texmf-dist/tex/latex/ctex/ctex.sty
(e:/software/texlive/2026/texmf-dist/tex/latex/ctex/ctexhook.sty)
(e:/software/texlive/2026/texmf-dist/tex/latex/ctex/ctexpatch.sty)
(e:/software/texlive/2026/texmf-dist/tex/latex/base/fix-cm.sty
(e:/software/texlive/2026/texmf-dist/tex/latex/base/ts1enc.def))
(e:/software/texlive/2026/texmf-dist/tex/latex/ctex/config/ctexopts.cfg)
(e:/software/texlive/2026/texmf-dist/tex/latex/ctex/engine/ctex-engine-xetex.de
f (e:/software/texlive/2026/texmf-dist/tex/xelatex/xecjk/xeCJK.sty
(e:/software/texlive/2026/texmf-dist/tex/latex/l3packages/xtemplate/xtemplate.s
ty) (e:/software/texlive/2026/texmf-dist/tex/xelatex/xecjk/xeCJK.cfg)))
(e:/software/texlive/2026/texmf-dist/tex/latex/zhnumber/zhnumber.sty
(e:/software/texlive/2026/texmf-dist/tex/latex/zhnumber/zhnumber-utf8.cfg))
(e:/software/texlive/2026/texmf-dist/tex/latex/ctex/scheme/ctex-scheme-plain.de
f)
(e:/software/texlive/2026/texmf-dist/tex/latex/ctex/fontset/ctex-fontset-window
s.def)) (e:/software/texlive/2026/texmf-dist/tex/latex/ctex/config/ctex.cfg)
(e:/software/texlive/2026/texmf-dist/tex/latex/newtx/newtxmath.sty
`newtxmath' v1.754, 2024/09/22 Math macros based originally on txfonts (msharpe
) (e:/software/texlive/2026/texmf-dist/tex/latex/base/ifthen.sty)
(e:/software/texlive/2026/texmf-dist/tex/latex/xkeyval/xkeyval.sty
(e:/software/texlive/2026/texmf-dist/tex/generic/xkeyval/xkeyval.tex
(e:/software/texlive/2026/texmf-dist/tex/generic/xkeyval/xkvutils.tex)))
(e:/software/texlive/2026/texmf-dist/tex/latex/oberdiek/centernot.sty)
(e:/software/texlive/2026/texmf-dist/tex/generic/kastrup/binhex.tex)
amsthm NOT loaded
) (e:/software/texlive/2026/texmf-dist/tex/latex/esint/esint.sty)
(e:/software/texlive/2026/texmf-dist/tex/latex/biblatex/biblatex.sty
(e:/software/texlive/2026/texmf-dist/tex/latex/logreq/logreq.sty
(e:/software/texlive/2026/texmf-dist/tex/latex/logreq/logreq.def))
(e:/software/texlive/2026/texmf-dist/tex/latex/biblatex/blx-dm.def)
(e:/software/texlive/2026/texmf-dist/tex/latex/biblatex/blx-unicode.def)
(e:/software/texlive/2026/texmf-dist/tex/latex/biblatex/blx-compat.def)
(e:/software/texlive/2026/texmf-dist/tex/latex/biblatex/biblatex.def)
(e:/software/texlive/2026/texmf-dist/tex/latex/biblatex/bbx/numeric.bbx
(e:/software/texlive/2026/texmf-dist/tex/latex/biblatex/bbx/standard.bbx))
(e:/software/texlive/2026/texmf-dist/tex/latex/biblatex/cbx/numeric-comp.cbx)
(e:/software/texlive/2026/texmf-dist/tex/latex/biblatex/biblatex.cfg)
(e:/software/texlive/2026/texmf-dist/tex/latex/biblatex/blx-case-expl3.sty))
(e:/software/texlive/2026/texmf-dist/tex/latex/appendix/appendix.sty)
(e:/software/texlive/2026/texmf-dist/tex/latex/listings/listings.sty
(e:/software/texlive/2026/texmf-dist/tex/latex/listings/lstpatch.sty)
(e:/software/texlive/2026/texmf-dist/tex/latex/listings/lstmisc.sty)
(e:/software/texlive/2026/texmf-dist/tex/latex/listings/listings.cfg))
(e:/software/texlive/2026/texmf-dist/tex/xelatex/xecjk/xeCJK-listings.sty)
==> First Aid for listings.sty no longer applied!
    Expected:
        2024/09/23 1.10c (Carsten Heinz)
    but found:
        2025/11/14 1.11b (Carsten Heinz)
    so I'm assuming it got fixed.
(e:/software/texlive/2026/texmf-dist/tex/latex/listings/lstlang1.sty)
(e:/software/texlive/2026/texmf-dist/tex/latex/listings/lstlang2.sty)
(e:/software/texlive/2026/texmf-dist/tex/latex/listings/lstlang3.sty)
(e:/software/texlive/2026/texmf-dist/tex/latex/listings/lstlang1.sty)
(e:/software/texlive/2026/texmf-dist/tex/latex/listings/lstlang2.sty)
(e:/software/texlive/2026/texmf-dist/tex/latex/listings/lstlang3.sty)
(e:/software/texlive/2026/texmf-dist/tex/latex/listings/lstlang1.sty)
(e:/software/texlive/2026/texmf-dist/tex/latex/listings/lstlang2.sty)
(e:/software/texlive/2026/texmf-dist/tex/latex/listings/lstlang3.sty)
(e:/software/texlive/2026/texmf-dist/tex/latex/listings/lstmisc.sty))
(e:/software/texlive/2026/texmf-dist/tex/latex/float/float.sty)
(e:/software/texlive/2026/texmf-dist/tex/latex/placeins/placeins.sty)
(e:/software/texlive/2026/texmf-dist/tex/latex/tools/array.sty)
(e:/software/texlive/2026/texmf-dist/tex/latex/tools/tabularx.sty)
(e:/software/texlive/2026/texmf-dist/tex/latex/makecell/makecell.sty)
(e:/software/texlive/2026/texmf-dist/tex/latex/threeparttable/threeparttable.st
y) (e:/software/texlive/2026/texmf-dist/tex/latex/siunitx/siunitx.sty
(e:/software/texlive/2026/texmf-dist/tex/latex/translations/translations.sty))
(e:/software/texlive/2026/texmf-dist/tex/latex/xurl/xurl.sty
xurl: Set penalties for biblatex
) (e:/software/texlive/2026/texmf-dist/tex/latex/needspace/needspace.sty)
(e:/software/texlive/2026/texmf-dist/tex/latex/algorithms/algorithm.sty)
(e:/software/texlive/2026/texmf-dist/tex/latex/algorithmicx/algpseudocode.sty
(e:/software/texlive/2026/texmf-dist/tex/latex/algorithmicx/algorithmicx.sty
Document Style algorithmicx 1.2 - a greatly improved `algorithmic' style
)
Document Style - pseudocode environments for use with the `algorithmicx' style
) (./flatten_curve_analysis_cn.aux)
(e:/software/texlive/2026/texmf-dist/tex/latex/newtx/omlntxmi.fd)
(e:/software/texlive/2026/texmf-dist/tex/latex/newtx/untxexa.fd)
(e:/software/texlive/2026/texmf-dist/tex/latex/newtx/lmsntxsy.fd)
(e:/software/texlive/2026/texmf-dist/tex/latex/newtx/lmxntxexx.fd)
(./flatten_curve_analysis_cn.out) (./flatten_curve_analysis_cn.out)
*geometry* driver: auto-detecting
*geometry* detected driver: xetex
(e:/software/texlive/2026/texmf-dist/tex/latex/biblatex/lbx/english.lbx)
(./flatten_curve_analysis_cn.bbl)
(e:/software/texlive/2026/texmf-dist/tex/latex/footmisc/footmisc.sty)
(e:/software/texlive/2026/texmf-dist/tex/latex/translations/translations-basic-
dictionary-english.trsl)
(e:/software/texlive/2026/texmf-dist/tex/latex/newtx/ot1ntxtlf.fd)
(e:/software/texlive/2026/texmf-dist/tex/latex/amsfonts/umsa.fd)
(e:/software/texlive/2026/texmf-dist/tex/latex/amsfonts/umsb.fd)
(e:/software/texlive/2026/texmf-dist/tex/latex/newtx/untxmia.fd)
(e:/software/texlive/2026/texmf-dist/tex/latex/newtx/untxsym.fd)
(e:/software/texlive/2026/texmf-dist/tex/latex/newtx/untxsyc.fd)
(e:/software/texlive/2026/texmf-dist/tex/latex/esint/uesint.fd) [1] [2]
[3] [4] [5] [6] [7] [8] [9] [10] [11] [12] [13] [14] [15] [16] [17] [18]
[19] [20] [21] [22] [23] [24] [25] [26] [27] [28] [29] [30] [31] [32] [33]
[34]
Underfull \hbox (badness 2376) in paragraph at lines 1725--1726
[]\TU/SimSun(0)/m/n/10 累 计 感 染 与 清 零 时 间 条 件 进 一 步 缩 小 了 比 较 范 围。|  累 计 感 染 与 实
 际 成 本 条 件 的 数 值 交 点 约 为
[35] [36] [37] [38] [39] [40] [41] [42] [43] [44] [45] [46] [47]
(./flatten_curve_analysis_cn.aux) )
(see the transcript file for additional information)
Output written on flatten_curve_analysis_cn.pdf (47 pages).
Transcript written on flatten_curve_analysis_cn.log.
INFO - This is Biber 2.21
INFO - Logfile is 'flatten_curve_analysis_cn.blg'
INFO - Reading 'flatten_curve_analysis_cn.bcf'
INFO - Found 20 citekeys in bib section 0
INFO - Processing section 0
INFO - Looking for bibtex file 'references.bib' for section 0
INFO - LaTeX decoding ...
INFO - Found BibTeX data source 'references.bib'
INFO - Overriding locale 'en-US' defaults 'variable = shifted' with 'variable = non-ignorable'
INFO - Overriding locale 'en-US' defaults 'normalization = NFD' with 'normalization = prenormalized'
INFO - Sorting list 'nty/global//global/global/global' of type 'entry' with template 'nty' and locale 'en-US'
INFO - No sort tailoring available for locale 'en-US'
INFO - Writing 'flatten_curve_analysis_cn.bbl' with encoding 'UTF-8'
INFO - Output to flatten_curve_analysis_cn.bbl
This is XeTeX, Version 3.141592653-2.6-0.999998 (TeX Live 2026) (preloaded format=xelatex)
 restricted \write18 enabled.
entering extended mode
(./flatten_curve_analysis_cn.tex
LaTeX2e <2025-11-01>
L3 programming layer <2026-01-19>
(e:/software/texlive/2026/texmf-dist/tex/latex/hyperref/xr-hyper.sty)
(./elegantpaper.cls
Document Class: elegantpaper 2022/12/31 v0.11 ElegantLaTeX Paper class
(e:/software/texlive/2026/texmf-dist/tex/latex/kvoptions/kvoptions.sty
(e:/software/texlive/2026/texmf-dist/tex/latex/graphics/keyval.sty)
(e:/software/texlive/2026/texmf-dist/tex/generic/ltxcmds/ltxcmds.sty)
(e:/software/texlive/2026/texmf-dist/tex/latex/kvsetkeys/kvsetkeys.sty))
(e:/software/texlive/2026/texmf-dist/tex/latex/etoolbox/etoolbox.sty)
(e:/software/texlive/2026/texmf-dist/tex/latex/tools/calc.sty)
(e:/software/texlive/2026/texmf-dist/tex/latex/base/article.cls
Document Class: article 2025/01/22 v1.4n Standard LaTeX document class
(e:/software/texlive/2026/texmf-dist/tex/latex/base/size10.clo))
(e:/software/texlive/2026/texmf-dist/tex/latex/hyperref/hyperref.sty
(e:/software/texlive/2026/texmf-dist/tex/generic/iftex/iftex.sty)
(e:/software/texlive/2026/texmf-dist/tex/generic/kvdefinekeys/kvdefinekeys.sty)
 (e:/software/texlive/2026/texmf-dist/tex/generic/pdfescape/pdfescape.sty
(e:/software/texlive/2026/texmf-dist/tex/generic/pdftexcmds/pdftexcmds.sty
(e:/software/texlive/2026/texmf-dist/tex/generic/infwarerr/infwarerr.sty)))
(e:/software/texlive/2026/texmf-dist/tex/latex/hycolor/hycolor.sty)
(e:/software/texlive/2026/texmf-dist/tex/latex/hyperref/nameref.sty
(e:/software/texlive/2026/texmf-dist/tex/latex/refcount/refcount.sty)
(e:/software/texlive/2026/texmf-dist/tex/generic/gettitlestring/gettitlestring.
sty)) (e:/software/texlive/2026/texmf-dist/tex/generic/stringenc/stringenc.sty)
(e:/software/texlive/2026/texmf-dist/tex/latex/hyperref/pd1enc.def)
(e:/software/texlive/2026/texmf-dist/tex/generic/intcalc/intcalc.sty)
(e:/software/texlive/2026/texmf-dist/tex/latex/hyperref/puenc.def)
(e:/software/texlive/2026/texmf-dist/tex/latex/url/url.sty)
(e:/software/texlive/2026/texmf-dist/tex/generic/bitset/bitset.sty
(e:/software/texlive/2026/texmf-dist/tex/generic/bigintcalc/bigintcalc.sty)))
(e:/software/texlive/2026/texmf-dist/tex/latex/hyperref/hxetex.def
(e:/software/texlive/2026/texmf-dist/tex/latex/rerunfilecheck/rerunfilecheck.st
y
(e:/software/texlive/2026/texmf-dist/tex/generic/uniquecounter/uniquecounter.st
y))) (e:/software/texlive/2026/texmf-dist/tex/latex/geometry/geometry.sty
(e:/software/texlive/2026/texmf-dist/tex/generic/iftex/ifvtex.sty))
(e:/software/texlive/2026/texmf-dist/tex/latex/amsmath/amsmath.sty
For additional information on amsmath, use the `?' option.
(e:/software/texlive/2026/texmf-dist/tex/latex/amsmath/amstext.sty
(e:/software/texlive/2026/texmf-dist/tex/latex/amsmath/amsgen.sty))
(e:/software/texlive/2026/texmf-dist/tex/latex/amsmath/amsbsy.sty)
(e:/software/texlive/2026/texmf-dist/tex/latex/amsmath/amsopn.sty))
(e:/software/texlive/2026/texmf-dist/tex/latex/amscls/amsthm.sty)
(e:/software/texlive/2026/texmf-dist/tex/latex/amsfonts/amssymb.sty
(e:/software/texlive/2026/texmf-dist/tex/latex/amsfonts/amsfonts.sty))
(e:/software/texlive/2026/texmf-dist/tex/latex/tools/indentfirst.sty)
(e:/software/texlive/2026/texmf-dist/tex/latex/booktabs/booktabs.sty)
(e:/software/texlive/2026/texmf-dist/tex/latex/tools/multicol.sty)
(e:/software/texlive/2026/texmf-dist/tex/latex/multirow/multirow.sty)
(e:/software/texlive/2026/texmf-dist/tex/latex/xcolor/xcolor.sty
(e:/software/texlive/2026/texmf-dist/tex/latex/graphics-cfg/color.cfg)
(e:/software/texlive/2026/texmf-dist/tex/latex/graphics-def/xetex.def)
(e:/software/texlive/2026/texmf-dist/tex/latex/graphics/mathcolor.ltx))
(e:/software/texlive/2026/texmf-dist/tex/latex/graphics/graphicx.sty
(e:/software/texlive/2026/texmf-dist/tex/latex/graphics/graphics.sty
(e:/software/texlive/2026/texmf-dist/tex/latex/graphics/trig.sty)
(e:/software/texlive/2026/texmf-dist/tex/latex/graphics-cfg/graphics.cfg)))
(e:/software/texlive/2026/texmf-dist/tex/latex/fancyvrb/fancyvrb.sty)
(e:/software/texlive/2026/texmf-dist/tex/latex/abstract/abstract.sty)
(e:/software/texlive/2026/texmf-dist/tex/generic/hologo/hologo.sty)
(e:/software/texlive/2026/texmf-dist/tex/latex/caption/caption.sty
(e:/software/texlive/2026/texmf-dist/tex/latex/caption/caption3.sty))
(e:/software/texlive/2026/texmf-dist/tex/latex/enumitem/enumitem.sty)
(e:/software/texlive/2026/texmf-dist/tex/latex/fontspec/fontspec.sty
(e:/software/texlive/2026/texmf-dist/tex/latex/l3packages/xparse/xparse.sty
(e:/software/texlive/2026/texmf-dist/tex/latex/l3kernel/expl3.sty
(e:/software/texlive/2026/texmf-dist/tex/latex/l3backend/l3backend-xetex.def)))
(e:/software/texlive/2026/texmf-dist/tex/latex/fontspec/fontspec-xetex.sty
(e:/software/texlive/2026/texmf-dist/tex/latex/base/fontenc.sty)
(e:/software/texlive/2026/texmf-dist/tex/latex/fontspec/fontspec.cfg)))
(e:/software/texlive/2026/texmf-dist/tex/latex/ctex/ctex.sty
(e:/software/texlive/2026/texmf-dist/tex/latex/ctex/ctexhook.sty)
(e:/software/texlive/2026/texmf-dist/tex/latex/ctex/ctexpatch.sty)
(e:/software/texlive/2026/texmf-dist/tex/latex/base/fix-cm.sty
(e:/software/texlive/2026/texmf-dist/tex/latex/base/ts1enc.def))
(e:/software/texlive/2026/texmf-dist/tex/latex/ctex/config/ctexopts.cfg)
(e:/software/texlive/2026/texmf-dist/tex/latex/ctex/engine/ctex-engine-xetex.de
f (e:/software/texlive/2026/texmf-dist/tex/xelatex/xecjk/xeCJK.sty
(e:/software/texlive/2026/texmf-dist/tex/latex/l3packages/xtemplate/xtemplate.s
ty) (e:/software/texlive/2026/texmf-dist/tex/xelatex/xecjk/xeCJK.cfg)))
(e:/software/texlive/2026/texmf-dist/tex/latex/zhnumber/zhnumber.sty
(e:/software/texlive/2026/texmf-dist/tex/latex/zhnumber/zhnumber-utf8.cfg))
(e:/software/texlive/2026/texmf-dist/tex/latex/ctex/scheme/ctex-scheme-plain.de
f)
(e:/software/texlive/2026/texmf-dist/tex/latex/ctex/fontset/ctex-fontset-window
s.def)) (e:/software/texlive/2026/texmf-dist/tex/latex/ctex/config/ctex.cfg)
(e:/software/texlive/2026/texmf-dist/tex/latex/newtx/newtxmath.sty
`newtxmath' v1.754, 2024/09/22 Math macros based originally on txfonts (msharpe
) (e:/software/texlive/2026/texmf-dist/tex/latex/base/ifthen.sty)
(e:/software/texlive/2026/texmf-dist/tex/latex/xkeyval/xkeyval.sty
(e:/software/texlive/2026/texmf-dist/tex/generic/xkeyval/xkeyval.tex
(e:/software/texlive/2026/texmf-dist/tex/generic/xkeyval/xkvutils.tex)))
(e:/software/texlive/2026/texmf-dist/tex/latex/oberdiek/centernot.sty)
(e:/software/texlive/2026/texmf-dist/tex/generic/kastrup/binhex.tex)
amsthm NOT loaded
) (e:/software/texlive/2026/texmf-dist/tex/latex/esint/esint.sty)
(e:/software/texlive/2026/texmf-dist/tex/latex/biblatex/biblatex.sty
(e:/software/texlive/2026/texmf-dist/tex/latex/logreq/logreq.sty
(e:/software/texlive/2026/texmf-dist/tex/latex/logreq/logreq.def))
(e:/software/texlive/2026/texmf-dist/tex/latex/biblatex/blx-dm.def)
(e:/software/texlive/2026/texmf-dist/tex/latex/biblatex/blx-unicode.def)
(e:/software/texlive/2026/texmf-dist/tex/latex/biblatex/blx-compat.def)
(e:/software/texlive/2026/texmf-dist/tex/latex/biblatex/biblatex.def)
(e:/software/texlive/2026/texmf-dist/tex/latex/biblatex/bbx/numeric.bbx
(e:/software/texlive/2026/texmf-dist/tex/latex/biblatex/bbx/standard.bbx))
(e:/software/texlive/2026/texmf-dist/tex/latex/biblatex/cbx/numeric-comp.cbx)
(e:/software/texlive/2026/texmf-dist/tex/latex/biblatex/biblatex.cfg)
(e:/software/texlive/2026/texmf-dist/tex/latex/biblatex/blx-case-expl3.sty))
(e:/software/texlive/2026/texmf-dist/tex/latex/appendix/appendix.sty)
(e:/software/texlive/2026/texmf-dist/tex/latex/listings/listings.sty
(e:/software/texlive/2026/texmf-dist/tex/latex/listings/lstpatch.sty)
(e:/software/texlive/2026/texmf-dist/tex/latex/listings/lstmisc.sty)
(e:/software/texlive/2026/texmf-dist/tex/latex/listings/listings.cfg))
(e:/software/texlive/2026/texmf-dist/tex/xelatex/xecjk/xeCJK-listings.sty)
==> First Aid for listings.sty no longer applied!
    Expected:
        2024/09/23 1.10c (Carsten Heinz)
    but found:
        2025/11/14 1.11b (Carsten Heinz)
    so I'm assuming it got fixed.
(e:/software/texlive/2026/texmf-dist/tex/latex/listings/lstlang1.sty)
(e:/software/texlive/2026/texmf-dist/tex/latex/listings/lstlang2.sty)
(e:/software/texlive/2026/texmf-dist/tex/latex/listings/lstlang3.sty)
(e:/software/texlive/2026/texmf-dist/tex/latex/listings/lstlang1.sty)
(e:/software/texlive/2026/texmf-dist/tex/latex/listings/lstlang2.sty)
(e:/software/texlive/2026/texmf-dist/tex/latex/listings/lstlang3.sty)
(e:/software/texlive/2026/texmf-dist/tex/latex/listings/lstlang1.sty)
(e:/software/texlive/2026/texmf-dist/tex/latex/listings/lstlang2.sty)
(e:/software/texlive/2026/texmf-dist/tex/latex/listings/lstlang3.sty)
(e:/software/texlive/2026/texmf-dist/tex/latex/listings/lstmisc.sty))
(e:/software/texlive/2026/texmf-dist/tex/latex/float/float.sty)
(e:/software/texlive/2026/texmf-dist/tex/latex/placeins/placeins.sty)
(e:/software/texlive/2026/texmf-dist/tex/latex/tools/array.sty)
(e:/software/texlive/2026/texmf-dist/tex/latex/tools/tabularx.sty)
(e:/software/texlive/2026/texmf-dist/tex/latex/makecell/makecell.sty)
(e:/software/texlive/2026/texmf-dist/tex/latex/threeparttable/threeparttable.st
y) (e:/software/texlive/2026/texmf-dist/tex/latex/siunitx/siunitx.sty
(e:/software/texlive/2026/texmf-dist/tex/latex/translations/translations.sty))
(e:/software/texlive/2026/texmf-dist/tex/latex/xurl/xurl.sty
xurl: Set penalties for biblatex
) (e:/software/texlive/2026/texmf-dist/tex/latex/needspace/needspace.sty)
(e:/software/texlive/2026/texmf-dist/tex/latex/algorithms/algorithm.sty)
(e:/software/texlive/2026/texmf-dist/tex/latex/algorithmicx/algpseudocode.sty
(e:/software/texlive/2026/texmf-dist/tex/latex/algorithmicx/algorithmicx.sty
Document Style algorithmicx 1.2 - a greatly improved `algorithmic' style
)
Document Style - pseudocode environments for use with the `algorithmicx' style
) (./flatten_curve_analysis_cn.aux)
(e:/software/texlive/2026/texmf-dist/tex/latex/newtx/omlntxmi.fd)
(e:/software/texlive/2026/texmf-dist/tex/latex/newtx/untxexa.fd)
(e:/software/texlive/2026/texmf-dist/tex/latex/newtx/lmsntxsy.fd)
(e:/software/texlive/2026/texmf-dist/tex/latex/newtx/lmxntxexx.fd)
(./flatten_curve_analysis_cn.out) (./flatten_curve_analysis_cn.out)
*geometry* driver: auto-detecting
*geometry* detected driver: xetex
(e:/software/texlive/2026/texmf-dist/tex/latex/biblatex/lbx/english.lbx)
(./flatten_curve_analysis_cn.bbl)
(e:/software/texlive/2026/texmf-dist/tex/latex/footmisc/footmisc.sty)
(e:/software/texlive/2026/texmf-dist/tex/latex/translations/translations-basic-
dictionary-english.trsl)
(e:/software/texlive/2026/texmf-dist/tex/latex/newtx/ot1ntxtlf.fd)
(e:/software/texlive/2026/texmf-dist/tex/latex/amsfonts/umsa.fd)
(e:/software/texlive/2026/texmf-dist/tex/latex/amsfonts/umsb.fd)
(e:/software/texlive/2026/texmf-dist/tex/latex/newtx/untxmia.fd)
(e:/software/texlive/2026/texmf-dist/tex/latex/newtx/untxsym.fd)
(e:/software/texlive/2026/texmf-dist/tex/latex/newtx/untxsyc.fd)
(e:/software/texlive/2026/texmf-dist/tex/latex/esint/uesint.fd) [1] [2]
[3] [4] [5] [6] [7] [8] [9] [10] [11] [12] [13] [14] [15] [16] [17] [18]
[19] [20] [21] [22] [23] [24] [25] [26] [27] [28] [29] [30] [31] [32] [33]
[34]
Underfull \hbox (badness 2376) in paragraph at lines 1725--1726
[]\TU/SimSun(0)/m/n/10 累 计 感 染 与 清 零 时 间 条 件 进 一 步 缩 小 了 比 较 范 围。|  累 计 感 染 与 实
 际 成 本 条 件 的 数 值 交 点 约 为
[35] [36] [37] [38] [39] [40] [41] [42] [43] [44] [45] [46] [47]
(./flatten_curve_analysis_cn.aux) )
(see the transcript file for additional information)
Output written on flatten_curve_analysis_cn.pdf (47 pages).
Transcript written on flatten_curve_analysis_cn.log.
This is XeTeX, Version 3.141592653-2.6-0.999998 (TeX Live 2026) (preloaded format=xelatex)
 restricted \write18 enabled.
entering extended mode
(./flatten_curve_analysis_cn.tex
LaTeX2e <2025-11-01>
L3 programming layer <2026-01-19>
(e:/software/texlive/2026/texmf-dist/tex/latex/hyperref/xr-hyper.sty)
(./elegantpaper.cls
Document Class: elegantpaper 2022/12/31 v0.11 ElegantLaTeX Paper class
(e:/software/texlive/2026/texmf-dist/tex/latex/kvoptions/kvoptions.sty
(e:/software/texlive/2026/texmf-dist/tex/latex/graphics/keyval.sty)
(e:/software/texlive/2026/texmf-dist/tex/generic/ltxcmds/ltxcmds.sty)
(e:/software/texlive/2026/texmf-dist/tex/latex/kvsetkeys/kvsetkeys.sty))
(e:/software/texlive/2026/texmf-dist/tex/latex/etoolbox/etoolbox.sty)
(e:/software/texlive/2026/texmf-dist/tex/latex/tools/calc.sty)
(e:/software/texlive/2026/texmf-dist/tex/latex/base/article.cls
Document Class: article 2025/01/22 v1.4n Standard LaTeX document class
(e:/software/texlive/2026/texmf-dist/tex/latex/base/size10.clo))
(e:/software/texlive/2026/texmf-dist/tex/latex/hyperref/hyperref.sty
(e:/software/texlive/2026/texmf-dist/tex/generic/iftex/iftex.sty)
(e:/software/texlive/2026/texmf-dist/tex/generic/kvdefinekeys/kvdefinekeys.sty)
 (e:/software/texlive/2026/texmf-dist/tex/generic/pdfescape/pdfescape.sty
(e:/software/texlive/2026/texmf-dist/tex/generic/pdftexcmds/pdftexcmds.sty
(e:/software/texlive/2026/texmf-dist/tex/generic/infwarerr/infwarerr.sty)))
(e:/software/texlive/2026/texmf-dist/tex/latex/hycolor/hycolor.sty)
(e:/software/texlive/2026/texmf-dist/tex/latex/hyperref/nameref.sty
(e:/software/texlive/2026/texmf-dist/tex/latex/refcount/refcount.sty)
(e:/software/texlive/2026/texmf-dist/tex/generic/gettitlestring/gettitlestring.
sty)) (e:/software/texlive/2026/texmf-dist/tex/generic/stringenc/stringenc.sty)
(e:/software/texlive/2026/texmf-dist/tex/latex/hyperref/pd1enc.def)
(e:/software/texlive/2026/texmf-dist/tex/generic/intcalc/intcalc.sty)
(e:/software/texlive/2026/texmf-dist/tex/latex/hyperref/puenc.def)
(e:/software/texlive/2026/texmf-dist/tex/latex/url/url.sty)
(e:/software/texlive/2026/texmf-dist/tex/generic/bitset/bitset.sty
(e:/software/texlive/2026/texmf-dist/tex/generic/bigintcalc/bigintcalc.sty)))
(e:/software/texlive/2026/texmf-dist/tex/latex/hyperref/hxetex.def
(e:/software/texlive/2026/texmf-dist/tex/latex/rerunfilecheck/rerunfilecheck.st
y
(e:/software/texlive/2026/texmf-dist/tex/generic/uniquecounter/uniquecounter.st
y))) (e:/software/texlive/2026/texmf-dist/tex/latex/geometry/geometry.sty
(e:/software/texlive/2026/texmf-dist/tex/generic/iftex/ifvtex.sty))
(e:/software/texlive/2026/texmf-dist/tex/latex/amsmath/amsmath.sty
For additional information on amsmath, use the `?' option.
(e:/software/texlive/2026/texmf-dist/tex/latex/amsmath/amstext.sty
(e:/software/texlive/2026/texmf-dist/tex/latex/amsmath/amsgen.sty))
(e:/software/texlive/2026/texmf-dist/tex/latex/amsmath/amsbsy.sty)
(e:/software/texlive/2026/texmf-dist/tex/latex/amsmath/amsopn.sty))
(e:/software/texlive/2026/texmf-dist/tex/latex/amscls/amsthm.sty)
(e:/software/texlive/2026/texmf-dist/tex/latex/amsfonts/amssymb.sty
(e:/software/texlive/2026/texmf-dist/tex/latex/amsfonts/amsfonts.sty))
(e:/software/texlive/2026/texmf-dist/tex/latex/tools/indentfirst.sty)
(e:/software/texlive/2026/texmf-dist/tex/latex/booktabs/booktabs.sty)
(e:/software/texlive/2026/texmf-dist/tex/latex/tools/multicol.sty)
(e:/software/texlive/2026/texmf-dist/tex/latex/multirow/multirow.sty)
(e:/software/texlive/2026/texmf-dist/tex/latex/xcolor/xcolor.sty
(e:/software/texlive/2026/texmf-dist/tex/latex/graphics-cfg/color.cfg)
(e:/software/texlive/2026/texmf-dist/tex/latex/graphics-def/xetex.def)
(e:/software/texlive/2026/texmf-dist/tex/latex/graphics/mathcolor.ltx))
(e:/software/texlive/2026/texmf-dist/tex/latex/graphics/graphicx.sty
(e:/software/texlive/2026/texmf-dist/tex/latex/graphics/graphics.sty
(e:/software/texlive/2026/texmf-dist/tex/latex/graphics/trig.sty)
(e:/software/texlive/2026/texmf-dist/tex/latex/graphics-cfg/graphics.cfg)))
(e:/software/texlive/2026/texmf-dist/tex/latex/fancyvrb/fancyvrb.sty)
(e:/software/texlive/2026/texmf-dist/tex/latex/abstract/abstract.sty)
(e:/software/texlive/2026/texmf-dist/tex/generic/hologo/hologo.sty)
(e:/software/texlive/2026/texmf-dist/tex/latex/caption/caption.sty
(e:/software/texlive/2026/texmf-dist/tex/latex/caption/caption3.sty))
(e:/software/texlive/2026/texmf-dist/tex/latex/enumitem/enumitem.sty)
(e:/software/texlive/2026/texmf-dist/tex/latex/fontspec/fontspec.sty
(e:/software/texlive/2026/texmf-dist/tex/latex/l3packages/xparse/xparse.sty
(e:/software/texlive/2026/texmf-dist/tex/latex/l3kernel/expl3.sty
(e:/software/texlive/2026/texmf-dist/tex/latex/l3backend/l3backend-xetex.def)))
(e:/software/texlive/2026/texmf-dist/tex/latex/fontspec/fontspec-xetex.sty
(e:/software/texlive/2026/texmf-dist/tex/latex/base/fontenc.sty)
(e:/software/texlive/2026/texmf-dist/tex/latex/fontspec/fontspec.cfg)))
(e:/software/texlive/2026/texmf-dist/tex/latex/ctex/ctex.sty
(e:/software/texlive/2026/texmf-dist/tex/latex/ctex/ctexhook.sty)
(e:/software/texlive/2026/texmf-dist/tex/latex/ctex/ctexpatch.sty)
(e:/software/texlive/2026/texmf-dist/tex/latex/base/fix-cm.sty
(e:/software/texlive/2026/texmf-dist/tex/latex/base/ts1enc.def))
(e:/software/texlive/2026/texmf-dist/tex/latex/ctex/config/ctexopts.cfg)
(e:/software/texlive/2026/texmf-dist/tex/latex/ctex/engine/ctex-engine-xetex.de
f (e:/software/texlive/2026/texmf-dist/tex/xelatex/xecjk/xeCJK.sty
(e:/software/texlive/2026/texmf-dist/tex/latex/l3packages/xtemplate/xtemplate.s
ty) (e:/software/texlive/2026/texmf-dist/tex/xelatex/xecjk/xeCJK.cfg)))
(e:/software/texlive/2026/texmf-dist/tex/latex/zhnumber/zhnumber.sty
(e:/software/texlive/2026/texmf-dist/tex/latex/zhnumber/zhnumber-utf8.cfg))
(e:/software/texlive/2026/texmf-dist/tex/latex/ctex/scheme/ctex-scheme-plain.de
f)
(e:/software/texlive/2026/texmf-dist/tex/latex/ctex/fontset/ctex-fontset-window
s.def)) (e:/software/texlive/2026/texmf-dist/tex/latex/ctex/config/ctex.cfg)
(e:/software/texlive/2026/texmf-dist/tex/latex/newtx/newtxmath.sty
`newtxmath' v1.754, 2024/09/22 Math macros based originally on txfonts (msharpe
) (e:/software/texlive/2026/texmf-dist/tex/latex/base/ifthen.sty)
(e:/software/texlive/2026/texmf-dist/tex/latex/xkeyval/xkeyval.sty
(e:/software/texlive/2026/texmf-dist/tex/generic/xkeyval/xkeyval.tex
(e:/software/texlive/2026/texmf-dist/tex/generic/xkeyval/xkvutils.tex)))
(e:/software/texlive/2026/texmf-dist/tex/latex/oberdiek/centernot.sty)
(e:/software/texlive/2026/texmf-dist/tex/generic/kastrup/binhex.tex)
amsthm NOT loaded
) (e:/software/texlive/2026/texmf-dist/tex/latex/esint/esint.sty)
(e:/software/texlive/2026/texmf-dist/tex/latex/biblatex/biblatex.sty
(e:/software/texlive/2026/texmf-dist/tex/latex/logreq/logreq.sty
(e:/software/texlive/2026/texmf-dist/tex/latex/logreq/logreq.def))
(e:/software/texlive/2026/texmf-dist/tex/latex/biblatex/blx-dm.def)
(e:/software/texlive/2026/texmf-dist/tex/latex/biblatex/blx-unicode.def)
(e:/software/texlive/2026/texmf-dist/tex/latex/biblatex/blx-compat.def)
(e:/software/texlive/2026/texmf-dist/tex/latex/biblatex/biblatex.def)
(e:/software/texlive/2026/texmf-dist/tex/latex/biblatex/bbx/numeric.bbx
(e:/software/texlive/2026/texmf-dist/tex/latex/biblatex/bbx/standard.bbx))
(e:/software/texlive/2026/texmf-dist/tex/latex/biblatex/cbx/numeric-comp.cbx)
(e:/software/texlive/2026/texmf-dist/tex/latex/biblatex/biblatex.cfg)
(e:/software/texlive/2026/texmf-dist/tex/latex/biblatex/blx-case-expl3.sty))
(e:/software/texlive/2026/texmf-dist/tex/latex/appendix/appendix.sty)
(e:/software/texlive/2026/texmf-dist/tex/latex/listings/listings.sty
(e:/software/texlive/2026/texmf-dist/tex/latex/listings/lstpatch.sty)
(e:/software/texlive/2026/texmf-dist/tex/latex/listings/lstmisc.sty)
(e:/software/texlive/2026/texmf-dist/tex/latex/listings/listings.cfg))
(e:/software/texlive/2026/texmf-dist/tex/xelatex/xecjk/xeCJK-listings.sty)
==> First Aid for listings.sty no longer applied!
    Expected:
        2024/09/23 1.10c (Carsten Heinz)
    but found:
        2025/11/14 1.11b (Carsten Heinz)
    so I'm assuming it got fixed.
(e:/software/texlive/2026/texmf-dist/tex/latex/listings/lstlang1.sty)
(e:/software/texlive/2026/texmf-dist/tex/latex/listings/lstlang2.sty)
(e:/software/texlive/2026/texmf-dist/tex/latex/listings/lstlang3.sty)
(e:/software/texlive/2026/texmf-dist/tex/latex/listings/lstlang1.sty)
(e:/software/texlive/2026/texmf-dist/tex/latex/listings/lstlang2.sty)
(e:/software/texlive/2026/texmf-dist/tex/latex/listings/lstlang3.sty)
(e:/software/texlive/2026/texmf-dist/tex/latex/listings/lstlang1.sty)
(e:/software/texlive/2026/texmf-dist/tex/latex/listings/lstlang2.sty)
(e:/software/texlive/2026/texmf-dist/tex/latex/listings/lstlang3.sty)
(e:/software/texlive/2026/texmf-dist/tex/latex/listings/lstmisc.sty))
(e:/software/texlive/2026/texmf-dist/tex/latex/float/float.sty)
(e:/software/texlive/2026/texmf-dist/tex/latex/placeins/placeins.sty)
(e:/software/texlive/2026/texmf-dist/tex/latex/tools/array.sty)
(e:/software/texlive/2026/texmf-dist/tex/latex/tools/tabularx.sty)
(e:/software/texlive/2026/texmf-dist/tex/latex/makecell/makecell.sty)
(e:/software/texlive/2026/texmf-dist/tex/latex/threeparttable/threeparttable.st
y) (e:/software/texlive/2026/texmf-dist/tex/latex/siunitx/siunitx.sty
(e:/software/texlive/2026/texmf-dist/tex/latex/translations/translations.sty))
(e:/software/texlive/2026/texmf-dist/tex/latex/xurl/xurl.sty
xurl: Set penalties for biblatex
) (e:/software/texlive/2026/texmf-dist/tex/latex/needspace/needspace.sty)
(e:/software/texlive/2026/texmf-dist/tex/latex/algorithms/algorithm.sty)
(e:/software/texlive/2026/texmf-dist/tex/latex/algorithmicx/algpseudocode.sty
(e:/software/texlive/2026/texmf-dist/tex/latex/algorithmicx/algorithmicx.sty
Document Style algorithmicx 1.2 - a greatly improved `algorithmic' style
)
Document Style - pseudocode environments for use with the `algorithmicx' style
) (./flatten_curve_analysis_cn.aux)
(e:/software/texlive/2026/texmf-dist/tex/latex/newtx/omlntxmi.fd)
(e:/software/texlive/2026/texmf-dist/tex/latex/newtx/untxexa.fd)
(e:/software/texlive/2026/texmf-dist/tex/latex/newtx/lmsntxsy.fd)
(e:/software/texlive/2026/texmf-dist/tex/latex/newtx/lmxntxexx.fd)
(./flatten_curve_analysis_cn.out) (./flatten_curve_analysis_cn.out)
*geometry* driver: auto-detecting
*geometry* detected driver: xetex
(e:/software/texlive/2026/texmf-dist/tex/latex/biblatex/lbx/english.lbx)
(./flatten_curve_analysis_cn.bbl)
(e:/software/texlive/2026/texmf-dist/tex/latex/footmisc/footmisc.sty)
(e:/software/texlive/2026/texmf-dist/tex/latex/translations/translations-basic-
dictionary-english.trsl)
(e:/software/texlive/2026/texmf-dist/tex/latex/newtx/ot1ntxtlf.fd)
(e:/software/texlive/2026/texmf-dist/tex/latex/amsfonts/umsa.fd)
(e:/software/texlive/2026/texmf-dist/tex/latex/amsfonts/umsb.fd)
(e:/software/texlive/2026/texmf-dist/tex/latex/newtx/untxmia.fd)
(e:/software/texlive/2026/texmf-dist/tex/latex/newtx/untxsym.fd)
(e:/software/texlive/2026/texmf-dist/tex/latex/newtx/untxsyc.fd)
(e:/software/texlive/2026/texmf-dist/tex/latex/esint/uesint.fd) [1] [2]
[3] [4] [5] [6] [7] [8] [9] [10] [11] [12] [13] [14] [15] [16] [17] [18]
[19] [20] [21] [22] [23] [24] [25] [26] [27] [28] [29] [30] [31] [32] [33]
[34]
Underfull \hbox (badness 2376) in paragraph at lines 1725--1726
[]\TU/SimSun(0)/m/n/10 累 计 感 染 与 清 零 时 间 条 件 进 一 步 缩 小 了 比 较 范 围。|  累 计 感 染 与 实
 际 成 本 条 件 的 数 值 交 点 约 为
[35] [36] [37] [38] [39] [40] [41] [42] [43] [44] [45] [46] [47]
(./flatten_curve_analysis_cn.aux) )
(see the transcript file for additional information)
Output written on flatten_curve_analysis_cn.pdf (47 pages).
Transcript written on flatten_curve_analysis_cn.log.
