This is XeTeX, Version 3.141592653-2.6-0.999998 (TeX Live 2026) (preloaded format=xelatex)
 restricted \write18 enabled.
entering extended mode
(./flatten_curve_supplement_cn.tex
LaTeX2e <2025-11-01>
L3 programming layer <2026-01-19>
(./elegantpaper.cls
Document Class: elegantpaper 2022/12/31 v0.11 ElegantLaTeX Paper class
(e:/software/texlive/2026/texmf-dist/tex/latex/kvoptions/kvoptions.sty
(e:/software/texlive/2026/texmf-dist/tex/latex/graphics/keyval.sty)
(e:/software/texlive/2026/texmf-dist/tex/generic/ltxcmds/ltxcmds.sty)
(e:/software/texlive/2026/texmf-dist/tex/latex/kvsetkeys/kvsetkeys.sty))
(e:/software/texlive/2026/texmf-dist/tex/latex/etoolbox/etoolbox.sty)
(e:/software/texlive/2026/texmf-dist/tex/latex/tools/calc.sty)
(e:/software/texlive/2026/texmf-dist/tex/latex/base/article.cls
Document Class: article 2025/01/22 v1.4n Standard LaTeX document class
(e:/software/texlive/2026/texmf-dist/tex/latex/base/size10.clo))
(e:/software/texlive/2026/texmf-dist/tex/latex/hyperref/hyperref.sty
(e:/software/texlive/2026/texmf-dist/tex/generic/iftex/iftex.sty)
(e:/software/texlive/2026/texmf-dist/tex/generic/kvdefinekeys/kvdefinekeys.sty)
 (e:/software/texlive/2026/texmf-dist/tex/generic/pdfescape/pdfescape.sty
(e:/software/texlive/2026/texmf-dist/tex/generic/pdftexcmds/pdftexcmds.sty
(e:/software/texlive/2026/texmf-dist/tex/generic/infwarerr/infwarerr.sty)))
(e:/software/texlive/2026/texmf-dist/tex/latex/hycolor/hycolor.sty)
(e:/software/texlive/2026/texmf-dist/tex/latex/hyperref/nameref.sty
(e:/software/texlive/2026/texmf-dist/tex/latex/refcount/refcount.sty)
(e:/software/texlive/2026/texmf-dist/tex/generic/gettitlestring/gettitlestring.
sty)) (e:/software/texlive/2026/texmf-dist/tex/generic/stringenc/stringenc.sty)
(e:/software/texlive/2026/texmf-dist/tex/latex/hyperref/pd1enc.def)
(e:/software/texlive/2026/texmf-dist/tex/generic/intcalc/intcalc.sty)
(e:/software/texlive/2026/texmf-dist/tex/latex/hyperref/puenc.def)
(e:/software/texlive/2026/texmf-dist/tex/latex/url/url.sty)
(e:/software/texlive/2026/texmf-dist/tex/generic/bitset/bitset.sty
(e:/software/texlive/2026/texmf-dist/tex/generic/bigintcalc/bigintcalc.sty)))
(e:/software/texlive/2026/texmf-dist/tex/latex/hyperref/hxetex.def
(e:/software/texlive/2026/texmf-dist/tex/latex/rerunfilecheck/rerunfilecheck.st
y
(e:/software/texlive/2026/texmf-dist/tex/generic/uniquecounter/uniquecounter.st
y))) (e:/software/texlive/2026/texmf-dist/tex/latex/geometry/geometry.sty
(e:/software/texlive/2026/texmf-dist/tex/generic/iftex/ifvtex.sty))
(e:/software/texlive/2026/texmf-dist/tex/latex/amsmath/amsmath.sty
For additional information on amsmath, use the `?' option.
(e:/software/texlive/2026/texmf-dist/tex/latex/amsmath/amstext.sty
(e:/software/texlive/2026/texmf-dist/tex/latex/amsmath/amsgen.sty))
(e:/software/texlive/2026/texmf-dist/tex/latex/amsmath/amsbsy.sty)
(e:/software/texlive/2026/texmf-dist/tex/latex/amsmath/amsopn.sty))
(e:/software/texlive/2026/texmf-dist/tex/latex/amscls/amsthm.sty)
(e:/software/texlive/2026/texmf-dist/tex/latex/amsfonts/amssymb.sty
(e:/software/texlive/2026/texmf-dist/tex/latex/amsfonts/amsfonts.sty))
(e:/software/texlive/2026/texmf-dist/tex/latex/tools/indentfirst.sty)
(e:/software/texlive/2026/texmf-dist/tex/latex/booktabs/booktabs.sty)
(e:/software/texlive/2026/texmf-dist/tex/latex/tools/multicol.sty)
(e:/software/texlive/2026/texmf-dist/tex/latex/multirow/multirow.sty)
(e:/software/texlive/2026/texmf-dist/tex/latex/xcolor/xcolor.sty
(e:/software/texlive/2026/texmf-dist/tex/latex/graphics-cfg/color.cfg)
(e:/software/texlive/2026/texmf-dist/tex/latex/graphics-def/xetex.def)
(e:/software/texlive/2026/texmf-dist/tex/latex/graphics/mathcolor.ltx))
(e:/software/texlive/2026/texmf-dist/tex/latex/graphics/graphicx.sty
(e:/software/texlive/2026/texmf-dist/tex/latex/graphics/graphics.sty
(e:/software/texlive/2026/texmf-dist/tex/latex/graphics/trig.sty)
(e:/software/texlive/2026/texmf-dist/tex/latex/graphics-cfg/graphics.cfg)))
(e:/software/texlive/2026/texmf-dist/tex/latex/fancyvrb/fancyvrb.sty)
(e:/software/texlive/2026/texmf-dist/tex/latex/abstract/abstract.sty)
(e:/software/texlive/2026/texmf-dist/tex/generic/hologo/hologo.sty)
(e:/software/texlive/2026/texmf-dist/tex/latex/caption/caption.sty
(e:/software/texlive/2026/texmf-dist/tex/latex/caption/caption3.sty))
(e:/software/texlive/2026/texmf-dist/tex/latex/enumitem/enumitem.sty)
(e:/software/texlive/2026/texmf-dist/tex/latex/fontspec/fontspec.sty
(e:/software/texlive/2026/texmf-dist/tex/latex/l3packages/xparse/xparse.sty
(e:/software/texlive/2026/texmf-dist/tex/latex/l3kernel/expl3.sty
(e:/software/texlive/2026/texmf-dist/tex/latex/l3backend/l3backend-xetex.def)))
(e:/software/texlive/2026/texmf-dist/tex/latex/fontspec/fontspec-xetex.sty
(e:/software/texlive/2026/texmf-dist/tex/latex/base/fontenc.sty)
(e:/software/texlive/2026/texmf-dist/tex/latex/fontspec/fontspec.cfg)))
(e:/software/texlive/2026/texmf-dist/tex/latex/ctex/ctex.sty
(e:/software/texlive/2026/texmf-dist/tex/latex/ctex/ctexhook.sty)
(e:/software/texlive/2026/texmf-dist/tex/latex/ctex/ctexpatch.sty)
(e:/software/texlive/2026/texmf-dist/tex/latex/base/fix-cm.sty
(e:/software/texlive/2026/texmf-dist/tex/latex/base/ts1enc.def))
(e:/software/texlive/2026/texmf-dist/tex/latex/ctex/config/ctexopts.cfg)
(e:/software/texlive/2026/texmf-dist/tex/latex/ctex/engine/ctex-engine-xetex.de
f (e:/software/texlive/2026/texmf-dist/tex/xelatex/xecjk/xeCJK.sty
(e:/software/texlive/2026/texmf-dist/tex/latex/l3packages/xtemplate/xtemplate.s
ty) (e:/software/texlive/2026/texmf-dist/tex/xelatex/xecjk/xeCJK.cfg)))
(e:/software/texlive/2026/texmf-dist/tex/latex/zhnumber/zhnumber.sty
(e:/software/texlive/2026/texmf-dist/tex/latex/zhnumber/zhnumber-utf8.cfg))
(e:/software/texlive/2026/texmf-dist/tex/latex/ctex/scheme/ctex-scheme-plain.de
f)
(e:/software/texlive/2026/texmf-dist/tex/latex/ctex/fontset/ctex-fontset-window
s.def)) (e:/software/texlive/2026/texmf-dist/tex/latex/ctex/config/ctex.cfg)
(e:/software/texlive/2026/texmf-dist/tex/latex/newtx/newtxmath.sty
`newtxmath' v1.754, 2024/09/22 Math macros based originally on txfonts (msharpe
) (e:/software/texlive/2026/texmf-dist/tex/latex/base/ifthen.sty)
(e:/software/texlive/2026/texmf-dist/tex/latex/xkeyval/xkeyval.sty
(e:/software/texlive/2026/texmf-dist/tex/generic/xkeyval/xkeyval.tex
(e:/software/texlive/2026/texmf-dist/tex/generic/xkeyval/xkvutils.tex)))
(e:/software/texlive/2026/texmf-dist/tex/latex/oberdiek/centernot.sty)
(e:/software/texlive/2026/texmf-dist/tex/generic/kastrup/binhex.tex)
amsthm NOT loaded
) (e:/software/texlive/2026/texmf-dist/tex/latex/esint/esint.sty)
(e:/software/texlive/2026/texmf-dist/tex/latex/biblatex/biblatex.sty
(e:/software/texlive/2026/texmf-dist/tex/latex/logreq/logreq.sty
(e:/software/texlive/2026/texmf-dist/tex/latex/logreq/logreq.def))
(e:/software/texlive/2026/texmf-dist/tex/latex/biblatex/blx-dm.def)
(e:/software/texlive/2026/texmf-dist/tex/latex/biblatex/blx-unicode.def)
(e:/software/texlive/2026/texmf-dist/tex/latex/biblatex/blx-compat.def)
(e:/software/texlive/2026/texmf-dist/tex/latex/biblatex/biblatex.def)
(e:/software/texlive/2026/texmf-dist/tex/latex/biblatex/bbx/numeric.bbx
(e:/software/texlive/2026/texmf-dist/tex/latex/biblatex/bbx/standard.bbx))
(e:/software/texlive/2026/texmf-dist/tex/latex/biblatex/cbx/numeric-comp.cbx)
(e:/software/texlive/2026/texmf-dist/tex/latex/biblatex/biblatex.cfg)
(e:/software/texlive/2026/texmf-dist/tex/latex/biblatex/blx-case-expl3.sty))
(e:/software/texlive/2026/texmf-dist/tex/latex/appendix/appendix.sty)
(e:/software/texlive/2026/texmf-dist/tex/latex/listings/listings.sty
(e:/software/texlive/2026/texmf-dist/tex/latex/listings/lstpatch.sty)
(e:/software/texlive/2026/texmf-dist/tex/latex/listings/lstmisc.sty)
(e:/software/texlive/2026/texmf-dist/tex/latex/listings/listings.cfg))
(e:/software/texlive/2026/texmf-dist/tex/xelatex/xecjk/xeCJK-listings.sty)
==> First Aid for listings.sty no longer applied!
    Expected:
        2024/09/23 1.10c (Carsten Heinz)
    but found:
        2025/11/14 1.11b (Carsten Heinz)
    so I'm assuming it got fixed.
(e:/software/texlive/2026/texmf-dist/tex/latex/listings/lstlang1.sty)
(e:/software/texlive/2026/texmf-dist/tex/latex/listings/lstlang2.sty)
(e:/software/texlive/2026/texmf-dist/tex/latex/listings/lstlang3.sty)
(e:/software/texlive/2026/texmf-dist/tex/latex/listings/lstlang1.sty)
(e:/software/texlive/2026/texmf-dist/tex/latex/listings/lstlang2.sty)
(e:/software/texlive/2026/texmf-dist/tex/latex/listings/lstlang3.sty)
(e:/software/texlive/2026/texmf-dist/tex/latex/listings/lstlang1.sty)
(e:/software/texlive/2026/texmf-dist/tex/latex/listings/lstlang2.sty)
(e:/software/texlive/2026/texmf-dist/tex/latex/listings/lstlang3.sty)
(e:/software/texlive/2026/texmf-dist/tex/latex/listings/lstmisc.sty))
(e:/software/texlive/2026/texmf-dist/tex/latex/tools/array.sty)
(e:/software/texlive/2026/texmf-dist/tex/latex/tools/tabularx.sty)
(e:/software/texlive/2026/texmf-dist/tex/latex/makecell/makecell.sty)
(e:/software/texlive/2026/texmf-dist/tex/latex/threeparttable/threeparttable.st
y) (e:/software/texlive/2026/texmf-dist/tex/latex/siunitx/siunitx.sty
(e:/software/texlive/2026/texmf-dist/tex/latex/translations/translations.sty))
(e:/software/texlive/2026/texmf-dist/tex/latex/xurl/xurl.sty
xurl: Set penalties for biblatex
)
No file flatten_curve_supplement_cn.aux.
(e:/software/texlive/2026/texmf-dist/tex/latex/newtx/omlntxmi.fd)
(e:/software/texlive/2026/texmf-dist/tex/latex/newtx/untxexa.fd)
(e:/software/texlive/2026/texmf-dist/tex/latex/newtx/lmsntxsy.fd)
(e:/software/texlive/2026/texmf-dist/tex/latex/newtx/lmxntxexx.fd)

Package hyperref Warning: Rerun to get /PageLabels entry.

*geometry* driver: auto-detecting
*geometry* detected driver: xetex
(e:/software/texlive/2026/texmf-dist/tex/latex/biblatex/lbx/english.lbx)
No file flatten_curve_supplement_cn.bbl.
(e:/software/texlive/2026/texmf-dist/tex/latex/footmisc/footmisc.sty)
(e:/software/texlive/2026/texmf-dist/tex/latex/translations/translations-basic-
dictionary-english.trsl)
(e:/software/texlive/2026/texmf-dist/tex/latex/newtx/ot1ntxtlf.fd)
(e:/software/texlive/2026/texmf-dist/tex/latex/amsfonts/umsa.fd)
(e:/software/texlive/2026/texmf-dist/tex/latex/amsfonts/umsb.fd)
(e:/software/texlive/2026/texmf-dist/tex/latex/newtx/untxmia.fd)
(e:/software/texlive/2026/texmf-dist/tex/latex/newtx/untxsym.fd)
(e:/software/texlive/2026/texmf-dist/tex/latex/newtx/untxsyc.fd)
(e:/software/texlive/2026/texmf-dist/tex/latex/esint/uesint.fd) [1] [2]
[3]

LaTeX Warning: Citation 'Baas2021Occupancy' on page 4 undefined on input line 1
24.


LaTeX Warning: Citation 'XianStat2021' on page 4 undefined on input line 149.


LaTeX Warning: Citation 'Chen2021ICUForecast' on page 4 undefined on input line
 151.


LaTeX Warning: Citation 'Angulo2021' on page 4 undefined on input line 151.


LaTeX Warning: Citation 'Pung2023Undetected' on page 4 undefined on input line 
163.


LaTeX Warning: Reference `sec:sup:medical-link' on page 4 undefined on input li
ne 163.

[4]

LaTeX Warning: Empty bibliography on input line 165.

[5] (./flatten_curve_supplement_cn.aux)

LaTeX Warning: There were undefined references.


LaTeX Warning: Label(s) may have changed. Rerun to get cross-references right.


Package rerunfilecheck Warning: File `flatten_curve_supplement_cn.out' has chan
ged.
(rerunfilecheck)                Rerun to get outlines right
(rerunfilecheck)                or use package `bookmark'.


Package biblatex Warning: Please (re)run Biber on the file:
(biblatex)                flatten_curve_supplement_cn
(biblatex)                and rerun LaTeX afterwards.

 )
Output written on flatten_curve_supplement_cn.pdf (5 pages).
Transcript written on flatten_curve_supplement_cn.log.
perl: warning: Setting locale failed.
perl: warning: Please check that your locale settings:
	LC_ALL = "C.UTF-8",
	LC_CTYPE = "C.UTF-8",
	LANG = "C.UTF-8"
    are supported and installed on your system.
perl: warning: Falling back to the standard locale ("C").
INFO - This is Biber 2.21
INFO - Logfile is 'flatten_curve_supplement_cn.blg'
INFO - Reading 'flatten_curve_supplement_cn.bcf'
INFO - Found 5 citekeys in bib section 0
INFO - Processing section 0
INFO - Looking for bibtex file 'references.bib' for section 0
INFO - LaTeX decoding ...
INFO - Found BibTeX data source 'references.bib'
INFO - Overriding locale 'en-US' defaults 'normalization = NFD' with 'normalization = prenormalized'
INFO - Overriding locale 'en-US' defaults 'variable = shifted' with 'variable = non-ignorable'
INFO - Sorting list 'nty/global//global/global/global' of type 'entry' with template 'nty' and locale 'en-US'
INFO - No sort tailoring available for locale 'en-US'
INFO - Writing 'flatten_curve_supplement_cn.bbl' with encoding 'UTF-8'
INFO - Output to flatten_curve_supplement_cn.bbl
This is XeTeX, Version 3.141592653-2.6-0.999998 (TeX Live 2026) (preloaded format=xelatex)
 restricted \write18 enabled.
entering extended mode
(./flatten_curve_supplement_cn.tex
LaTeX2e <2025-11-01>
L3 programming layer <2026-01-19>
(./elegantpaper.cls
Document Class: elegantpaper 2022/12/31 v0.11 ElegantLaTeX Paper class
(e:/software/texlive/2026/texmf-dist/tex/latex/kvoptions/kvoptions.sty
(e:/software/texlive/2026/texmf-dist/tex/latex/graphics/keyval.sty)
(e:/software/texlive/2026/texmf-dist/tex/generic/ltxcmds/ltxcmds.sty)
(e:/software/texlive/2026/texmf-dist/tex/latex/kvsetkeys/kvsetkeys.sty))
(e:/software/texlive/2026/texmf-dist/tex/latex/etoolbox/etoolbox.sty)
(e:/software/texlive/2026/texmf-dist/tex/latex/tools/calc.sty)
(e:/software/texlive/2026/texmf-dist/tex/latex/base/article.cls
Document Class: article 2025/01/22 v1.4n Standard LaTeX document class
(e:/software/texlive/2026/texmf-dist/tex/latex/base/size10.clo))
(e:/software/texlive/2026/texmf-dist/tex/latex/hyperref/hyperref.sty
(e:/software/texlive/2026/texmf-dist/tex/generic/iftex/iftex.sty)
(e:/software/texlive/2026/texmf-dist/tex/generic/kvdefinekeys/kvdefinekeys.sty)
 (e:/software/texlive/2026/texmf-dist/tex/generic/pdfescape/pdfescape.sty
(e:/software/texlive/2026/texmf-dist/tex/generic/pdftexcmds/pdftexcmds.sty
(e:/software/texlive/2026/texmf-dist/tex/generic/infwarerr/infwarerr.sty)))
(e:/software/texlive/2026/texmf-dist/tex/latex/hycolor/hycolor.sty)
(e:/software/texlive/2026/texmf-dist/tex/latex/hyperref/nameref.sty
(e:/software/texlive/2026/texmf-dist/tex/latex/refcount/refcount.sty)
(e:/software/texlive/2026/texmf-dist/tex/generic/gettitlestring/gettitlestring.
sty)) (e:/software/texlive/2026/texmf-dist/tex/generic/stringenc/stringenc.sty)
(e:/software/texlive/2026/texmf-dist/tex/latex/hyperref/pd1enc.def)
(e:/software/texlive/2026/texmf-dist/tex/generic/intcalc/intcalc.sty)
(e:/software/texlive/2026/texmf-dist/tex/latex/hyperref/puenc.def)
(e:/software/texlive/2026/texmf-dist/tex/latex/url/url.sty)
(e:/software/texlive/2026/texmf-dist/tex/generic/bitset/bitset.sty
(e:/software/texlive/2026/texmf-dist/tex/generic/bigintcalc/bigintcalc.sty)))
(e:/software/texlive/2026/texmf-dist/tex/latex/hyperref/hxetex.def
(e:/software/texlive/2026/texmf-dist/tex/latex/rerunfilecheck/rerunfilecheck.st
y
(e:/software/texlive/2026/texmf-dist/tex/generic/uniquecounter/uniquecounter.st
y))) (e:/software/texlive/2026/texmf-dist/tex/latex/geometry/geometry.sty
(e:/software/texlive/2026/texmf-dist/tex/generic/iftex/ifvtex.sty))
(e:/software/texlive/2026/texmf-dist/tex/latex/amsmath/amsmath.sty
For additional information on amsmath, use the `?' option.
(e:/software/texlive/2026/texmf-dist/tex/latex/amsmath/amstext.sty
(e:/software/texlive/2026/texmf-dist/tex/latex/amsmath/amsgen.sty))
(e:/software/texlive/2026/texmf-dist/tex/latex/amsmath/amsbsy.sty)
(e:/software/texlive/2026/texmf-dist/tex/latex/amsmath/amsopn.sty))
(e:/software/texlive/2026/texmf-dist/tex/latex/amscls/amsthm.sty)
(e:/software/texlive/2026/texmf-dist/tex/latex/amsfonts/amssymb.sty
(e:/software/texlive/2026/texmf-dist/tex/latex/amsfonts/amsfonts.sty))
(e:/software/texlive/2026/texmf-dist/tex/latex/tools/indentfirst.sty)
(e:/software/texlive/2026/texmf-dist/tex/latex/booktabs/booktabs.sty)
(e:/software/texlive/2026/texmf-dist/tex/latex/tools/multicol.sty)
(e:/software/texlive/2026/texmf-dist/tex/latex/multirow/multirow.sty)
(e:/software/texlive/2026/texmf-dist/tex/latex/xcolor/xcolor.sty
(e:/software/texlive/2026/texmf-dist/tex/latex/graphics-cfg/color.cfg)
(e:/software/texlive/2026/texmf-dist/tex/latex/graphics-def/xetex.def)
(e:/software/texlive/2026/texmf-dist/tex/latex/graphics/mathcolor.ltx))
(e:/software/texlive/2026/texmf-dist/tex/latex/graphics/graphicx.sty
(e:/software/texlive/2026/texmf-dist/tex/latex/graphics/graphics.sty
(e:/software/texlive/2026/texmf-dist/tex/latex/graphics/trig.sty)
(e:/software/texlive/2026/texmf-dist/tex/latex/graphics-cfg/graphics.cfg)))
(e:/software/texlive/2026/texmf-dist/tex/latex/fancyvrb/fancyvrb.sty)
(e:/software/texlive/2026/texmf-dist/tex/latex/abstract/abstract.sty)
(e:/software/texlive/2026/texmf-dist/tex/generic/hologo/hologo.sty)
(e:/software/texlive/2026/texmf-dist/tex/latex/caption/caption.sty
(e:/software/texlive/2026/texmf-dist/tex/latex/caption/caption3.sty))
(e:/software/texlive/2026/texmf-dist/tex/latex/enumitem/enumitem.sty)
(e:/software/texlive/2026/texmf-dist/tex/latex/fontspec/fontspec.sty
(e:/software/texlive/2026/texmf-dist/tex/latex/l3packages/xparse/xparse.sty
(e:/software/texlive/2026/texmf-dist/tex/latex/l3kernel/expl3.sty
(e:/software/texlive/2026/texmf-dist/tex/latex/l3backend/l3backend-xetex.def)))
(e:/software/texlive/2026/texmf-dist/tex/latex/fontspec/fontspec-xetex.sty
(e:/software/texlive/2026/texmf-dist/tex/latex/base/fontenc.sty)
(e:/software/texlive/2026/texmf-dist/tex/latex/fontspec/fontspec.cfg)))
(e:/software/texlive/2026/texmf-dist/tex/latex/ctex/ctex.sty
(e:/software/texlive/2026/texmf-dist/tex/latex/ctex/ctexhook.sty)
(e:/software/texlive/2026/texmf-dist/tex/latex/ctex/ctexpatch.sty)
(e:/software/texlive/2026/texmf-dist/tex/latex/base/fix-cm.sty
(e:/software/texlive/2026/texmf-dist/tex/latex/base/ts1enc.def))
(e:/software/texlive/2026/texmf-dist/tex/latex/ctex/config/ctexopts.cfg)
(e:/software/texlive/2026/texmf-dist/tex/latex/ctex/engine/ctex-engine-xetex.de
f (e:/software/texlive/2026/texmf-dist/tex/xelatex/xecjk/xeCJK.sty
(e:/software/texlive/2026/texmf-dist/tex/latex/l3packages/xtemplate/xtemplate.s
ty) (e:/software/texlive/2026/texmf-dist/tex/xelatex/xecjk/xeCJK.cfg)))
(e:/software/texlive/2026/texmf-dist/tex/latex/zhnumber/zhnumber.sty
(e:/software/texlive/2026/texmf-dist/tex/latex/zhnumber/zhnumber-utf8.cfg))
(e:/software/texlive/2026/texmf-dist/tex/latex/ctex/scheme/ctex-scheme-plain.de
f)
(e:/software/texlive/2026/texmf-dist/tex/latex/ctex/fontset/ctex-fontset-window
s.def)) (e:/software/texlive/2026/texmf-dist/tex/latex/ctex/config/ctex.cfg)
(e:/software/texlive/2026/texmf-dist/tex/latex/newtx/newtxmath.sty
`newtxmath' v1.754, 2024/09/22 Math macros based originally on txfonts (msharpe
) (e:/software/texlive/2026/texmf-dist/tex/latex/base/ifthen.sty)
(e:/software/texlive/2026/texmf-dist/tex/latex/xkeyval/xkeyval.sty
(e:/software/texlive/2026/texmf-dist/tex/generic/xkeyval/xkeyval.tex
(e:/software/texlive/2026/texmf-dist/tex/generic/xkeyval/xkvutils.tex)))
(e:/software/texlive/2026/texmf-dist/tex/latex/oberdiek/centernot.sty)
(e:/software/texlive/2026/texmf-dist/tex/generic/kastrup/binhex.tex)
amsthm NOT loaded
) (e:/software/texlive/2026/texmf-dist/tex/latex/esint/esint.sty)
(e:/software/texlive/2026/texmf-dist/tex/latex/biblatex/biblatex.sty
(e:/software/texlive/2026/texmf-dist/tex/latex/logreq/logreq.sty
(e:/software/texlive/2026/texmf-dist/tex/latex/logreq/logreq.def))
(e:/software/texlive/2026/texmf-dist/tex/latex/biblatex/blx-dm.def)
(e:/software/texlive/2026/texmf-dist/tex/latex/biblatex/blx-unicode.def)
(e:/software/texlive/2026/texmf-dist/tex/latex/biblatex/blx-compat.def)
(e:/software/texlive/2026/texmf-dist/tex/latex/biblatex/biblatex.def)
(e:/software/texlive/2026/texmf-dist/tex/latex/biblatex/bbx/numeric.bbx
(e:/software/texlive/2026/texmf-dist/tex/latex/biblatex/bbx/standard.bbx))
(e:/software/texlive/2026/texmf-dist/tex/latex/biblatex/cbx/numeric-comp.cbx)
(e:/software/texlive/2026/texmf-dist/tex/latex/biblatex/biblatex.cfg)
(e:/software/texlive/2026/texmf-dist/tex/latex/biblatex/blx-case-expl3.sty))
(e:/software/texlive/2026/texmf-dist/tex/latex/appendix/appendix.sty)
(e:/software/texlive/2026/texmf-dist/tex/latex/listings/listings.sty
(e:/software/texlive/2026/texmf-dist/tex/latex/listings/lstpatch.sty)
(e:/software/texlive/2026/texmf-dist/tex/latex/listings/lstmisc.sty)
(e:/software/texlive/2026/texmf-dist/tex/latex/listings/listings.cfg))
(e:/software/texlive/2026/texmf-dist/tex/xelatex/xecjk/xeCJK-listings.sty)
==> First Aid for listings.sty no longer applied!
    Expected:
        2024/09/23 1.10c (Carsten Heinz)
    but found:
        2025/11/14 1.11b (Carsten Heinz)
    so I'm assuming it got fixed.
(e:/software/texlive/2026/texmf-dist/tex/latex/listings/lstlang1.sty)
(e:/software/texlive/2026/texmf-dist/tex/latex/listings/lstlang2.sty)
(e:/software/texlive/2026/texmf-dist/tex/latex/listings/lstlang3.sty)
(e:/software/texlive/2026/texmf-dist/tex/latex/listings/lstlang1.sty)
(e:/software/texlive/2026/texmf-dist/tex/latex/listings/lstlang2.sty)
(e:/software/texlive/2026/texmf-dist/tex/latex/listings/lstlang3.sty)
(e:/software/texlive/2026/texmf-dist/tex/latex/listings/lstlang1.sty)
(e:/software/texlive/2026/texmf-dist/tex/latex/listings/lstlang2.sty)
(e:/software/texlive/2026/texmf-dist/tex/latex/listings/lstlang3.sty)
(e:/software/texlive/2026/texmf-dist/tex/latex/listings/lstmisc.sty))
(e:/software/texlive/2026/texmf-dist/tex/latex/tools/array.sty)
(e:/software/texlive/2026/texmf-dist/tex/latex/tools/tabularx.sty)
(e:/software/texlive/2026/texmf-dist/tex/latex/makecell/makecell.sty)
(e:/software/texlive/2026/texmf-dist/tex/latex/threeparttable/threeparttable.st
y) (e:/software/texlive/2026/texmf-dist/tex/latex/siunitx/siunitx.sty
(e:/software/texlive/2026/texmf-dist/tex/latex/translations/translations.sty))
(e:/software/texlive/2026/texmf-dist/tex/latex/xurl/xurl.sty
xurl: Set penalties for biblatex
) (./flatten_curve_supplement_cn.aux)
(e:/software/texlive/2026/texmf-dist/tex/latex/newtx/omlntxmi.fd)
(e:/software/texlive/2026/texmf-dist/tex/latex/newtx/untxexa.fd)
(e:/software/texlive/2026/texmf-dist/tex/latex/newtx/lmsntxsy.fd)
(e:/software/texlive/2026/texmf-dist/tex/latex/newtx/lmxntxexx.fd)
(./flatten_curve_supplement_cn.out) (./flatten_curve_supplement_cn.out)
*geometry* driver: auto-detecting
*geometry* detected driver: xetex
(e:/software/texlive/2026/texmf-dist/tex/latex/biblatex/lbx/english.lbx)
(./flatten_curve_supplement_cn.bbl)
(e:/software/texlive/2026/texmf-dist/tex/latex/footmisc/footmisc.sty)
(e:/software/texlive/2026/texmf-dist/tex/latex/translations/translations-basic-
dictionary-english.trsl)
(e:/software/texlive/2026/texmf-dist/tex/latex/newtx/ot1ntxtlf.fd)
(e:/software/texlive/2026/texmf-dist/tex/latex/amsfonts/umsa.fd)
(e:/software/texlive/2026/texmf-dist/tex/latex/amsfonts/umsb.fd)
(e:/software/texlive/2026/texmf-dist/tex/latex/newtx/untxmia.fd)
(e:/software/texlive/2026/texmf-dist/tex/latex/newtx/untxsym.fd)
(e:/software/texlive/2026/texmf-dist/tex/latex/newtx/untxsyc.fd)
(e:/software/texlive/2026/texmf-dist/tex/latex/esint/uesint.fd) [1] [2]
[3] [4] [5] (./flatten_curve_supplement_cn.aux)

LaTeX Warning: There were undefined references.


Package biblatex Warning: Please rerun LaTeX.

 )
Output written on flatten_curve_supplement_cn.pdf (5 pages).
Transcript written on flatten_curve_supplement_cn.log.
This is XeTeX, Version 3.141592653-2.6-0.999998 (TeX Live 2026) (preloaded format=xelatex)
 restricted \write18 enabled.
entering extended mode
(./flatten_curve_supplement_cn.tex
LaTeX2e <2025-11-01>
L3 programming layer <2026-01-19>
(./elegantpaper.cls
Document Class: elegantpaper 2022/12/31 v0.11 ElegantLaTeX Paper class
(e:/software/texlive/2026/texmf-dist/tex/latex/kvoptions/kvoptions.sty
(e:/software/texlive/2026/texmf-dist/tex/latex/graphics/keyval.sty)
(e:/software/texlive/2026/texmf-dist/tex/generic/ltxcmds/ltxcmds.sty)
(e:/software/texlive/2026/texmf-dist/tex/latex/kvsetkeys/kvsetkeys.sty))
(e:/software/texlive/2026/texmf-dist/tex/latex/etoolbox/etoolbox.sty)
(e:/software/texlive/2026/texmf-dist/tex/latex/tools/calc.sty)
(e:/software/texlive/2026/texmf-dist/tex/latex/base/article.cls
Document Class: article 2025/01/22 v1.4n Standard LaTeX document class
(e:/software/texlive/2026/texmf-dist/tex/latex/base/size10.clo))
(e:/software/texlive/2026/texmf-dist/tex/latex/hyperref/hyperref.sty
(e:/software/texlive/2026/texmf-dist/tex/generic/iftex/iftex.sty)
(e:/software/texlive/2026/texmf-dist/tex/generic/kvdefinekeys/kvdefinekeys.sty)
 (e:/software/texlive/2026/texmf-dist/tex/generic/pdfescape/pdfescape.sty
(e:/software/texlive/2026/texmf-dist/tex/generic/pdftexcmds/pdftexcmds.sty
(e:/software/texlive/2026/texmf-dist/tex/generic/infwarerr/infwarerr.sty)))
(e:/software/texlive/2026/texmf-dist/tex/latex/hycolor/hycolor.sty)
(e:/software/texlive/2026/texmf-dist/tex/latex/hyperref/nameref.sty
(e:/software/texlive/2026/texmf-dist/tex/latex/refcount/refcount.sty)
(e:/software/texlive/2026/texmf-dist/tex/generic/gettitlestring/gettitlestring.
sty)) (e:/software/texlive/2026/texmf-dist/tex/generic/stringenc/stringenc.sty)
(e:/software/texlive/2026/texmf-dist/tex/latex/hyperref/pd1enc.def)
(e:/software/texlive/2026/texmf-dist/tex/generic/intcalc/intcalc.sty)
(e:/software/texlive/2026/texmf-dist/tex/latex/hyperref/puenc.def)
(e:/software/texlive/2026/texmf-dist/tex/latex/url/url.sty)
(e:/software/texlive/2026/texmf-dist/tex/generic/bitset/bitset.sty
(e:/software/texlive/2026/texmf-dist/tex/generic/bigintcalc/bigintcalc.sty)))
(e:/software/texlive/2026/texmf-dist/tex/latex/hyperref/hxetex.def
(e:/software/texlive/2026/texmf-dist/tex/latex/rerunfilecheck/rerunfilecheck.st
y
(e:/software/texlive/2026/texmf-dist/tex/generic/uniquecounter/uniquecounter.st
y))) (e:/software/texlive/2026/texmf-dist/tex/latex/geometry/geometry.sty
(e:/software/texlive/2026/texmf-dist/tex/generic/iftex/ifvtex.sty))
(e:/software/texlive/2026/texmf-dist/tex/latex/amsmath/amsmath.sty
For additional information on amsmath, use the `?' option.
(e:/software/texlive/2026/texmf-dist/tex/latex/amsmath/amstext.sty
(e:/software/texlive/2026/texmf-dist/tex/latex/amsmath/amsgen.sty))
(e:/software/texlive/2026/texmf-dist/tex/latex/amsmath/amsbsy.sty)
(e:/software/texlive/2026/texmf-dist/tex/latex/amsmath/amsopn.sty))
(e:/software/texlive/2026/texmf-dist/tex/latex/amscls/amsthm.sty)
(e:/software/texlive/2026/texmf-dist/tex/latex/amsfonts/amssymb.sty
(e:/software/texlive/2026/texmf-dist/tex/latex/amsfonts/amsfonts.sty))
(e:/software/texlive/2026/texmf-dist/tex/latex/tools/indentfirst.sty)
(e:/software/texlive/2026/texmf-dist/tex/latex/booktabs/booktabs.sty)
(e:/software/texlive/2026/texmf-dist/tex/latex/tools/multicol.sty)
(e:/software/texlive/2026/texmf-dist/tex/latex/multirow/multirow.sty)
(e:/software/texlive/2026/texmf-dist/tex/latex/xcolor/xcolor.sty
(e:/software/texlive/2026/texmf-dist/tex/latex/graphics-cfg/color.cfg)
(e:/software/texlive/2026/texmf-dist/tex/latex/graphics-def/xetex.def)
(e:/software/texlive/2026/texmf-dist/tex/latex/graphics/mathcolor.ltx))
(e:/software/texlive/2026/texmf-dist/tex/latex/graphics/graphicx.sty
(e:/software/texlive/2026/texmf-dist/tex/latex/graphics/graphics.sty
(e:/software/texlive/2026/texmf-dist/tex/latex/graphics/trig.sty)
(e:/software/texlive/2026/texmf-dist/tex/latex/graphics-cfg/graphics.cfg)))
(e:/software/texlive/2026/texmf-dist/tex/latex/fancyvrb/fancyvrb.sty)
(e:/software/texlive/2026/texmf-dist/tex/latex/abstract/abstract.sty)
(e:/software/texlive/2026/texmf-dist/tex/generic/hologo/hologo.sty)
(e:/software/texlive/2026/texmf-dist/tex/latex/caption/caption.sty
(e:/software/texlive/2026/texmf-dist/tex/latex/caption/caption3.sty))
(e:/software/texlive/2026/texmf-dist/tex/latex/enumitem/enumitem.sty)
(e:/software/texlive/2026/texmf-dist/tex/latex/fontspec/fontspec.sty
(e:/software/texlive/2026/texmf-dist/tex/latex/l3packages/xparse/xparse.sty
(e:/software/texlive/2026/texmf-dist/tex/latex/l3kernel/expl3.sty
(e:/software/texlive/2026/texmf-dist/tex/latex/l3backend/l3backend-xetex.def)))
(e:/software/texlive/2026/texmf-dist/tex/latex/fontspec/fontspec-xetex.sty
(e:/software/texlive/2026/texmf-dist/tex/latex/base/fontenc.sty)
(e:/software/texlive/2026/texmf-dist/tex/latex/fontspec/fontspec.cfg)))
(e:/software/texlive/2026/texmf-dist/tex/latex/ctex/ctex.sty
(e:/software/texlive/2026/texmf-dist/tex/latex/ctex/ctexhook.sty)
(e:/software/texlive/2026/texmf-dist/tex/latex/ctex/ctexpatch.sty)
(e:/software/texlive/2026/texmf-dist/tex/latex/base/fix-cm.sty
(e:/software/texlive/2026/texmf-dist/tex/latex/base/ts1enc.def))
(e:/software/texlive/2026/texmf-dist/tex/latex/ctex/config/ctexopts.cfg)
(e:/software/texlive/2026/texmf-dist/tex/latex/ctex/engine/ctex-engine-xetex.de
f (e:/software/texlive/2026/texmf-dist/tex/xelatex/xecjk/xeCJK.sty
(e:/software/texlive/2026/texmf-dist/tex/latex/l3packages/xtemplate/xtemplate.s
ty) (e:/software/texlive/2026/texmf-dist/tex/xelatex/xecjk/xeCJK.cfg)))
(e:/software/texlive/2026/texmf-dist/tex/latex/zhnumber/zhnumber.sty
(e:/software/texlive/2026/texmf-dist/tex/latex/zhnumber/zhnumber-utf8.cfg))
(e:/software/texlive/2026/texmf-dist/tex/latex/ctex/scheme/ctex-scheme-plain.de
f)
(e:/software/texlive/2026/texmf-dist/tex/latex/ctex/fontset/ctex-fontset-window
s.def)) (e:/software/texlive/2026/texmf-dist/tex/latex/ctex/config/ctex.cfg)
(e:/software/texlive/2026/texmf-dist/tex/latex/newtx/newtxmath.sty
`newtxmath' v1.754, 2024/09/22 Math macros based originally on txfonts (msharpe
) (e:/software/texlive/2026/texmf-dist/tex/latex/base/ifthen.sty)
(e:/software/texlive/2026/texmf-dist/tex/latex/xkeyval/xkeyval.sty
(e:/software/texlive/2026/texmf-dist/tex/generic/xkeyval/xkeyval.tex
(e:/software/texlive/2026/texmf-dist/tex/generic/xkeyval/xkvutils.tex)))
(e:/software/texlive/2026/texmf-dist/tex/latex/oberdiek/centernot.sty)
(e:/software/texlive/2026/texmf-dist/tex/generic/kastrup/binhex.tex)
amsthm NOT loaded
) (e:/software/texlive/2026/texmf-dist/tex/latex/esint/esint.sty)
(e:/software/texlive/2026/texmf-dist/tex/latex/biblatex/biblatex.sty
(e:/software/texlive/2026/texmf-dist/tex/latex/logreq/logreq.sty
(e:/software/texlive/2026/texmf-dist/tex/latex/logreq/logreq.def))
(e:/software/texlive/2026/texmf-dist/tex/latex/biblatex/blx-dm.def)
(e:/software/texlive/2026/texmf-dist/tex/latex/biblatex/blx-unicode.def)
(e:/software/texlive/2026/texmf-dist/tex/latex/biblatex/blx-compat.def)
(e:/software/texlive/2026/texmf-dist/tex/latex/biblatex/biblatex.def)
(e:/software/texlive/2026/texmf-dist/tex/latex/biblatex/bbx/numeric.bbx
(e:/software/texlive/2026/texmf-dist/tex/latex/biblatex/bbx/standard.bbx))
(e:/software/texlive/2026/texmf-dist/tex/latex/biblatex/cbx/numeric-comp.cbx)
(e:/software/texlive/2026/texmf-dist/tex/latex/biblatex/biblatex.cfg)
(e:/software/texlive/2026/texmf-dist/tex/latex/biblatex/blx-case-expl3.sty))
(e:/software/texlive/2026/texmf-dist/tex/latex/appendix/appendix.sty)
(e:/software/texlive/2026/texmf-dist/tex/latex/listings/listings.sty
(e:/software/texlive/2026/texmf-dist/tex/latex/listings/lstpatch.sty)
(e:/software/texlive/2026/texmf-dist/tex/latex/listings/lstmisc.sty)
(e:/software/texlive/2026/texmf-dist/tex/latex/listings/listings.cfg))
(e:/software/texlive/2026/texmf-dist/tex/xelatex/xecjk/xeCJK-listings.sty)
==> First Aid for listings.sty no longer applied!
    Expected:
        2024/09/23 1.10c (Carsten Heinz)
    but found:
        2025/11/14 1.11b (Carsten Heinz)
    so I'm assuming it got fixed.
(e:/software/texlive/2026/texmf-dist/tex/latex/listings/lstlang1.sty)
(e:/software/texlive/2026/texmf-dist/tex/latex/listings/lstlang2.sty)
(e:/software/texlive/2026/texmf-dist/tex/latex/listings/lstlang3.sty)
(e:/software/texlive/2026/texmf-dist/tex/latex/listings/lstlang1.sty)
(e:/software/texlive/2026/texmf-dist/tex/latex/listings/lstlang2.sty)
(e:/software/texlive/2026/texmf-dist/tex/latex/listings/lstlang3.sty)
(e:/software/texlive/2026/texmf-dist/tex/latex/listings/lstlang1.sty)
(e:/software/texlive/2026/texmf-dist/tex/latex/listings/lstlang2.sty)
(e:/software/texlive/2026/texmf-dist/tex/latex/listings/lstlang3.sty)
(e:/software/texlive/2026/texmf-dist/tex/latex/listings/lstmisc.sty))
(e:/software/texlive/2026/texmf-dist/tex/latex/tools/array.sty)
(e:/software/texlive/2026/texmf-dist/tex/latex/tools/tabularx.sty)
(e:/software/texlive/2026/texmf-dist/tex/latex/makecell/makecell.sty)
(e:/software/texlive/2026/texmf-dist/tex/latex/threeparttable/threeparttable.st
y) (e:/software/texlive/2026/texmf-dist/tex/latex/siunitx/siunitx.sty
(e:/software/texlive/2026/texmf-dist/tex/latex/translations/translations.sty))
(e:/software/texlive/2026/texmf-dist/tex/latex/xurl/xurl.sty
xurl: Set penalties for biblatex
) (./flatten_curve_supplement_cn.aux)
(e:/software/texlive/2026/texmf-dist/tex/latex/newtx/omlntxmi.fd)
(e:/software/texlive/2026/texmf-dist/tex/latex/newtx/untxexa.fd)
(e:/software/texlive/2026/texmf-dist/tex/latex/newtx/lmsntxsy.fd)
(e:/software/texlive/2026/texmf-dist/tex/latex/newtx/lmxntxexx.fd)
(./flatten_curve_supplement_cn.out) (./flatten_curve_supplement_cn.out)
*geometry* driver: auto-detecting
*geometry* detected driver: xetex
(e:/software/texlive/2026/texmf-dist/tex/latex/biblatex/lbx/english.lbx)
(./flatten_curve_supplement_cn.bbl)
(e:/software/texlive/2026/texmf-dist/tex/latex/footmisc/footmisc.sty)
(e:/software/texlive/2026/texmf-dist/tex/latex/translations/translations-basic-
dictionary-english.trsl)
(e:/software/texlive/2026/texmf-dist/tex/latex/newtx/ot1ntxtlf.fd)
(e:/software/texlive/2026/texmf-dist/tex/latex/amsfonts/umsa.fd)
(e:/software/texlive/2026/texmf-dist/tex/latex/amsfonts/umsb.fd)
(e:/software/texlive/2026/texmf-dist/tex/latex/newtx/untxmia.fd)
(e:/software/texlive/2026/texmf-dist/tex/latex/newtx/untxsym.fd)
(e:/software/texlive/2026/texmf-dist/tex/latex/newtx/untxsyc.fd)
(e:/software/texlive/2026/texmf-dist/tex/latex/esint/uesint.fd) [1] [2]
[3] [4] [5] (./flatten_curve_supplement_cn.aux) )
Output written on flatten_curve_supplement_cn.pdf (5 pages).
Transcript written on flatten_curve_supplement_cn.log.
This is XeTeX, Version 3.141592653-2.6-0.999998 (TeX Live 2026) (preloaded format=xelatex)
 restricted \write18 enabled.
entering extended mode
(./flatten_curve_analysis_cn.tex
LaTeX2e <2025-11-01>
L3 programming layer <2026-01-19>
(e:/software/texlive/2026/texmf-dist/tex/latex/hyperref/xr-hyper.sty)
(./elegantpaper.cls
Document Class: elegantpaper 2022/12/31 v0.11 ElegantLaTeX Paper class
(e:/software/texlive/2026/texmf-dist/tex/latex/kvoptions/kvoptions.sty
(e:/software/texlive/2026/texmf-dist/tex/latex/graphics/keyval.sty)
(e:/software/texlive/2026/texmf-dist/tex/generic/ltxcmds/ltxcmds.sty)
(e:/software/texlive/2026/texmf-dist/tex/latex/kvsetkeys/kvsetkeys.sty))
(e:/software/texlive/2026/texmf-dist/tex/latex/etoolbox/etoolbox.sty)
(e:/software/texlive/2026/texmf-dist/tex/latex/tools/calc.sty)
(e:/software/texlive/2026/texmf-dist/tex/latex/base/article.cls
Document Class: article 2025/01/22 v1.4n Standard LaTeX document class
(e:/software/texlive/2026/texmf-dist/tex/latex/base/size10.clo))
(e:/software/texlive/2026/texmf-dist/tex/latex/hyperref/hyperref.sty
(e:/software/texlive/2026/texmf-dist/tex/generic/iftex/iftex.sty)
(e:/software/texlive/2026/texmf-dist/tex/generic/kvdefinekeys/kvdefinekeys.sty)
 (e:/software/texlive/2026/texmf-dist/tex/generic/pdfescape/pdfescape.sty
(e:/software/texlive/2026/texmf-dist/tex/generic/pdftexcmds/pdftexcmds.sty
(e:/software/texlive/2026/texmf-dist/tex/generic/infwarerr/infwarerr.sty)))
(e:/software/texlive/2026/texmf-dist/tex/latex/hycolor/hycolor.sty)
(e:/software/texlive/2026/texmf-dist/tex/latex/hyperref/nameref.sty
(e:/software/texlive/2026/texmf-dist/tex/latex/refcount/refcount.sty)
(e:/software/texlive/2026/texmf-dist/tex/generic/gettitlestring/gettitlestring.
sty)) (e:/software/texlive/2026/texmf-dist/tex/generic/stringenc/stringenc.sty)
(e:/software/texlive/2026/texmf-dist/tex/latex/hyperref/pd1enc.def)
(e:/software/texlive/2026/texmf-dist/tex/generic/intcalc/intcalc.sty)
(e:/software/texlive/2026/texmf-dist/tex/latex/hyperref/puenc.def)
(e:/software/texlive/2026/texmf-dist/tex/latex/url/url.sty)
(e:/software/texlive/2026/texmf-dist/tex/generic/bitset/bitset.sty
(e:/software/texlive/2026/texmf-dist/tex/generic/bigintcalc/bigintcalc.sty)))
(e:/software/texlive/2026/texmf-dist/tex/latex/hyperref/hxetex.def
(e:/software/texlive/2026/texmf-dist/tex/latex/rerunfilecheck/rerunfilecheck.st
y
(e:/software/texlive/2026/texmf-dist/tex/generic/uniquecounter/uniquecounter.st
y))) (e:/software/texlive/2026/texmf-dist/tex/latex/geometry/geometry.sty
(e:/software/texlive/2026/texmf-dist/tex/generic/iftex/ifvtex.sty))
(e:/software/texlive/2026/texmf-dist/tex/latex/amsmath/amsmath.sty
For additional information on amsmath, use the `?' option.
(e:/software/texlive/2026/texmf-dist/tex/latex/amsmath/amstext.sty
(e:/software/texlive/2026/texmf-dist/tex/latex/amsmath/amsgen.sty))
(e:/software/texlive/2026/texmf-dist/tex/latex/amsmath/amsbsy.sty)
(e:/software/texlive/2026/texmf-dist/tex/latex/amsmath/amsopn.sty))
(e:/software/texlive/2026/texmf-dist/tex/latex/amscls/amsthm.sty)
(e:/software/texlive/2026/texmf-dist/tex/latex/amsfonts/amssymb.sty
(e:/software/texlive/2026/texmf-dist/tex/latex/amsfonts/amsfonts.sty))
(e:/software/texlive/2026/texmf-dist/tex/latex/tools/indentfirst.sty)
(e:/software/texlive/2026/texmf-dist/tex/latex/booktabs/booktabs.sty)
(e:/software/texlive/2026/texmf-dist/tex/latex/tools/multicol.sty)
(e:/software/texlive/2026/texmf-dist/tex/latex/multirow/multirow.sty)
(e:/software/texlive/2026/texmf-dist/tex/latex/xcolor/xcolor.sty
(e:/software/texlive/2026/texmf-dist/tex/latex/graphics-cfg/color.cfg)
(e:/software/texlive/2026/texmf-dist/tex/latex/graphics-def/xetex.def)
(e:/software/texlive/2026/texmf-dist/tex/latex/graphics/mathcolor.ltx))
(e:/software/texlive/2026/texmf-dist/tex/latex/graphics/graphicx.sty
(e:/software/texlive/2026/texmf-dist/tex/latex/graphics/graphics.sty
(e:/software/texlive/2026/texmf-dist/tex/latex/graphics/trig.sty)
(e:/software/texlive/2026/texmf-dist/tex/latex/graphics-cfg/graphics.cfg)))
(e:/software/texlive/2026/texmf-dist/tex/latex/fancyvrb/fancyvrb.sty)
(e:/software/texlive/2026/texmf-dist/tex/latex/abstract/abstract.sty)
(e:/software/texlive/2026/texmf-dist/tex/generic/hologo/hologo.sty)
(e:/software/texlive/2026/texmf-dist/tex/latex/caption/caption.sty
(e:/software/texlive/2026/texmf-dist/tex/latex/caption/caption3.sty))
(e:/software/texlive/2026/texmf-dist/tex/latex/enumitem/enumitem.sty)
(e:/software/texlive/2026/texmf-dist/tex/latex/fontspec/fontspec.sty
(e:/software/texlive/2026/texmf-dist/tex/latex/l3packages/xparse/xparse.sty
(e:/software/texlive/2026/texmf-dist/tex/latex/l3kernel/expl3.sty
(e:/software/texlive/2026/texmf-dist/tex/latex/l3backend/l3backend-xetex.def)))
(e:/software/texlive/2026/texmf-dist/tex/latex/fontspec/fontspec-xetex.sty
(e:/software/texlive/2026/texmf-dist/tex/latex/base/fontenc.sty)
(e:/software/texlive/2026/texmf-dist/tex/latex/fontspec/fontspec.cfg)))
(e:/software/texlive/2026/texmf-dist/tex/latex/ctex/ctex.sty
(e:/software/texlive/2026/texmf-dist/tex/latex/ctex/ctexhook.sty)
(e:/software/texlive/2026/texmf-dist/tex/latex/ctex/ctexpatch.sty)
(e:/software/texlive/2026/texmf-dist/tex/latex/base/fix-cm.sty
(e:/software/texlive/2026/texmf-dist/tex/latex/base/ts1enc.def))
(e:/software/texlive/2026/texmf-dist/tex/latex/ctex/config/ctexopts.cfg)
(e:/software/texlive/2026/texmf-dist/tex/latex/ctex/engine/ctex-engine-xetex.de
f (e:/software/texlive/2026/texmf-dist/tex/xelatex/xecjk/xeCJK.sty
(e:/software/texlive/2026/texmf-dist/tex/latex/l3packages/xtemplate/xtemplate.s
ty) (e:/software/texlive/2026/texmf-dist/tex/xelatex/xecjk/xeCJK.cfg)))
(e:/software/texlive/2026/texmf-dist/tex/latex/zhnumber/zhnumber.sty
(e:/software/texlive/2026/texmf-dist/tex/latex/zhnumber/zhnumber-utf8.cfg))
(e:/software/texlive/2026/texmf-dist/tex/latex/ctex/scheme/ctex-scheme-plain.de
f)
(e:/software/texlive/2026/texmf-dist/tex/latex/ctex/fontset/ctex-fontset-window
s.def)) (e:/software/texlive/2026/texmf-dist/tex/latex/ctex/config/ctex.cfg)
(e:/software/texlive/2026/texmf-dist/tex/latex/newtx/newtxmath.sty
`newtxmath' v1.754, 2024/09/22 Math macros based originally on txfonts (msharpe
) (e:/software/texlive/2026/texmf-dist/tex/latex/base/ifthen.sty)
(e:/software/texlive/2026/texmf-dist/tex/latex/xkeyval/xkeyval.sty
(e:/software/texlive/2026/texmf-dist/tex/generic/xkeyval/xkeyval.tex
(e:/software/texlive/2026/texmf-dist/tex/generic/xkeyval/xkvutils.tex)))
(e:/software/texlive/2026/texmf-dist/tex/latex/oberdiek/centernot.sty)
(e:/software/texlive/2026/texmf-dist/tex/generic/kastrup/binhex.tex)
amsthm NOT loaded
) (e:/software/texlive/2026/texmf-dist/tex/latex/esint/esint.sty)
(e:/software/texlive/2026/texmf-dist/tex/latex/biblatex/biblatex.sty
(e:/software/texlive/2026/texmf-dist/tex/latex/logreq/logreq.sty
(e:/software/texlive/2026/texmf-dist/tex/latex/logreq/logreq.def))
(e:/software/texlive/2026/texmf-dist/tex/latex/biblatex/blx-dm.def)
(e:/software/texlive/2026/texmf-dist/tex/latex/biblatex/blx-unicode.def)
(e:/software/texlive/2026/texmf-dist/tex/latex/biblatex/blx-compat.def)
(e:/software/texlive/2026/texmf-dist/tex/latex/biblatex/biblatex.def)
(e:/software/texlive/2026/texmf-dist/tex/latex/biblatex/bbx/numeric.bbx
(e:/software/texlive/2026/texmf-dist/tex/latex/biblatex/bbx/standard.bbx))
(e:/software/texlive/2026/texmf-dist/tex/latex/biblatex/cbx/numeric-comp.cbx)
(e:/software/texlive/2026/texmf-dist/tex/latex/biblatex/biblatex.cfg)
(e:/software/texlive/2026/texmf-dist/tex/latex/biblatex/blx-case-expl3.sty))
(e:/software/texlive/2026/texmf-dist/tex/latex/appendix/appendix.sty)
(e:/software/texlive/2026/texmf-dist/tex/latex/listings/listings.sty
(e:/software/texlive/2026/texmf-dist/tex/latex/listings/lstpatch.sty)
(e:/software/texlive/2026/texmf-dist/tex/latex/listings/lstmisc.sty)
(e:/software/texlive/2026/texmf-dist/tex/latex/listings/listings.cfg))
(e:/software/texlive/2026/texmf-dist/tex/xelatex/xecjk/xeCJK-listings.sty)
==> First Aid for listings.sty no longer applied!
    Expected:
        2024/09/23 1.10c (Carsten Heinz)
    but found:
        2025/11/14 1.11b (Carsten Heinz)
    so I'm assuming it got fixed.
(e:/software/texlive/2026/texmf-dist/tex/latex/listings/lstlang1.sty)
(e:/software/texlive/2026/texmf-dist/tex/latex/listings/lstlang2.sty)
(e:/software/texlive/2026/texmf-dist/tex/latex/listings/lstlang3.sty)
(e:/software/texlive/2026/texmf-dist/tex/latex/listings/lstlang1.sty)
(e:/software/texlive/2026/texmf-dist/tex/latex/listings/lstlang2.sty)
(e:/software/texlive/2026/texmf-dist/tex/latex/listings/lstlang3.sty)
(e:/software/texlive/2026/texmf-dist/tex/latex/listings/lstlang1.sty)
(e:/software/texlive/2026/texmf-dist/tex/latex/listings/lstlang2.sty)
(e:/software/texlive/2026/texmf-dist/tex/latex/listings/lstlang3.sty)
(e:/software/texlive/2026/texmf-dist/tex/latex/listings/lstmisc.sty))
(e:/software/texlive/2026/texmf-dist/tex/latex/float/float.sty)
(e:/software/texlive/2026/texmf-dist/tex/latex/placeins/placeins.sty)
(e:/software/texlive/2026/texmf-dist/tex/latex/tools/array.sty)
(e:/software/texlive/2026/texmf-dist/tex/latex/tools/tabularx.sty)
(e:/software/texlive/2026/texmf-dist/tex/latex/makecell/makecell.sty)
(e:/software/texlive/2026/texmf-dist/tex/latex/threeparttable/threeparttable.st
y) (e:/software/texlive/2026/texmf-dist/tex/latex/siunitx/siunitx.sty
(e:/software/texlive/2026/texmf-dist/tex/latex/translations/translations.sty))
(e:/software/texlive/2026/texmf-dist/tex/latex/xurl/xurl.sty
xurl: Set penalties for biblatex
) (e:/software/texlive/2026/texmf-dist/tex/latex/needspace/needspace.sty)
(e:/software/texlive/2026/texmf-dist/tex/latex/algorithms/algorithm.sty)
(e:/software/texlive/2026/texmf-dist/tex/latex/algorithmicx/algpseudocode.sty
(e:/software/texlive/2026/texmf-dist/tex/latex/algorithmicx/algorithmicx.sty
Document Style algorithmicx 1.2 - a greatly improved `algorithmic' style
)
Document Style - pseudocode environments for use with the `algorithmicx' style
)
No file flatten_curve_analysis_cn.aux.
(e:/software/texlive/2026/texmf-dist/tex/latex/newtx/omlntxmi.fd)
(e:/software/texlive/2026/texmf-dist/tex/latex/newtx/untxexa.fd)
(e:/software/texlive/2026/texmf-dist/tex/latex/newtx/lmsntxsy.fd)
(e:/software/texlive/2026/texmf-dist/tex/latex/newtx/lmxntxexx.fd)

Package hyperref Warning: Rerun to get /PageLabels entry.

*geometry* driver: auto-detecting
*geometry* detected driver: xetex
(e:/software/texlive/2026/texmf-dist/tex/latex/biblatex/lbx/english.lbx)
No file flatten_curve_analysis_cn.bbl.
(e:/software/texlive/2026/texmf-dist/tex/latex/footmisc/footmisc.sty)
(e:/software/texlive/2026/texmf-dist/tex/latex/translations/translations-basic-
dictionary-english.trsl)
(e:/software/texlive/2026/texmf-dist/tex/latex/newtx/ot1ntxtlf.fd)
(e:/software/texlive/2026/texmf-dist/tex/latex/amsfonts/umsa.fd)
(e:/software/texlive/2026/texmf-dist/tex/latex/amsfonts/umsb.fd)
(e:/software/texlive/2026/texmf-dist/tex/latex/newtx/untxmia.fd)
(e:/software/texlive/2026/texmf-dist/tex/latex/newtx/untxsym.fd)
(e:/software/texlive/2026/texmf-dist/tex/latex/newtx/untxsyc.fd)
(e:/software/texlive/2026/texmf-dist/tex/latex/esint/uesint.fd)

LaTeX Warning: Citation 'Ferguson2020Report9' on page 1 undefined on input line
 34.


LaTeX Warning: Citation 'Duque2020' on page 1 undefined on input line 34.


LaTeX Warning: Citation 'Miclo2022ICU' on page 1 undefined on input line 36.


LaTeX Warning: Citation 'Avram2022' on page 1 undefined on input line 36.


LaTeX Warning: Citation 'Angulo2021' on page 1 undefined on input line 36.


LaTeX Warning: Citation 'Balderrama2024' on page 1 undefined on input line 36.

[1]

LaTeX Warning: Citation 'Hellewell2020' on page 2 undefined on input line 40.


LaTeX Warning: Citation 'Ferretti2020' on page 2 undefined on input line 40.


LaTeX Warning: Citation 'Kucharski2020' on page 2 undefined on input line 40.


LaTeX Warning: Citation 'Tang2020Transmission' on page 2 undefined on input lin
e 40.


LaTeX Warning: Citation 'Zhou2024SPCI' on page 2 undefined on input line 40.


LaTeX Warning: Citation 'He2023TDINN' on page 2 undefined on input line 40.


LaTeX Warning: Citation 'Zhou2024SPCI' on page 2 undefined on input line 42.


LaTeX Warning: Citation 'Charpentier2020' on page 2 undefined on input line 44.



LaTeX Warning: Citation 'Pollinger2023' on page 2 undefined on input line 44.


LaTeX Warning: Citation 'Balakrishnan2023' on page 2 undefined on input line 44
.

[2]

LaTeX Warning: Citation 'He2023TDINN' on page 3 undefined on input line 60.


LaTeX Warning: Reference `sec:model' on page 3 undefined on input line 62.


LaTeX Warning: Reference `sec:s1' on page 3 undefined on input line 62.


LaTeX Warning: Reference `sec:s1:shape' on page 3 undefined on input line 62.


LaTeX Warning: Reference `sec:joint' on page 3 undefined on input line 62.


LaTeX Warning: Reference `sec:numerics' on page 3 undefined on input line 62.


LaTeX Warning: Reference `sec:dominance' on page 3 undefined on input line 62.


LaTeX Warning: Citation 'Zhou2024SPCI' on page 3 undefined on input line 86.

[3]

LaTeX Warning: Reference `eq:model:full' on page 4 undefined on input line 92.


LaTeX Warning: Citation 'Miclo2022ICU' on page 4 undefined on input line 105.


LaTeX Warning: Citation 'Angulo2021' on page 4 undefined on input line 105.

[4]

LaTeX Warning: Reference `prop:model:threshold-rationale' on page 5 undefined o
n input line 159.


LaTeX Warning: Reference `eq:model:balance' on page 5 undefined on input line 1
59.


LaTeX Warning: Reference `sec:s1' on page 5 undefined on input line 161.


LaTeX Warning: Reference `sec:s1:shape' on page 5 undefined on input line 161.


LaTeX Warning: Reference `sec:joint' on page 5 undefined on input line 161.


LaTeX Warning: Reference `sec:joint' on page 5 undefined on input line 161.

[5]

LaTeX Warning: Citation 'Zhou2024SPCI' on page 6 undefined on input line 183.


LaTeX Warning: Reference `eq:model:trigger' on page 6 undefined on input line 2
15.


LaTeX Warning: Reference `eq:model:trigger' on page 6 undefined on input line 2
18.


LaTeX Warning: Reference `eq:model:first-integral' on page 6 undefined on input
 line 237.


LaTeX Warning: Citation 'Corless1996' on page 6 undefined on input line 242.


LaTeX Warning: Reference `eq:model:routine-orbit' on page 6 undefined on input 
line 242.


LaTeX Warning: Reference `eq:s1:t1' on page 6 undefined on input line 242.


LaTeX Warning: Reference `eq:model:trigger' on page 6 undefined on input line 2
44.

[6]

LaTeX Warning: Reference `eq:model:trigger' on page 7 undefined on input line 2
55.


LaTeX Warning: Reference `eq:s1:S-analytic' on page 7 undefined on input line 2
69.


LaTeX Warning: Reference `eq:s1:q-control' on page 7 undefined on input line 26
9.


LaTeX Warning: Reference `eq:model:balance' on page 7 undefined on input line 2
81.


LaTeX Warning: Reference `eq:s1:q-control' on page 7 undefined on input line 28
1.


LaTeX Warning: Reference `eq:s1:S-analytic' on page 7 undefined on input line 2
85.


LaTeX Warning: Reference `eq:s1:t2' on page 7 undefined on input line 285.


LaTeX Warning: Reference `eq:s1:S-analytic' on page 7 undefined on input line 2
87.


LaTeX Warning: Reference `prop:model:positive' on page 7 undefined on input lin
e 287.


LaTeX Warning: Reference `eq:s1:qmax' on page 7 undefined on input line 312.


LaTeX Warning: Reference `prop:s1:sensitivity' on page 7 undefined on input lin
e 314.


LaTeX Warning: Reference `eq:model:trigger' on page 7 undefined on input line 3
14.

[7]

LaTeX Warning: Reference `eq:s1:q-control' on page 8 undefined on input line 32
7.


LaTeX Warning: Reference `fig:scenario1:single-sim' on page 8 undefined on inpu
t line 329.


LaTeX Warning: Citation 'Zhou2024SPCI' on page 8 undefined on input line 339.

[8]

LaTeX Warning: Reference `eq:s1:Send' on page 9 undefined on input line 371.


LaTeX Warning: Reference `eq:s1:Sinfty' on page 9 undefined on input line 371.


LaTeX Warning: Reference `eq:s1:tend' on page 9 undefined on input line 371.


LaTeX Warning: Reference `eq:model:full' on page 9 undefined on input line 407.


[9]

LaTeX Warning: Reference `eq:model:trigger' on page 10 undefined on input line 
443.

[10]

LaTeX Warning: Reference `eq:s1:t1' on page 11 undefined on input line 511.


LaTeX Warning: Reference `eq:s1:qmax' on page 11 undefined on input line 516.


LaTeX Warning: Reference `app:cost' on page 11 undefined on input line 531.


LaTeX Warning: Reference `eq:s1:cumulative' on page 11 undefined on input line 
538.


LaTeX Warning: Reference `eq:s1:Imax-no' on page 11 undefined on input line 554
.

[11]

LaTeX Warning: Reference `eq:s1:t1' on page 12 undefined on input line 597.


LaTeX Warning: Reference `eq:s1:Sstar-eta-sign' on page 12 undefined on input l
ine 611.


LaTeX Warning: Reference `eq:duration-c0' on page 12 undefined on input line 61
1.


LaTeX Warning: Reference `eq:duration-c0' on page 12 undefined on input line 62
0.


LaTeX Warning: Reference `eq:duration-c0' on page 12 undefined on input line 62
9.

[12]

LaTeX Warning: Reference `fig:baseline:q-joint' on page 13 undefined on input l
ine 676.


LaTeX Warning: Reference `fig:scenario1_heatmaps_c0_eta' on page 13 undefined o
n input line 676.


LaTeX Warning: Reference `sec:numerics' on page 13 undefined on input line 676.


[13]

LaTeX Warning: Reference `eq:model:trigger' on page 14 undefined on input line 
703.


LaTeX Warning: Reference `eq:s1:qprime' on page 14 undefined on input line 719.



LaTeX Warning: Reference `eq:s1:inflection-condition' on page 14 undefined on i
nput line 726.


LaTeX Warning: Reference `eq:s1:S-analytic' on page 14 undefined on input line 
726.


LaTeX Warning: Reference `eq:s1:q-control' on page 14 undefined on input line 7
26.


LaTeX Warning: Reference `eq:s1:inflection-condition' on page 14 undefined on i
nput line 726.

[14]

LaTeX Warning: Reference `app:lambda' on page 15 undefined on input line 793.


LaTeX Warning: Reference `tab:sensitivity' on page 15 undefined on input line 7
96.


LaTeX Warning: Reference `lem:s1:Sstar-sensitivity' on page 15 undefined on inp
ut line 813.


LaTeX Warning: Reference `prop:threshold-tradeoff' on page 15 undefined on inpu
t line 813.


LaTeX Warning: Reference `prop:contact-effects' on page 15 undefined on input l
ine 813.


LaTeX Warning: Reference `thm:s1:inflection' on page 15 undefined on input line
 813.


LaTeX Warning: Reference `prop:s1:lambda-sensitivity' on page 15 undefined on i
nput line 813.


LaTeX Warning: Reference `fig:s1:lambda-sensitivity' on page 15 undefined on in
put line 824.


LaTeX Warning: Reference `prop:s1:lambda-sensitivity' on page 15 undefined on i
nput line 825.

[15]

LaTeX Warning: Reference `fig:s1:inflection-scan' on page 16 undefined on input
 line 846.


LaTeX Warning: Reference `fig:s1:lambda-sensitivity' on page 16 undefined on in
put line 852.


LaTeX Warning: Reference `fig:s1:lambda-sensitivity' on page 16 undefined on in
put line 852.


LaTeX Warning: Reference `app:c0_beta' on page 16 undefined on input line 857.

[16]

LaTeX Warning: Reference `cor:s1:qc-structure' on page 17 undefined on input li
ne 865.

[17]

LaTeX Warning: Reference `eq:joint:time' on page 18 undefined on input line 891
.


LaTeX Warning: Reference `eq:joint:contact-range' on page 18 undefined on input
 line 891.


LaTeX Warning: Reference `eq:joint:contact-range' on page 18 undefined on input
 line 900.


LaTeX Warning: Reference `eq:joint:q' on page 18 undefined on input line 900.


LaTeX Warning: Reference `eq:joint:balance' on page 18 undefined on input line 
900.


LaTeX Warning: Reference `eq:joint:time' on page 18 undefined on input line 910
.


LaTeX Warning: Reference `eq:joint:duration' on page 18 undefined on input line
 910.


LaTeX Warning: Reference `eq:joint:contact-range' on page 18 undefined on input
 line 912.


LaTeX Warning: Reference `eq:joint:time' on page 18 undefined on input line 912
.


LaTeX Warning: Reference `eq:joint:q' on page 18 undefined on input line 912.


LaTeX Warning: Reference `eq:joint:q' on page 18 undefined on input line 912.


LaTeX Warning: Reference `eq:s1:qmax' on page 18 undefined on input line 935.


LaTeX Warning: Reference `eq:joint:contact-range' on page 18 undefined on input
 line 941.


LaTeX Warning: Reference `eq:joint:q' on page 18 undefined on input line 941.


LaTeX Warning: Reference `eq:joint:feasibility' on page 18 undefined on input l
ine 945.


LaTeX Warning: Reference `eq:joint:feasibility' on page 18 undefined on input l
ine 947.


LaTeX Warning: Reference `eq:joint:bounds' on page 18 undefined on input line 9
47.


LaTeX Warning: Reference `eq:joint:feasibility' on page 18 undefined on input l
ine 951.


LaTeX Warning: Citation 'Angulo2021' on page 18 undefined on input line 951.

[18]

LaTeX Warning: Reference `lem:s1:Sstar-sensitivity' on page 19 undefined on inp
ut line 953.


LaTeX Warning: Reference `eq:joint:explicit-c' on page 19 undefined on input li
ne 962.


LaTeX Warning: Reference `eq:joint:contact-range' on page 19 undefined on input
 line 962.


LaTeX Warning: Reference `eq:joint:explicit-c' on page 19 undefined on input li
ne 965.


LaTeX Warning: Reference `eq:joint:explicit-q' on page 19 undefined on input li
ne 965.


LaTeX Warning: Reference `eq:joint:explicit-c' on page 19 undefined on input li
ne 985.


LaTeX Warning: Reference `eq:joint:explicit-q' on page 19 undefined on input li
ne 985.


LaTeX Warning: Reference `sec:s1' on page 19 undefined on input line 985.


LaTeX Warning: Reference `eq:joint:Sdot' on page 19 undefined on input line 988
.


LaTeX Warning: Reference `eq:joint:balance' on page 19 undefined on input line 
1002.


LaTeX Warning: Reference `eq:joint:bounds' on page 19 undefined on input line 1
005.


LaTeX Warning: Reference `eq:joint:feasibility' on page 19 undefined on input l
ine 1012.


LaTeX Warning: Reference `eq:joint:explicit-c' on page 19 undefined on input li
ne 1015.


LaTeX Warning: Reference `eq:joint:explicit-q' on page 19 undefined on input li
ne 1015.


LaTeX Warning: Reference `eq:joint:allocation-range' on page 19 undefined on in
put line 1015.


LaTeX Warning: Reference `eq:joint:feasibility' on page 19 undefined on input l
ine 1017.

[19]

LaTeX Warning: Reference `eq:joint:duration' on page 20 undefined on input line
 1022.


LaTeX Warning: Reference `eq:joint:duration' on page 20 undefined on input line
 1047.


LaTeX Warning: Reference `eq:joint:contact-range' on page 20 undefined on input
 line 1047.


LaTeX Warning: Reference `eq:joint:Sdot' on page 20 undefined on input line 105
5.


LaTeX Warning: Reference `eq:joint:cumulative' on page 20 undefined on input li
ne 1060.


LaTeX Warning: Reference `eq:joint:quarantine' on page 20 undefined on input li
ne 1064.


LaTeX Warning: Reference `eq:joint:feasibility' on page 20 undefined on input l
ine 1071.


LaTeX Warning: Reference `eq:joint:duration' on page 20 undefined on input line
 1076.


LaTeX Warning: Reference `eq:joint:duration' on page 20 undefined on input line
 1079.


LaTeX Warning: Reference `eq:joint:cumulative' on page 20 undefined on input li
ne 1079.

[20]

LaTeX Warning: Reference `eq:joint:cumulative' on page 21 undefined on input li
ne 1096.


LaTeX Warning: Reference `eq:joint:duration' on page 21 undefined on input line
 1101.


LaTeX Warning: Reference `cor:joint:whole-epidemic' on page 21 undefined on inp
ut line 1101.


LaTeX Warning: Reference `eq:model:full' on page 21 undefined on input line 110
7.


LaTeX Warning: Reference `eq:cost:J' on page 21 undefined on input line 1132.


LaTeX Warning: Reference `eq:joint:q' on page 21 undefined on input line 1132.

[21]

LaTeX Warning: Reference `eq:joint:bounds' on page 22 undefined on input line 1
146.


LaTeX Warning: Reference `eq:joint:cost' on page 22 undefined on input line 117
0.


LaTeX Warning: Reference `eq:joint:minimum-cost' on page 22 undefined on input 
line 1171.


LaTeX Warning: Reference `thm:joint:representation' on page 22 undefined on inp
ut line 1187.


LaTeX Warning: Reference `eq:joint:cost-integrand' on page 22 undefined on inpu
t line 1189.


LaTeX Warning: Reference `eq:joint:stationary' on page 22 undefined on input li
ne 1190.


LaTeX Warning: Reference `eq:cost:state' on page 22 undefined on input line 120
6.


LaTeX Warning: Reference `eq:joint:allocation-range' on page 22 undefined on in
put line 1206.


LaTeX Warning: Reference `eq:joint:minimum-cost' on page 22 undefined on input 
line 1206.


LaTeX Warning: Reference `eq:joint:feasibility' on page 22 undefined on input l
ine 1212.


LaTeX Warning: Reference `eq:joint:minimum-cost' on page 22 undefined on input 
line 1212.

[22]

LaTeX Warning: Reference `eq:cost:J' on page 23 undefined on input line 1237.


LaTeX Warning: Reference `eq:joint:terminal-interior' on page 23 undefined on i
nput line 1253.


LaTeX Warning: Reference `eq:joint:terminal-ratio' on page 23 undefined on inpu
t line 1253.


LaTeX Warning: Reference `eq:joint:terminal-ratio' on page 23 undefined on inpu
t line 1268.


LaTeX Warning: Reference `eq:joint:terminal-ratio' on page 23 undefined on inpu
t line 1272.


LaTeX Warning: Reference `eq:joint:minimum-cost' on page 23 undefined on input 
line 1274.


LaTeX Warning: Reference `eq:joint:cost-integrand' on page 23 undefined on inpu
t line 1274.


LaTeX Warning: Reference `eq:joint:stationary' on page 23 undefined on input li
ne 1274.


LaTeX Warning: Reference `prop:joint:terminal-allocation' on page 23 undefined 
on input line 1276.

[23]

LaTeX Warning: Reference `thm:joint:cost-minimum' on page 24 undefined on input
 line 1303.


LaTeX Warning: Reference `thm:joint:cost-minimum' on page 24 undefined on input
 line 1314.


LaTeX Warning: Reference `eq:joint:quarantine' on page 24 undefined on input li
ne 1318.


LaTeX Warning: Reference `sec:s1' on page 24 undefined on input line 1328.


LaTeX Warning: Reference `fig:scenario1:single-sim' on page 24 undefined on inp
ut line 1328.

[24]

LaTeX Warning: Reference `fig:baseline:q-joint' on page 25 undefined on input l
ine 1332.


LaTeX Warning: Reference `fig:scenario1_summary_c0' on page 25 undefined on inp
ut line 1332.


LaTeX Warning: Reference `fig:scenario1_summary_eta' on page 25 undefined on in
put line 1332.


LaTeX Warning: Reference `fig:baseline:q-joint' on page 25 undefined on input l
ine 1353.


LaTeX Warning: Reference `fig:baseline:q-joint' on page 25 undefined on input l
ine 1353.


LaTeX Warning: Reference `fig:scenario1_summary_c0' on page 25 undefined on inp
ut line 1355.


LaTeX Warning: Reference `fig:scenario1_summary_eta' on page 25 undefined on in
put line 1363.


LaTeX Warning: Reference `fig:scenario1_heatmaps_c0_eta' on page 25 undefined o
n input line 1372.

[25]

LaTeX Warning: Reference `fig:scenario1:single-sim' on page 26 undefined on inp
ut line 1378.


LaTeX Warning: Reference `sec:xian' on page 26 undefined on input line 1378.


LaTeX Warning: Reference `tab:joint:compare' on page 26 undefined on input line
 1378.


LaTeX Warning: Reference `fig:joint:compare' on page 26 undefined on input line
 1378.


LaTeX Warning: Reference `eq:joint:cumulative' on page 26 undefined on input li
ne 1380.


LaTeX Warning: Reference `eq:joint:quarantine' on page 26 undefined on input li
ne 1380.


LaTeX Warning: Reference `prop:joint:global-structure' on page 26 undefined on 
input line 1382.


LaTeX Warning: Reference `sec:joint:weights-numerics' on page 26 undefined on i
nput line 1382.


LaTeX Warning: Reference `tab:joint:compare' on page 26 undefined on input line
 1382.


LaTeX Warning: Reference `fig:joint:compare' on page 26 undefined on input line
 1384.


LaTeX Warning: Reference `eq:cost:J' on page 26 undefined on input line 1412.


LaTeX Warning: Reference `sec:xian' on page 26 undefined on input line 1412.

[26] [27]

LaTeX Warning: Reference `fig:joint:capacity' on page 28 undefined on input lin
e 1431.


LaTeX Warning: Reference `eq:joint:feasibility' on page 28 undefined on input l
ine 1431.


LaTeX Warning: Reference `fig:joint:capacity' on page 28 undefined on input lin
e 1435.


LaTeX Warning: Reference `fig:joint:phase' on page 28 undefined on input line 1
449.


LaTeX Warning: Reference `prop:joint:global-structure' on page 28 undefined on 
input line 1449.


LaTeX Warning: Reference `sec:joint:compare-numerics' on page 28 undefined on i
nput line 1451.


LaTeX Warning: Reference `prop:joint:terminal-allocation' on page 28 undefined 
on input line 1451.

[28]

LaTeX Warning: Reference `fig:joint:frontier' on page 29 undefined on input lin
e 1465.


LaTeX Warning: Reference `rem:joint:duration-constraint' on page 29 undefined o
n input line 1465.


LaTeX Warning: Reference `eq:joint:quarantine' on page 29 undefined on input li
ne 1467.

[29]

LaTeX Warning: Citation 'He2023TDINN' on page 30 undefined on input line 1483.


LaTeX Warning: Reference `sec:joint:compare-numerics' on page 30 undefined on i
nput line 1483.


LaTeX Warning: Reference `tab:joint:compare' on page 30 undefined on input line
 1483.


LaTeX Warning: Reference `fig:xian:observed-fit' on page 30 undefined on input 
line 1486.


LaTeX Warning: Citation 'He2023TDINN' on page 30 undefined on input line 1486.


LaTeX Warning: Reference `eq:model:full' on page 30 undefined on input line 149
5.


LaTeX Warning: Citation 'He2023TDINN' on page 30 undefined on input line 1500.


LaTeX Warning: Reference `tab:xian_initial_fit' on page 30 undefined on input l
ine 1500.


LaTeX Warning: Citation 'XianStat2021' on page 30 undefined on input line 1527.



LaTeX Warning: Citation 'He2023TDINN' on page 30 undefined on input line 1527.


LaTeX Warning: Citation 'He2023TDINN' on page 30 undefined on input line 1527.


LaTeX Warning: Citation 'He2023TDINN' on page 30 undefined on input line 1527.


LaTeX Warning: Reference `sec:xian:threshold-scale' on page 30 undefined on inp
ut line 1527.

[30]

LaTeX Warning: Reference `fig:xian:observed-fit' on page 31 undefined on input 
line 1534.


LaTeX Warning: Reference `sec:s1' on page 31 undefined on input line 1550.


LaTeX Warning: Reference `sec:cost' on page 31 undefined on input line 1557.


LaTeX Warning: Reference `fig:xian:strategy-process' on page 31 undefined on in
put line 1559.


LaTeX Warning: Reference `tab:xian_summary' on page 31 undefined on input line 
1559.

[31] [32] [33]

LaTeX Warning: Reference `sec:joint:compare-numerics' on page 34 undefined on i
nput line 1596.


LaTeX Warning: Reference `tab:joint:compare' on page 34 undefined on input line
 1596.


LaTeX Warning: Reference `fig:xian_eta_sens' on page 34 undefined on input line
 1600.


LaTeX Warning: Reference `fig:xian_heatmaps' on page 34 undefined on input line
 1616.

[34]

LaTeX Warning: Reference `prop:exit-infection-lower-bound' on page 35 undefined
 on input line 1626.


LaTeX Warning: Reference `sec:xian' on page 35 undefined on input line 1648.

[35]

LaTeX Warning: Reference `eq:s1:Imax-no' on page 36 undefined on input line 165
9.


LaTeX Warning: Reference `sec:scaling-theory' on page 36 undefined on input lin
e 1663.


LaTeX Warning: Reference `tab:xian_summary' on page 36 undefined on input line 
1667.


LaTeX Warning: Reference `prop:scaling' on page 36 undefined on input line 1672
.


LaTeX Warning: Reference `eq:dom:Nstar' on page 36 undefined on input line 1672
.


LaTeX Warning: Reference `eq:dom:Nstar-infty' on page 36 undefined on input lin
e 1672.


LaTeX Warning: Reference `sec:dom:xian' on page 36 undefined on input line 1672
.


LaTeX Warning: Reference `prop:threshold-tradeoff' on page 36 undefined on inpu
t line 1674.


LaTeX Warning: Reference `app:reference-comparison' on page 36 undefined on inp
ut line 1686.


LaTeX Warning: Reference `eq:count-identities' on page 36 undefined on input li
ne 1717.

[36]

LaTeX Warning: Reference `eq:dom:band' on page 37 undefined on input line 1742.



LaTeX Warning: Reference `prop:reference-population' on page 37 undefined on in
put line 1742.


LaTeX Warning: Reference `app:dom:numerics' on page 37 undefined on input line 
1744.


LaTeX Warning: Reference `prop:scaling' on page 37 undefined on input line 1749
.


LaTeX Warning: Reference `tab:xian_summary' on page 37 undefined on input line 
1764.


LaTeX Warning: Reference `eq:s1:Imax-no' on page 37 undefined on input line 176
4.


LaTeX Warning: Reference `tab:dom:thresholds' on page 37 undefined on input lin
e 1764.

[37]

LaTeX Warning: Reference `fig:dom' on page 38 undefined on input line 1820.


LaTeX Warning: Reference `tab:dom:thresholds' on page 38 undefined on input lin
e 1822.


LaTeX Warning: Reference `sec:dom:theory' on page 38 undefined on input line 18
22.


LaTeX Warning: Reference `fig:dom' on page 38 undefined on input line 1824.


LaTeX Warning: Reference `fig:dom' on page 38 undefined on input line 1824.


LaTeX Warning: Reference `fig:dom:levers' on page 38 undefined on input line 18
38.


LaTeX Warning: Reference `fig:dom:levers' on page 38 undefined on input line 18
38.


LaTeX Warning: Reference `fig:dom:levers' on page 38 undefined on input line 18
38.


LaTeX Warning: Reference `fig:dom:levers' on page 38 undefined on input line 18
38.


LaTeX Warning: Reference `tab:dom:thresholds' on page 38 undefined on input lin
e 1853.

[38]

LaTeX Warning: Reference `app:dom:numerics' on page 39 undefined on input line 
1855.


Underfull \hbox (badness 2376) in paragraph at lines 1857--1858
[]\TU/SimSun(0)/m/n/10 累 计 感 染 与 清 零 时 间 条 件 进 一 步 缩 小 了 比 较 范 围。|  累 计 感 染 与 实
 际 成 本 条 件 的 数 值 交 点 约 为

LaTeX Warning: Reference `fig:dom:levers' on page 39 undefined on input line 18
61.


LaTeX Warning: Reference `fig:dom:levers' on page 39 undefined on input line 18
63.


LaTeX Warning: Reference `fig:panel_N_decomp' on page 39 undefined on input lin
e 1863.

[39] [40]

LaTeX Warning: Reference `fig:c0-panel' on page 41 undefined on input line 1884
.


LaTeX Warning: Reference `prop:contact-effects' on page 41 undefined on input l
ine 1884.


LaTeX Warning: Reference `fig:c0-scan' on page 41 undefined on input line 1895.



LaTeX Warning: Reference `fig:c0-phase' on page 41 undefined on input line 1899
.

[41] [42]

LaTeX Warning: Reference `cor:joint:whole-epidemic' on page 43 undefined on inp
ut line 1938.


LaTeX Warning: Reference `prop:joint:terminal-allocation' on page 43 undefined 
on input line 1938.


LaTeX Warning: Reference `prop:exit-infection-lower-bound' on page 43 undefined
 on input line 1938.

[43]

LaTeX Warning: Reference `eq:cost:J' on page 44 undefined on input line 1945.


LaTeX Warning: Reference `fig:panel_N_decomp' on page 44 undefined on input lin
e 1961.


LaTeX Warning: Reference `fig:dom:critical-cases' on page 44 undefined on input
 line 1969.

[44] [45]

LaTeX Warning: Reference `fig:dom:critical-cases' on page 46 undefined on input
 line 1984.

[46]

LaTeX Warning: Reference `fig:c0-scan' on page 47 undefined on input line 2015.



LaTeX Warning: Reference `fig:c0-beta-existence' on page 47 undefined on input 
line 2028.

[47] [48]

LaTeX Warning: Reference `eq:cost:state' on page 49 undefined on input line 204
7.


LaTeX Warning: Reference `eq:cost:state' on page 49 undefined on input line 207
4.


LaTeX Warning: Reference `eq:lambda-q0-sign' on page 49 undefined on input line
 2084.


LaTeX Warning: Reference `eq:lambda-q0-sign' on page 49 undefined on input line
 2096.


LaTeX Warning: Reference `sec:s1' on page 49 undefined on input line 2106.


LaTeX Warning: Reference `prop:threshold-tradeoff' on page 49 undefined on inpu
t line 2106.


LaTeX Warning: Reference `prop:scaling' on page 49 undefined on input line 2106
.


LaTeX Warning: Reference `sec:dom:xian' on page 49 undefined on input line 2106
.

[49]

LaTeX Warning: Reference `eq:s1:cumulative' on page 50 undefined on input line 
2148.


LaTeX Warning: Reference `eq:count-identities' on page 50 undefined on input li
ne 2157.


LaTeX Warning: Empty bibliography on input line 2161.

[50] (./flatten_curve_analysis_cn.aux)

LaTeX Warning: There were undefined references.


LaTeX Warning: Label(s) may have changed. Rerun to get cross-references right.


Package rerunfilecheck Warning: File `flatten_curve_analysis_cn.out' has change
d.
(rerunfilecheck)                Rerun to get outlines right
(rerunfilecheck)                or use package `bookmark'.


Package biblatex Warning: Please (re)run Biber on the file:
(biblatex)                flatten_curve_analysis_cn
(biblatex)                and rerun LaTeX afterwards.

 )
(see the transcript file for additional information)
Output written on flatten_curve_analysis_cn.pdf (50 pages).
Transcript written on flatten_curve_analysis_cn.log.
perl: warning: Setting locale failed.
perl: warning: Please check that your locale settings:
	LC_ALL = "C.UTF-8",
	LC_CTYPE = "C.UTF-8",
	LANG = "C.UTF-8"
    are supported and installed on your system.
perl: warning: Falling back to the standard locale ("C").
INFO - This is Biber 2.21
INFO - Logfile is 'flatten_curve_analysis_cn.blg'
INFO - Reading 'flatten_curve_analysis_cn.bcf'
INFO - Found 17 citekeys in bib section 0
INFO - Processing section 0
INFO - Looking for bibtex file 'references.bib' for section 0
INFO - LaTeX decoding ...
INFO - Found BibTeX data source 'references.bib'
INFO - Overriding locale 'en-US' defaults 'normalization = NFD' with 'normalization = prenormalized'
INFO - Overriding locale 'en-US' defaults 'variable = shifted' with 'variable = non-ignorable'
INFO - Sorting list 'nty/global//global/global/global' of type 'entry' with template 'nty' and locale 'en-US'
INFO - No sort tailoring available for locale 'en-US'
INFO - Writing 'flatten_curve_analysis_cn.bbl' with encoding 'UTF-8'
INFO - Output to flatten_curve_analysis_cn.bbl
This is XeTeX, Version 3.141592653-2.6-0.999998 (TeX Live 2026) (preloaded format=xelatex)
 restricted \write18 enabled.
entering extended mode
(./flatten_curve_analysis_cn.tex
LaTeX2e <2025-11-01>
L3 programming layer <2026-01-19>
(e:/software/texlive/2026/texmf-dist/tex/latex/hyperref/xr-hyper.sty)
(./elegantpaper.cls
Document Class: elegantpaper 2022/12/31 v0.11 ElegantLaTeX Paper class
(e:/software/texlive/2026/texmf-dist/tex/latex/kvoptions/kvoptions.sty
(e:/software/texlive/2026/texmf-dist/tex/latex/graphics/keyval.sty)
(e:/software/texlive/2026/texmf-dist/tex/generic/ltxcmds/ltxcmds.sty)
(e:/software/texlive/2026/texmf-dist/tex/latex/kvsetkeys/kvsetkeys.sty))
(e:/software/texlive/2026/texmf-dist/tex/latex/etoolbox/etoolbox.sty)
(e:/software/texlive/2026/texmf-dist/tex/latex/tools/calc.sty)
(e:/software/texlive/2026/texmf-dist/tex/latex/base/article.cls
Document Class: article 2025/01/22 v1.4n Standard LaTeX document class
(e:/software/texlive/2026/texmf-dist/tex/latex/base/size10.clo))
(e:/software/texlive/2026/texmf-dist/tex/latex/hyperref/hyperref.sty
(e:/software/texlive/2026/texmf-dist/tex/generic/iftex/iftex.sty)
(e:/software/texlive/2026/texmf-dist/tex/generic/kvdefinekeys/kvdefinekeys.sty)
 (e:/software/texlive/2026/texmf-dist/tex/generic/pdfescape/pdfescape.sty
(e:/software/texlive/2026/texmf-dist/tex/generic/pdftexcmds/pdftexcmds.sty
(e:/software/texlive/2026/texmf-dist/tex/generic/infwarerr/infwarerr.sty)))
(e:/software/texlive/2026/texmf-dist/tex/latex/hycolor/hycolor.sty)
(e:/software/texlive/2026/texmf-dist/tex/latex/hyperref/nameref.sty
(e:/software/texlive/2026/texmf-dist/tex/latex/refcount/refcount.sty)
(e:/software/texlive/2026/texmf-dist/tex/generic/gettitlestring/gettitlestring.
sty)) (e:/software/texlive/2026/texmf-dist/tex/generic/stringenc/stringenc.sty)
(e:/software/texlive/2026/texmf-dist/tex/latex/hyperref/pd1enc.def)
(e:/software/texlive/2026/texmf-dist/tex/generic/intcalc/intcalc.sty)
(e:/software/texlive/2026/texmf-dist/tex/latex/hyperref/puenc.def)
(e:/software/texlive/2026/texmf-dist/tex/latex/url/url.sty)
(e:/software/texlive/2026/texmf-dist/tex/generic/bitset/bitset.sty
(e:/software/texlive/2026/texmf-dist/tex/generic/bigintcalc/bigintcalc.sty)))
(e:/software/texlive/2026/texmf-dist/tex/latex/hyperref/hxetex.def
(e:/software/texlive/2026/texmf-dist/tex/latex/rerunfilecheck/rerunfilecheck.st
y
(e:/software/texlive/2026/texmf-dist/tex/generic/uniquecounter/uniquecounter.st
y))) (e:/software/texlive/2026/texmf-dist/tex/latex/geometry/geometry.sty
(e:/software/texlive/2026/texmf-dist/tex/generic/iftex/ifvtex.sty))
(e:/software/texlive/2026/texmf-dist/tex/latex/amsmath/amsmath.sty
For additional information on amsmath, use the `?' option.
(e:/software/texlive/2026/texmf-dist/tex/latex/amsmath/amstext.sty
(e:/software/texlive/2026/texmf-dist/tex/latex/amsmath/amsgen.sty))
(e:/software/texlive/2026/texmf-dist/tex/latex/amsmath/amsbsy.sty)
(e:/software/texlive/2026/texmf-dist/tex/latex/amsmath/amsopn.sty))
(e:/software/texlive/2026/texmf-dist/tex/latex/amscls/amsthm.sty)
(e:/software/texlive/2026/texmf-dist/tex/latex/amsfonts/amssymb.sty
(e:/software/texlive/2026/texmf-dist/tex/latex/amsfonts/amsfonts.sty))
(e:/software/texlive/2026/texmf-dist/tex/latex/tools/indentfirst.sty)
(e:/software/texlive/2026/texmf-dist/tex/latex/booktabs/booktabs.sty)
(e:/software/texlive/2026/texmf-dist/tex/latex/tools/multicol.sty)
(e:/software/texlive/2026/texmf-dist/tex/latex/multirow/multirow.sty)
(e:/software/texlive/2026/texmf-dist/tex/latex/xcolor/xcolor.sty
(e:/software/texlive/2026/texmf-dist/tex/latex/graphics-cfg/color.cfg)
(e:/software/texlive/2026/texmf-dist/tex/latex/graphics-def/xetex.def)
(e:/software/texlive/2026/texmf-dist/tex/latex/graphics/mathcolor.ltx))
(e:/software/texlive/2026/texmf-dist/tex/latex/graphics/graphicx.sty
(e:/software/texlive/2026/texmf-dist/tex/latex/graphics/graphics.sty
(e:/software/texlive/2026/texmf-dist/tex/latex/graphics/trig.sty)
(e:/software/texlive/2026/texmf-dist/tex/latex/graphics-cfg/graphics.cfg)))
(e:/software/texlive/2026/texmf-dist/tex/latex/fancyvrb/fancyvrb.sty)
(e:/software/texlive/2026/texmf-dist/tex/latex/abstract/abstract.sty)
(e:/software/texlive/2026/texmf-dist/tex/generic/hologo/hologo.sty)
(e:/software/texlive/2026/texmf-dist/tex/latex/caption/caption.sty
(e:/software/texlive/2026/texmf-dist/tex/latex/caption/caption3.sty))
(e:/software/texlive/2026/texmf-dist/tex/latex/enumitem/enumitem.sty)
(e:/software/texlive/2026/texmf-dist/tex/latex/fontspec/fontspec.sty
(e:/software/texlive/2026/texmf-dist/tex/latex/l3packages/xparse/xparse.sty
(e:/software/texlive/2026/texmf-dist/tex/latex/l3kernel/expl3.sty
(e:/software/texlive/2026/texmf-dist/tex/latex/l3backend/l3backend-xetex.def)))
(e:/software/texlive/2026/texmf-dist/tex/latex/fontspec/fontspec-xetex.sty
(e:/software/texlive/2026/texmf-dist/tex/latex/base/fontenc.sty)
(e:/software/texlive/2026/texmf-dist/tex/latex/fontspec/fontspec.cfg)))
(e:/software/texlive/2026/texmf-dist/tex/latex/ctex/ctex.sty
(e:/software/texlive/2026/texmf-dist/tex/latex/ctex/ctexhook.sty)
(e:/software/texlive/2026/texmf-dist/tex/latex/ctex/ctexpatch.sty)
(e:/software/texlive/2026/texmf-dist/tex/latex/base/fix-cm.sty
(e:/software/texlive/2026/texmf-dist/tex/latex/base/ts1enc.def))
(e:/software/texlive/2026/texmf-dist/tex/latex/ctex/config/ctexopts.cfg)
(e:/software/texlive/2026/texmf-dist/tex/latex/ctex/engine/ctex-engine-xetex.de
f (e:/software/texlive/2026/texmf-dist/tex/xelatex/xecjk/xeCJK.sty
(e:/software/texlive/2026/texmf-dist/tex/latex/l3packages/xtemplate/xtemplate.s
ty) (e:/software/texlive/2026/texmf-dist/tex/xelatex/xecjk/xeCJK.cfg)))
(e:/software/texlive/2026/texmf-dist/tex/latex/zhnumber/zhnumber.sty
(e:/software/texlive/2026/texmf-dist/tex/latex/zhnumber/zhnumber-utf8.cfg))
(e:/software/texlive/2026/texmf-dist/tex/latex/ctex/scheme/ctex-scheme-plain.de
f)
(e:/software/texlive/2026/texmf-dist/tex/latex/ctex/fontset/ctex-fontset-window
s.def)) (e:/software/texlive/2026/texmf-dist/tex/latex/ctex/config/ctex.cfg)
(e:/software/texlive/2026/texmf-dist/tex/latex/newtx/newtxmath.sty
`newtxmath' v1.754, 2024/09/22 Math macros based originally on txfonts (msharpe
) (e:/software/texlive/2026/texmf-dist/tex/latex/base/ifthen.sty)
(e:/software/texlive/2026/texmf-dist/tex/latex/xkeyval/xkeyval.sty
(e:/software/texlive/2026/texmf-dist/tex/generic/xkeyval/xkeyval.tex
(e:/software/texlive/2026/texmf-dist/tex/generic/xkeyval/xkvutils.tex)))
(e:/software/texlive/2026/texmf-dist/tex/latex/oberdiek/centernot.sty)
(e:/software/texlive/2026/texmf-dist/tex/generic/kastrup/binhex.tex)
amsthm NOT loaded
) (e:/software/texlive/2026/texmf-dist/tex/latex/esint/esint.sty)
(e:/software/texlive/2026/texmf-dist/tex/latex/biblatex/biblatex.sty
(e:/software/texlive/2026/texmf-dist/tex/latex/logreq/logreq.sty
(e:/software/texlive/2026/texmf-dist/tex/latex/logreq/logreq.def))
(e:/software/texlive/2026/texmf-dist/tex/latex/biblatex/blx-dm.def)
(e:/software/texlive/2026/texmf-dist/tex/latex/biblatex/blx-unicode.def)
(e:/software/texlive/2026/texmf-dist/tex/latex/biblatex/blx-compat.def)
(e:/software/texlive/2026/texmf-dist/tex/latex/biblatex/biblatex.def)
(e:/software/texlive/2026/texmf-dist/tex/latex/biblatex/bbx/numeric.bbx
(e:/software/texlive/2026/texmf-dist/tex/latex/biblatex/bbx/standard.bbx))
(e:/software/texlive/2026/texmf-dist/tex/latex/biblatex/cbx/numeric-comp.cbx)
(e:/software/texlive/2026/texmf-dist/tex/latex/biblatex/biblatex.cfg)
(e:/software/texlive/2026/texmf-dist/tex/latex/biblatex/blx-case-expl3.sty))
(e:/software/texlive/2026/texmf-dist/tex/latex/appendix/appendix.sty)
(e:/software/texlive/2026/texmf-dist/tex/latex/listings/listings.sty
(e:/software/texlive/2026/texmf-dist/tex/latex/listings/lstpatch.sty)
(e:/software/texlive/2026/texmf-dist/tex/latex/listings/lstmisc.sty)
(e:/software/texlive/2026/texmf-dist/tex/latex/listings/listings.cfg))
(e:/software/texlive/2026/texmf-dist/tex/xelatex/xecjk/xeCJK-listings.sty)
==> First Aid for listings.sty no longer applied!
    Expected:
        2024/09/23 1.10c (Carsten Heinz)
    but found:
        2025/11/14 1.11b (Carsten Heinz)
    so I'm assuming it got fixed.
(e:/software/texlive/2026/texmf-dist/tex/latex/listings/lstlang1.sty)
(e:/software/texlive/2026/texmf-dist/tex/latex/listings/lstlang2.sty)
(e:/software/texlive/2026/texmf-dist/tex/latex/listings/lstlang3.sty)
(e:/software/texlive/2026/texmf-dist/tex/latex/listings/lstlang1.sty)
(e:/software/texlive/2026/texmf-dist/tex/latex/listings/lstlang2.sty)
(e:/software/texlive/2026/texmf-dist/tex/latex/listings/lstlang3.sty)
(e:/software/texlive/2026/texmf-dist/tex/latex/listings/lstlang1.sty)
(e:/software/texlive/2026/texmf-dist/tex/latex/listings/lstlang2.sty)
(e:/software/texlive/2026/texmf-dist/tex/latex/listings/lstlang3.sty)
(e:/software/texlive/2026/texmf-dist/tex/latex/listings/lstmisc.sty))
(e:/software/texlive/2026/texmf-dist/tex/latex/float/float.sty)
(e:/software/texlive/2026/texmf-dist/tex/latex/placeins/placeins.sty)
(e:/software/texlive/2026/texmf-dist/tex/latex/tools/array.sty)
(e:/software/texlive/2026/texmf-dist/tex/latex/tools/tabularx.sty)
(e:/software/texlive/2026/texmf-dist/tex/latex/makecell/makecell.sty)
(e:/software/texlive/2026/texmf-dist/tex/latex/threeparttable/threeparttable.st
y) (e:/software/texlive/2026/texmf-dist/tex/latex/siunitx/siunitx.sty
(e:/software/texlive/2026/texmf-dist/tex/latex/translations/translations.sty))
(e:/software/texlive/2026/texmf-dist/tex/latex/xurl/xurl.sty
xurl: Set penalties for biblatex
) (e:/software/texlive/2026/texmf-dist/tex/latex/needspace/needspace.sty)
(e:/software/texlive/2026/texmf-dist/tex/latex/algorithms/algorithm.sty)
(e:/software/texlive/2026/texmf-dist/tex/latex/algorithmicx/algpseudocode.sty
(e:/software/texlive/2026/texmf-dist/tex/latex/algorithmicx/algorithmicx.sty
Document Style algorithmicx 1.2 - a greatly improved `algorithmic' style
)
Document Style - pseudocode environments for use with the `algorithmicx' style
) (./flatten_curve_analysis_cn.aux)
(e:/software/texlive/2026/texmf-dist/tex/latex/newtx/omlntxmi.fd)
(e:/software/texlive/2026/texmf-dist/tex/latex/newtx/untxexa.fd)
(e:/software/texlive/2026/texmf-dist/tex/latex/newtx/lmsntxsy.fd)
(e:/software/texlive/2026/texmf-dist/tex/latex/newtx/lmxntxexx.fd)
(./flatten_curve_analysis_cn.out) (./flatten_curve_analysis_cn.out)
*geometry* driver: auto-detecting
*geometry* detected driver: xetex
(e:/software/texlive/2026/texmf-dist/tex/latex/biblatex/lbx/english.lbx)
(./flatten_curve_analysis_cn.bbl)
(e:/software/texlive/2026/texmf-dist/tex/latex/footmisc/footmisc.sty)
(e:/software/texlive/2026/texmf-dist/tex/latex/translations/translations-basic-
dictionary-english.trsl)
(e:/software/texlive/2026/texmf-dist/tex/latex/newtx/ot1ntxtlf.fd)
(e:/software/texlive/2026/texmf-dist/tex/latex/amsfonts/umsa.fd)
(e:/software/texlive/2026/texmf-dist/tex/latex/amsfonts/umsb.fd)
(e:/software/texlive/2026/texmf-dist/tex/latex/newtx/untxmia.fd)
(e:/software/texlive/2026/texmf-dist/tex/latex/newtx/untxsym.fd)
(e:/software/texlive/2026/texmf-dist/tex/latex/newtx/untxsyc.fd)
(e:/software/texlive/2026/texmf-dist/tex/latex/esint/uesint.fd) [1] [2]
[3] [4] [5] [6] [7] [8] [9] [10] [11] [12] [13] [14] [15] [16] [17] [18]
[19] [20] [21] [22] [23] [24] [25] [26] [27] [28] [29] [30] [31] [32] [33]
[34] [35] [36] [37] [38]
Underfull \hbox (badness 2376) in paragraph at lines 1857--1858
[]\TU/SimSun(0)/m/n/10 累 计 感 染 与 清 零 时 间 条 件 进 一 步 缩 小 了 比 较 范 围。|  累 计 感 染 与 实
 际 成 本 条 件 的 数 值 交 点 约 为
[39] [40] [41] [42] [43] [44] [45] [46] [47] [48] [49] [50] [51]
(./flatten_curve_analysis_cn.aux)

LaTeX Warning: There were undefined references.


LaTeX Warning: Label(s) may have changed. Rerun to get cross-references right.


Package biblatex Warning: Please rerun LaTeX.

 )
(see the transcript file for additional information)
Output written on flatten_curve_analysis_cn.pdf (51 pages).
Transcript written on flatten_curve_analysis_cn.log.
This is XeTeX, Version 3.141592653-2.6-0.999998 (TeX Live 2026) (preloaded format=xelatex)
 restricted \write18 enabled.
entering extended mode
(./flatten_curve_analysis_cn.tex
LaTeX2e <2025-11-01>
L3 programming layer <2026-01-19>
(e:/software/texlive/2026/texmf-dist/tex/latex/hyperref/xr-hyper.sty)
(./elegantpaper.cls
Document Class: elegantpaper 2022/12/31 v0.11 ElegantLaTeX Paper class
(e:/software/texlive/2026/texmf-dist/tex/latex/kvoptions/kvoptions.sty
(e:/software/texlive/2026/texmf-dist/tex/latex/graphics/keyval.sty)
(e:/software/texlive/2026/texmf-dist/tex/generic/ltxcmds/ltxcmds.sty)
(e:/software/texlive/2026/texmf-dist/tex/latex/kvsetkeys/kvsetkeys.sty))
(e:/software/texlive/2026/texmf-dist/tex/latex/etoolbox/etoolbox.sty)
(e:/software/texlive/2026/texmf-dist/tex/latex/tools/calc.sty)
(e:/software/texlive/2026/texmf-dist/tex/latex/base/article.cls
Document Class: article 2025/01/22 v1.4n Standard LaTeX document class
(e:/software/texlive/2026/texmf-dist/tex/latex/base/size10.clo))
(e:/software/texlive/2026/texmf-dist/tex/latex/hyperref/hyperref.sty
(e:/software/texlive/2026/texmf-dist/tex/generic/iftex/iftex.sty)
(e:/software/texlive/2026/texmf-dist/tex/generic/kvdefinekeys/kvdefinekeys.sty)
 (e:/software/texlive/2026/texmf-dist/tex/generic/pdfescape/pdfescape.sty
(e:/software/texlive/2026/texmf-dist/tex/generic/pdftexcmds/pdftexcmds.sty
(e:/software/texlive/2026/texmf-dist/tex/generic/infwarerr/infwarerr.sty)))
(e:/software/texlive/2026/texmf-dist/tex/latex/hycolor/hycolor.sty)
(e:/software/texlive/2026/texmf-dist/tex/latex/hyperref/nameref.sty
(e:/software/texlive/2026/texmf-dist/tex/latex/refcount/refcount.sty)
(e:/software/texlive/2026/texmf-dist/tex/generic/gettitlestring/gettitlestring.
sty)) (e:/software/texlive/2026/texmf-dist/tex/generic/stringenc/stringenc.sty)
(e:/software/texlive/2026/texmf-dist/tex/latex/hyperref/pd1enc.def)
(e:/software/texlive/2026/texmf-dist/tex/generic/intcalc/intcalc.sty)
(e:/software/texlive/2026/texmf-dist/tex/latex/hyperref/puenc.def)
(e:/software/texlive/2026/texmf-dist/tex/latex/url/url.sty)
(e:/software/texlive/2026/texmf-dist/tex/generic/bitset/bitset.sty
(e:/software/texlive/2026/texmf-dist/tex/generic/bigintcalc/bigintcalc.sty)))
(e:/software/texlive/2026/texmf-dist/tex/latex/hyperref/hxetex.def
(e:/software/texlive/2026/texmf-dist/tex/latex/rerunfilecheck/rerunfilecheck.st
y
(e:/software/texlive/2026/texmf-dist/tex/generic/uniquecounter/uniquecounter.st
y))) (e:/software/texlive/2026/texmf-dist/tex/latex/geometry/geometry.sty
(e:/software/texlive/2026/texmf-dist/tex/generic/iftex/ifvtex.sty))
(e:/software/texlive/2026/texmf-dist/tex/latex/amsmath/amsmath.sty
For additional information on amsmath, use the `?' option.
(e:/software/texlive/2026/texmf-dist/tex/latex/amsmath/amstext.sty
(e:/software/texlive/2026/texmf-dist/tex/latex/amsmath/amsgen.sty))
(e:/software/texlive/2026/texmf-dist/tex/latex/amsmath/amsbsy.sty)
(e:/software/texlive/2026/texmf-dist/tex/latex/amsmath/amsopn.sty))
(e:/software/texlive/2026/texmf-dist/tex/latex/amscls/amsthm.sty)
(e:/software/texlive/2026/texmf-dist/tex/latex/amsfonts/amssymb.sty
(e:/software/texlive/2026/texmf-dist/tex/latex/amsfonts/amsfonts.sty))
(e:/software/texlive/2026/texmf-dist/tex/latex/tools/indentfirst.sty)
(e:/software/texlive/2026/texmf-dist/tex/latex/booktabs/booktabs.sty)
(e:/software/texlive/2026/texmf-dist/tex/latex/tools/multicol.sty)
(e:/software/texlive/2026/texmf-dist/tex/latex/multirow/multirow.sty)
(e:/software/texlive/2026/texmf-dist/tex/latex/xcolor/xcolor.sty
(e:/software/texlive/2026/texmf-dist/tex/latex/graphics-cfg/color.cfg)
(e:/software/texlive/2026/texmf-dist/tex/latex/graphics-def/xetex.def)
(e:/software/texlive/2026/texmf-dist/tex/latex/graphics/mathcolor.ltx))
(e:/software/texlive/2026/texmf-dist/tex/latex/graphics/graphicx.sty
(e:/software/texlive/2026/texmf-dist/tex/latex/graphics/graphics.sty
(e:/software/texlive/2026/texmf-dist/tex/latex/graphics/trig.sty)
(e:/software/texlive/2026/texmf-dist/tex/latex/graphics-cfg/graphics.cfg)))
(e:/software/texlive/2026/texmf-dist/tex/latex/fancyvrb/fancyvrb.sty)
(e:/software/texlive/2026/texmf-dist/tex/latex/abstract/abstract.sty)
(e:/software/texlive/2026/texmf-dist/tex/generic/hologo/hologo.sty)
(e:/software/texlive/2026/texmf-dist/tex/latex/caption/caption.sty
(e:/software/texlive/2026/texmf-dist/tex/latex/caption/caption3.sty))
(e:/software/texlive/2026/texmf-dist/tex/latex/enumitem/enumitem.sty)
(e:/software/texlive/2026/texmf-dist/tex/latex/fontspec/fontspec.sty
(e:/software/texlive/2026/texmf-dist/tex/latex/l3packages/xparse/xparse.sty
(e:/software/texlive/2026/texmf-dist/tex/latex/l3kernel/expl3.sty
(e:/software/texlive/2026/texmf-dist/tex/latex/l3backend/l3backend-xetex.def)))
(e:/software/texlive/2026/texmf-dist/tex/latex/fontspec/fontspec-xetex.sty
(e:/software/texlive/2026/texmf-dist/tex/latex/base/fontenc.sty)
(e:/software/texlive/2026/texmf-dist/tex/latex/fontspec/fontspec.cfg)))
(e:/software/texlive/2026/texmf-dist/tex/latex/ctex/ctex.sty
(e:/software/texlive/2026/texmf-dist/tex/latex/ctex/ctexhook.sty)
(e:/software/texlive/2026/texmf-dist/tex/latex/ctex/ctexpatch.sty)
(e:/software/texlive/2026/texmf-dist/tex/latex/base/fix-cm.sty
(e:/software/texlive/2026/texmf-dist/tex/latex/base/ts1enc.def))
(e:/software/texlive/2026/texmf-dist/tex/latex/ctex/config/ctexopts.cfg)
(e:/software/texlive/2026/texmf-dist/tex/latex/ctex/engine/ctex-engine-xetex.de
f (e:/software/texlive/2026/texmf-dist/tex/xelatex/xecjk/xeCJK.sty
(e:/software/texlive/2026/texmf-dist/tex/latex/l3packages/xtemplate/xtemplate.s
ty) (e:/software/texlive/2026/texmf-dist/tex/xelatex/xecjk/xeCJK.cfg)))
(e:/software/texlive/2026/texmf-dist/tex/latex/zhnumber/zhnumber.sty
(e:/software/texlive/2026/texmf-dist/tex/latex/zhnumber/zhnumber-utf8.cfg))
(e:/software/texlive/2026/texmf-dist/tex/latex/ctex/scheme/ctex-scheme-plain.de
f)
(e:/software/texlive/2026/texmf-dist/tex/latex/ctex/fontset/ctex-fontset-window
s.def)) (e:/software/texlive/2026/texmf-dist/tex/latex/ctex/config/ctex.cfg)
(e:/software/texlive/2026/texmf-dist/tex/latex/newtx/newtxmath.sty
`newtxmath' v1.754, 2024/09/22 Math macros based originally on txfonts (msharpe
) (e:/software/texlive/2026/texmf-dist/tex/latex/base/ifthen.sty)
(e:/software/texlive/2026/texmf-dist/tex/latex/xkeyval/xkeyval.sty
(e:/software/texlive/2026/texmf-dist/tex/generic/xkeyval/xkeyval.tex
(e:/software/texlive/2026/texmf-dist/tex/generic/xkeyval/xkvutils.tex)))
(e:/software/texlive/2026/texmf-dist/tex/latex/oberdiek/centernot.sty)
(e:/software/texlive/2026/texmf-dist/tex/generic/kastrup/binhex.tex)
amsthm NOT loaded
) (e:/software/texlive/2026/texmf-dist/tex/latex/esint/esint.sty)
(e:/software/texlive/2026/texmf-dist/tex/latex/biblatex/biblatex.sty
(e:/software/texlive/2026/texmf-dist/tex/latex/logreq/logreq.sty
(e:/software/texlive/2026/texmf-dist/tex/latex/logreq/logreq.def))
(e:/software/texlive/2026/texmf-dist/tex/latex/biblatex/blx-dm.def)
(e:/software/texlive/2026/texmf-dist/tex/latex/biblatex/blx-unicode.def)
(e:/software/texlive/2026/texmf-dist/tex/latex/biblatex/blx-compat.def)
(e:/software/texlive/2026/texmf-dist/tex/latex/biblatex/biblatex.def)
(e:/software/texlive/2026/texmf-dist/tex/latex/biblatex/bbx/numeric.bbx
(e:/software/texlive/2026/texmf-dist/tex/latex/biblatex/bbx/standard.bbx))
(e:/software/texlive/2026/texmf-dist/tex/latex/biblatex/cbx/numeric-comp.cbx)
(e:/software/texlive/2026/texmf-dist/tex/latex/biblatex/biblatex.cfg)
(e:/software/texlive/2026/texmf-dist/tex/latex/biblatex/blx-case-expl3.sty))
(e:/software/texlive/2026/texmf-dist/tex/latex/appendix/appendix.sty)
(e:/software/texlive/2026/texmf-dist/tex/latex/listings/listings.sty
(e:/software/texlive/2026/texmf-dist/tex/latex/listings/lstpatch.sty)
(e:/software/texlive/2026/texmf-dist/tex/latex/listings/lstmisc.sty)
(e:/software/texlive/2026/texmf-dist/tex/latex/listings/listings.cfg))
(e:/software/texlive/2026/texmf-dist/tex/xelatex/xecjk/xeCJK-listings.sty)
==> First Aid for listings.sty no longer applied!
    Expected:
        2024/09/23 1.10c (Carsten Heinz)
    but found:
        2025/11/14 1.11b (Carsten Heinz)
    so I'm assuming it got fixed.
(e:/software/texlive/2026/texmf-dist/tex/latex/listings/lstlang1.sty)
(e:/software/texlive/2026/texmf-dist/tex/latex/listings/lstlang2.sty)
(e:/software/texlive/2026/texmf-dist/tex/latex/listings/lstlang3.sty)
(e:/software/texlive/2026/texmf-dist/tex/latex/listings/lstlang1.sty)
(e:/software/texlive/2026/texmf-dist/tex/latex/listings/lstlang2.sty)
(e:/software/texlive/2026/texmf-dist/tex/latex/listings/lstlang3.sty)
(e:/software/texlive/2026/texmf-dist/tex/latex/listings/lstlang1.sty)
(e:/software/texlive/2026/texmf-dist/tex/latex/listings/lstlang2.sty)
(e:/software/texlive/2026/texmf-dist/tex/latex/listings/lstlang3.sty)
(e:/software/texlive/2026/texmf-dist/tex/latex/listings/lstmisc.sty))
(e:/software/texlive/2026/texmf-dist/tex/latex/float/float.sty)
(e:/software/texlive/2026/texmf-dist/tex/latex/placeins/placeins.sty)
(e:/software/texlive/2026/texmf-dist/tex/latex/tools/array.sty)
(e:/software/texlive/2026/texmf-dist/tex/latex/tools/tabularx.sty)
(e:/software/texlive/2026/texmf-dist/tex/latex/makecell/makecell.sty)
(e:/software/texlive/2026/texmf-dist/tex/latex/threeparttable/threeparttable.st
y) (e:/software/texlive/2026/texmf-dist/tex/latex/siunitx/siunitx.sty
(e:/software/texlive/2026/texmf-dist/tex/latex/translations/translations.sty))
(e:/software/texlive/2026/texmf-dist/tex/latex/xurl/xurl.sty
xurl: Set penalties for biblatex
) (e:/software/texlive/2026/texmf-dist/tex/latex/needspace/needspace.sty)
(e:/software/texlive/2026/texmf-dist/tex/latex/algorithms/algorithm.sty)
(e:/software/texlive/2026/texmf-dist/tex/latex/algorithmicx/algpseudocode.sty
(e:/software/texlive/2026/texmf-dist/tex/latex/algorithmicx/algorithmicx.sty
Document Style algorithmicx 1.2 - a greatly improved `algorithmic' style
)
Document Style - pseudocode environments for use with the `algorithmicx' style
) (./flatten_curve_analysis_cn.aux)
(e:/software/texlive/2026/texmf-dist/tex/latex/newtx/omlntxmi.fd)
(e:/software/texlive/2026/texmf-dist/tex/latex/newtx/untxexa.fd)
(e:/software/texlive/2026/texmf-dist/tex/latex/newtx/lmsntxsy.fd)
(e:/software/texlive/2026/texmf-dist/tex/latex/newtx/lmxntxexx.fd)
(./flatten_curve_analysis_cn.out) (./flatten_curve_analysis_cn.out)
*geometry* driver: auto-detecting
*geometry* detected driver: xetex
(e:/software/texlive/2026/texmf-dist/tex/latex/biblatex/lbx/english.lbx)
(./flatten_curve_analysis_cn.bbl)
(e:/software/texlive/2026/texmf-dist/tex/latex/footmisc/footmisc.sty)
(e:/software/texlive/2026/texmf-dist/tex/latex/translations/translations-basic-
dictionary-english.trsl)
(e:/software/texlive/2026/texmf-dist/tex/latex/newtx/ot1ntxtlf.fd)
(e:/software/texlive/2026/texmf-dist/tex/latex/amsfonts/umsa.fd)
(e:/software/texlive/2026/texmf-dist/tex/latex/amsfonts/umsb.fd)
(e:/software/texlive/2026/texmf-dist/tex/latex/newtx/untxmia.fd)
(e:/software/texlive/2026/texmf-dist/tex/latex/newtx/untxsym.fd)
(e:/software/texlive/2026/texmf-dist/tex/latex/newtx/untxsyc.fd)
(e:/software/texlive/2026/texmf-dist/tex/latex/esint/uesint.fd) [1] [2]
[3] [4] [5] [6] [7] [8] [9] [10] [11] [12] [13] [14] [15] [16] [17] [18]
[19] [20] [21] [22] [23] [24] [25] [26] [27] [28] [29] [30] [31] [32] [33]
[34] [35] [36] [37] [38]
Underfull \hbox (badness 2376) in paragraph at lines 1857--1858
[]\TU/SimSun(0)/m/n/10 累 计 感 染 与 清 零 时 间 条 件 进 一 步 缩 小 了 比 较 范 围。|  累 计 感 染 与 实
 际 成 本 条 件 的 数 值 交 点 约 为
[39] [40] [41] [42] [43] [44] [45] [46] [47] [48] [49] [50] [51]
(./flatten_curve_analysis_cn.aux) )
(see the transcript file for additional information)
Output written on flatten_curve_analysis_cn.pdf (51 pages).
Transcript written on flatten_curve_analysis_cn.log.
