== 1) N=763 基准锚点 ==
  OK  S_star                       =        708.347  (期望 708.347)
  OK  S_c                          =       175.1602  (期望 175.1602)
  OK  q_max                        =      0.7564933  (期望 0.7565)
  OK  q_inf                        =       0.408284  (期望 0.40828)
  OK  dt                           =       5.902556  (期望 5.9026)
  OK  seg_high(t_inf-t1)           =       2.701312  (期望 2.7013)
  OK  seg_low(t2-t_inf)            =       3.201244  (期望 3.2012)
  OK  lam(相对位置)                    =      0.4576512  (期望 0.458)
  OK  两段之和 = dt
  OK  q_c'' 因子分解误差 = 1.73e-17
       |g| 上界 = 0.09623 于 x = 1.2679, 4.7321
  OK  chord_dev(%)                 =        4.43854  (期望 4.4)

== 2) 西安实例（§4.4 脚注引用）==
  OK  q_inf                        =      0.4119031  (期望 0.4119)
  OK  q_max=q_c(t1)                =      0.8453599  (期望 0.8454)
  OK  chord_dev(%)                 =       9.588688  (期望 9.6)

== 3) 四参数解析偏导与中心差分 ==
  OK  S*_eta (h=3.8e-04)           analytic=-1.46133694e+00  FD=-1.46133694e+00  err=1.31e-10  tol=7.31e-05
  OK  lambda_eta (h=3.8e-04)       analytic=-4.77334542e-04  FD=-4.77334542e-04  err=9.27e-14  tol=3.39e-08
  OK  S*_c0 (h=1.0e-04)            analytic= 1.69902357e+00  FD= 1.69902357e+00  err=2.99e-09  tol=8.50e-05
  OK  lambda_c0 (h=1.0e-04)        analytic= 2.36925850e-02  FD= 2.36925850e-02  err=3.51e-12  tol=1.19e-06
  OK  S*_beta (h=1.0e-05)          analytic= 1.41448704e+02  FD= 1.41448705e+02  err=1.06e-06  tol=7.07e-03
  OK  lambda_beta (h=1.0e-05)      analytic= 2.90579700e+00  FD= 2.90579701e+00  err=8.49e-09  tol=1.45e-04
  OK  S*_q0 (h=1.0e-05)            analytic=-3.45613803e+02  FD=-3.45613803e+02  err=7.26e-08  tol=1.73e-02
  OK  lambda_q0 (h=1.0e-05)        analytic= 8.25028211e-01  FD= 8.25028211e-01  err=2.74e-10  tol=4.13e-05
  OK  解析符号：S* 四项与 lambda 前三项
  OK  S*_theta = N S*_eta          analytic=-1.11500009e+03  FD=-1.11500009e+03  err=0.00e+00  tol=5.58e-02
  OK  lambda_theta = N lambda_eta  analytic=-3.64206256e-01  FD=-3.64206256e-01  err=0.00e+00  tol=1.82e-05

  S* 偏导不要求内部拐点：
  OK  c0=4: status=ok, has_inflection=False
  OK  无拐点 S*_c0 (h=4.0e-05)        analytic= 5.02225168e+01  FD= 5.02225169e+01  err=6.47e-08  tol=2.51e-03
  OK  无内部拐点时拒绝 lambda 偏导

== 4) q0 驻点：检测根、候选点与两侧符号 ==
  OK  beta=0.10: lambda_q0(0.03)=0.286010>0, lambda_q0(0.15)=-1.647705<0
  beta=0.100: 变号根=[0.07365249503160073]  近零候选=[]
    OK  q0=0.073652495: residual=7.99e-15, sides=(3.923e-04,-3.923e-04)@1.0e-05, FD=-2.24e-09, FD-root=0.073652495
  beta=0.120: 变号根=[0.19696061483286859]  近零候选=[]
    OK  q0=0.196960615: residual=-2.22e-14, sides=(3.148e-04,-3.148e-04)@1.0e-05, FD=-6.57e-09, FD-root=0.196960614
  beta=0.155: 变号根=[0.38907120547777735]  近零候选=[]
    OK  q0=0.389071205: residual=1.11e-14, sides=(1.059e-03,-1.060e-03)@1.0e-05, FD=-2.82e-06, FD-root=0.389071200

== 5) 方向扫描（仅作数值回归检查）==
  参数          lam 方向    lam 端点                  dt 方向     dt 端点
  beta        +         0.002 -> 0.998          +         4.15 -> 6.45
  q0          ±         0.445 -> 0.859          -         6.11 -> 0.88
  c0          +         0.012 -> 0.546          ±         7.18 -> 4.40
  theta=eta/N -         0.470 -> 0.458          -         22.37 -> 5.90

== 6) dt、eta/N 换单位与可行性守卫 ==
  OK  dt(c0=6)                     =       7.396512  (期望 7.4)
  OK  dt(c0=10)                    =       5.902556  (期望 5.9)
  OK  dt(c0=15)                    =       4.597179  (期望 4.6)
  OK  dt(c0=25)                    =       3.220047  (期望 3.22)
    theta=0.05    max|q_c''|=0.0285  dt=   5.90(期望5.9)  弦偏差=4.44%(期望4.44)
    theta=0.005   max|q_c''|=0.0003  dt=  60.72(期望60.7)  弦偏差=4.17%(期望4.17)
  OK  S0=100 < S_c=175.16 -> status=no_initial_growth

==> 全部通过
