[2026-10-03 13:03:36] active run: E:\work\draft\reproducibility\runs\20261003_release_final\run_2\workspace\scenario1_threshold_landscape\current_run
[2026-10-03 13:10:00] wrote E:\work\draft\reproducibility\runs\20261003_release_final\run_2\workspace\scenario1_threshold_landscape\current_run\output_csv\landscape_summary.csv (28438 rows)
[2026-10-03 13:10:00] valid rows: 26780 / 28438
[2026-10-03 13:10:00] diagnostic rows: 1658
[2026-10-03 13:10:00] data generation finished
[2026-10-03 13:10:01] row count: 28438
[2026-10-03 13:10:01] valid rows: 26780
[2026-10-03 13:10:01] eta/N=0.2%: peak c0=4.30, Delta_t=211.5435
[2026-10-03 13:10:01] eta/N=0.5%: peak c0=4.30, Delta_t=84.0134
[2026-10-03 13:10:01] eta/N=1.0%: peak c0=4.40, Delta_t=41.5169
[2026-10-03 13:10:01] eta/N=2.0%: peak c0=4.60, Delta_t=20.2813
[2026-10-03 13:10:01] eta/N=5.0%: peak c0=5.10, Delta_t=7.5788
[2026-10-03 13:10:01] figure 8 c0 curves: 5, 8, 10, 12; full eta coverage and Delta_t ordering passed
[2026-10-03 13:10:01] main-output numerical validation passed
[2026-10-03 13:10:01] main c0 table rows: 6
[2026-10-03 13:10:01] main eta table rows: 4
[2026-10-03 13:10:01] main-paper summary tables finished
[2026-10-03 13:10:02] plotting heatmap_t1.pdf with limits [0, 60]
[2026-10-03 13:10:10] saved E:\work\draft\reproducibility\runs\20261003_release_final\run_2\workspace\scenario1_threshold_landscape\current_run\figures\heatmap_t1.pdf
[2026-10-03 13:10:10] plotting heatmap_delta_t.pdf with limits [0, 215]
[2026-10-03 13:10:15] saved E:\work\draft\reproducibility\runs\20261003_release_final\run_2\workspace\scenario1_threshold_landscape\current_run\figures\heatmap_delta_t.pdf
[2026-10-03 13:10:15] plotting heatmap_t_end.pdf with limits [0, 300]
[2026-10-03 13:10:19] saved E:\work\draft\reproducibility\runs\20261003_release_final\run_2\workspace\scenario1_threshold_landscape\current_run\figures\heatmap_t_end.pdf
[2026-10-03 13:10:19] plotting heatmap_q_max.pdf with limits [0, 1]
[2026-10-03 13:10:24] saved E:\work\draft\reproducibility\runs\20261003_release_final\run_2\workspace\scenario1_threshold_landscape\current_run\figures\heatmap_q_max.pdf
[2026-10-03 13:10:24] plotting heatmap_J.pdf with limits [0, 70]
[2026-10-03 13:10:28] saved E:\work\draft\reproducibility\runs\20261003_release_final\run_2\workspace\scenario1_threshold_landscape\current_run\figures\heatmap_J.pdf
[2026-10-03 13:10:28] plotting heatmap_I_t_cum.pdf with limits [50, 400]
[2026-10-03 13:10:32] saved E:\work\draft\reproducibility\runs\20261003_release_final\run_2\workspace\scenario1_threshold_landscape\current_run\figures\heatmap_I_t_cum.pdf
[警告: 向量化内容可能需要很长时间才能创建，或者可能包含意外结果。将 'ContentType' 设置为 'image' 以提高性能。<a href="matlab:warning('off',
'MATLAB:print:ContentTypeImageSuggested')">点击此处</a>以不再显示此消息。] 
MATLAB_DETERMINISTIC_EXPORT_COMPLETE E:\work\draft\reproducibility\runs\20261003_release_final\run_2\workspace\scenario1_threshold_landscape\current_run\figures\scenario1_heatmaps_c0_eta.geometry.json
[2026-10-03 13:10:52] saved near final paper size E:\work\draft\reproducibility\runs\20261003_release_final\run_2\workspace\scenario1_threshold_landscape\current_run\figures\scenario1_heatmaps_c0_eta.pdf
[2026-10-03 13:10:52] heatmaps finished
================ Parameters ================
N       = 763.000000
gamma   = 0.350400
delta   = 0.350400
R0      = 4.356013
c0      = 10.000000
q0      = 0.015260
beta    = 0.155000
beta*c0 = 1.550000
eta     = 38.150000
S0      = 762.000000
I0      = 1.000000
Scrit   = 175.160170

S* = 708.3469575874
t1 = 3.1754067956 days
t2 = 9.0779626468 days

================ Numerical verification ================
Controlled max I(t) = 38.1500001070, at t = 3.1754067956 days
|max I - eta|      = 1.0695433872e-07

Max |I(t)-eta| on [t1,t2] = 1.0695433872e-07

Background max I(t) = 300.3726457913, at t = 6.7065140782 days

Near t1: S(t1)=708.3469574334, I(t1)=38.1500001070
Theory:  S*=708.3469575874, eta=38.1500000000
Errors: |S(t1)-S*|=1.5405294107e-07, |I(t1)-eta|=1.0695433872e-07

Near t2: S(t2)=175.1601694822, I(t2)=38.1499999796, q(t2)=0.0152600000
Theory:  Scrit=175.1601700007
Error:   |S(t2)-Scrit|=5.1841439586e-07
========================================================
MATLAB_DETERMINISTIC_EXPORT_COMPLETE E:\work\draft\reproducibility\runs\20261003_release_final\run_2\workspace\figures\optimal_control_with_quarantine_panels.geometry.json
Six-panel PDF exported successfully: E:\work\draft\reproducibility\runs\20261003_release_final\run_2\workspace\figures\optimal_control_with_quarantine_panels.pdf
MATLAB_DETERMINISTIC_EXPORT_COMPLETE E:\work\draft\reproducibility\runs\20261003_release_final\run_2\workspace\latex\figures\layout_v5\baseline_q_joint.geometry.json
MATLAB_DETERMINISTIC_EXPORT_COMPLETE E:\work\draft\reproducibility\runs\20261003_release_final\run_2\workspace\latex\figures\layout_v5\c0_sensitivity_selected_eta.geometry.json
MATLAB_DETERMINISTIC_EXPORT_COMPLETE E:\work\draft\reproducibility\runs\20261003_release_final\run_2\workspace\latex\figures\layout_v5\eta_sensitivity_selected_c0.geometry.json
MATLAB_LAYOUT_V5_OK
FULL_MATLAB_REPRODUCTION_OK
