This is XeTeX, Version 3.141592653-2.6-0.999998 (TeX Live 2026) (preloaded format=xelatex)
 restricted \write18 enabled.
entering extended mode
(./flatten_curve_supplement_cn.tex
LaTeX2e <2025-11-01>
L3 programming layer <2026-01-19>
(./elegantpaper.cls
Document Class: elegantpaper 2022/12/31 v0.11 ElegantLaTeX Paper class
(e:/software/texlive/2026/texmf-dist/tex/latex/kvoptions/kvoptions.sty
(e:/software/texlive/2026/texmf-dist/tex/latex/graphics/keyval.sty)
(e:/software/texlive/2026/texmf-dist/tex/generic/ltxcmds/ltxcmds.sty)
(e:/software/texlive/2026/texmf-dist/tex/latex/kvsetkeys/kvsetkeys.sty))
(e:/software/texlive/2026/texmf-dist/tex/latex/etoolbox/etoolbox.sty)
(e:/software/texlive/2026/texmf-dist/tex/latex/tools/calc.sty)
(e:/software/texlive/2026/texmf-dist/tex/latex/base/article.cls
Document Class: article 2025/01/22 v1.4n Standard LaTeX document class
(e:/software/texlive/2026/texmf-dist/tex/latex/base/size10.clo))
(e:/software/texlive/2026/texmf-dist/tex/latex/hyperref/hyperref.sty
(e:/software/texlive/2026/texmf-dist/tex/generic/iftex/iftex.sty)
(e:/software/texlive/2026/texmf-dist/tex/generic/kvdefinekeys/kvdefinekeys.sty)
 (e:/software/texlive/2026/texmf-dist/tex/generic/pdfescape/pdfescape.sty
(e:/software/texlive/2026/texmf-dist/tex/generic/pdftexcmds/pdftexcmds.sty
(e:/software/texlive/2026/texmf-dist/tex/generic/infwarerr/infwarerr.sty)))
(e:/software/texlive/2026/texmf-dist/tex/latex/hycolor/hycolor.sty)
(e:/software/texlive/2026/texmf-dist/tex/latex/hyperref/nameref.sty
(e:/software/texlive/2026/texmf-dist/tex/latex/refcount/refcount.sty)
(e:/software/texlive/2026/texmf-dist/tex/generic/gettitlestring/gettitlestring.
sty)) (e:/software/texlive/2026/texmf-dist/tex/generic/stringenc/stringenc.sty)
(e:/software/texlive/2026/texmf-dist/tex/latex/hyperref/pd1enc.def)
(e:/software/texlive/2026/texmf-dist/tex/generic/intcalc/intcalc.sty)
(e:/software/texlive/2026/texmf-dist/tex/latex/hyperref/puenc.def)
(e:/software/texlive/2026/texmf-dist/tex/latex/url/url.sty)
(e:/software/texlive/2026/texmf-dist/tex/generic/bitset/bitset.sty
(e:/software/texlive/2026/texmf-dist/tex/generic/bigintcalc/bigintcalc.sty)))
(e:/software/texlive/2026/texmf-dist/tex/latex/hyperref/hxetex.def
(e:/software/texlive/2026/texmf-dist/tex/latex/rerunfilecheck/rerunfilecheck.st
y
(e:/software/texlive/2026/texmf-dist/tex/generic/uniquecounter/uniquecounter.st
y))) (e:/software/texlive/2026/texmf-dist/tex/latex/geometry/geometry.sty
(e:/software/texlive/2026/texmf-dist/tex/generic/iftex/ifvtex.sty))
(e:/software/texlive/2026/texmf-dist/tex/latex/amsmath/amsmath.sty
For additional information on amsmath, use the `?' option.
(e:/software/texlive/2026/texmf-dist/tex/latex/amsmath/amstext.sty
(e:/software/texlive/2026/texmf-dist/tex/latex/amsmath/amsgen.sty))
(e:/software/texlive/2026/texmf-dist/tex/latex/amsmath/amsbsy.sty)
(e:/software/texlive/2026/texmf-dist/tex/latex/amsmath/amsopn.sty))
(e:/software/texlive/2026/texmf-dist/tex/latex/amscls/amsthm.sty)
(e:/software/texlive/2026/texmf-dist/tex/latex/amsfonts/amssymb.sty
(e:/software/texlive/2026/texmf-dist/tex/latex/amsfonts/amsfonts.sty))
(e:/software/texlive/2026/texmf-dist/tex/latex/tools/indentfirst.sty)
(e:/software/texlive/2026/texmf-dist/tex/latex/booktabs/booktabs.sty)
(e:/software/texlive/2026/texmf-dist/tex/latex/tools/multicol.sty)
(e:/software/texlive/2026/texmf-dist/tex/latex/multirow/multirow.sty)
(e:/software/texlive/2026/texmf-dist/tex/latex/xcolor/xcolor.sty
(e:/software/texlive/2026/texmf-dist/tex/latex/graphics-cfg/color.cfg)
(e:/software/texlive/2026/texmf-dist/tex/latex/graphics-def/xetex.def)
(e:/software/texlive/2026/texmf-dist/tex/latex/graphics/mathcolor.ltx))
(e:/software/texlive/2026/texmf-dist/tex/latex/graphics/graphicx.sty
(e:/software/texlive/2026/texmf-dist/tex/latex/graphics/graphics.sty
(e:/software/texlive/2026/texmf-dist/tex/latex/graphics/trig.sty)
(e:/software/texlive/2026/texmf-dist/tex/latex/graphics-cfg/graphics.cfg)))
(e:/software/texlive/2026/texmf-dist/tex/latex/fancyvrb/fancyvrb.sty)
(e:/software/texlive/2026/texmf-dist/tex/latex/abstract/abstract.sty)
(e:/software/texlive/2026/texmf-dist/tex/generic/hologo/hologo.sty)
(e:/software/texlive/2026/texmf-dist/tex/latex/caption/caption.sty
(e:/software/texlive/2026/texmf-dist/tex/latex/caption/caption3.sty))
(e:/software/texlive/2026/texmf-dist/tex/latex/enumitem/enumitem.sty)
(e:/software/texlive/2026/texmf-dist/tex/latex/fontspec/fontspec.sty
(e:/software/texlive/2026/texmf-dist/tex/latex/l3packages/xparse/xparse.sty
(e:/software/texlive/2026/texmf-dist/tex/latex/l3kernel/expl3.sty
(e:/software/texlive/2026/texmf-dist/tex/latex/l3backend/l3backend-xetex.def)))
(e:/software/texlive/2026/texmf-dist/tex/latex/fontspec/fontspec-xetex.sty
(e:/software/texlive/2026/texmf-dist/tex/latex/base/fontenc.sty)
(e:/software/texlive/2026/texmf-dist/tex/latex/fontspec/fontspec.cfg)))
(e:/software/texlive/2026/texmf-dist/tex/latex/ctex/ctex.sty
(e:/software/texlive/2026/texmf-dist/tex/latex/ctex/ctexhook.sty)
(e:/software/texlive/2026/texmf-dist/tex/latex/ctex/ctexpatch.sty)
(e:/software/texlive/2026/texmf-dist/tex/latex/base/fix-cm.sty
(e:/software/texlive/2026/texmf-dist/tex/latex/base/ts1enc.def))
(e:/software/texlive/2026/texmf-dist/tex/latex/ctex/config/ctexopts.cfg)
(e:/software/texlive/2026/texmf-dist/tex/latex/ctex/engine/ctex-engine-xetex.de
f (e:/software/texlive/2026/texmf-dist/tex/xelatex/xecjk/xeCJK.sty
(e:/software/texlive/2026/texmf-dist/tex/latex/l3packages/xtemplate/xtemplate.s
ty) (e:/software/texlive/2026/texmf-dist/tex/xelatex/xecjk/xeCJK.cfg)))
(e:/software/texlive/2026/texmf-dist/tex/latex/zhnumber/zhnumber.sty
(e:/software/texlive/2026/texmf-dist/tex/latex/zhnumber/zhnumber-utf8.cfg))
(e:/software/texlive/2026/texmf-dist/tex/latex/ctex/scheme/ctex-scheme-plain.de
f)
(e:/software/texlive/2026/texmf-dist/tex/latex/ctex/fontset/ctex-fontset-window
s.def)) (e:/software/texlive/2026/texmf-dist/tex/latex/ctex/config/ctex.cfg)
(e:/software/texlive/2026/texmf-dist/tex/latex/newtx/newtxmath.sty
`newtxmath' v1.754, 2024/09/22 Math macros based originally on txfonts (msharpe
) (e:/software/texlive/2026/texmf-dist/tex/latex/base/ifthen.sty)
(e:/software/texlive/2026/texmf-dist/tex/latex/xkeyval/xkeyval.sty
(e:/software/texlive/2026/texmf-dist/tex/generic/xkeyval/xkeyval.tex
(e:/software/texlive/2026/texmf-dist/tex/generic/xkeyval/xkvutils.tex)))
(e:/software/texlive/2026/texmf-dist/tex/latex/oberdiek/centernot.sty)
(e:/software/texlive/2026/texmf-dist/tex/generic/kastrup/binhex.tex)
amsthm NOT loaded
) (e:/software/texlive/2026/texmf-dist/tex/latex/esint/esint.sty)
(e:/software/texlive/2026/texmf-dist/tex/latex/biblatex/biblatex.sty
(e:/software/texlive/2026/texmf-dist/tex/latex/logreq/logreq.sty
(e:/software/texlive/2026/texmf-dist/tex/latex/logreq/logreq.def))
(e:/software/texlive/2026/texmf-dist/tex/latex/biblatex/blx-dm.def)
(e:/software/texlive/2026/texmf-dist/tex/latex/biblatex/blx-unicode.def)
(e:/software/texlive/2026/texmf-dist/tex/latex/biblatex/blx-compat.def)
(e:/software/texlive/2026/texmf-dist/tex/latex/biblatex/biblatex.def)
(e:/software/texlive/2026/texmf-dist/tex/latex/biblatex/bbx/numeric.bbx
(e:/software/texlive/2026/texmf-dist/tex/latex/biblatex/bbx/standard.bbx))
(e:/software/texlive/2026/texmf-dist/tex/latex/biblatex/cbx/numeric-comp.cbx)
(e:/software/texlive/2026/texmf-dist/tex/latex/biblatex/biblatex.cfg)
(e:/software/texlive/2026/texmf-dist/tex/latex/biblatex/blx-case-expl3.sty))
(e:/software/texlive/2026/texmf-dist/tex/latex/appendix/appendix.sty)
(e:/software/texlive/2026/texmf-dist/tex/latex/listings/listings.sty
(e:/software/texlive/2026/texmf-dist/tex/latex/listings/lstpatch.sty)
(e:/software/texlive/2026/texmf-dist/tex/latex/listings/lstmisc.sty)
(e:/software/texlive/2026/texmf-dist/tex/latex/listings/listings.cfg))
(e:/software/texlive/2026/texmf-dist/tex/xelatex/xecjk/xeCJK-listings.sty)
==> First Aid for listings.sty no longer applied!
    Expected:
        2024/09/23 1.10c (Carsten Heinz)
    but found:
        2025/11/14 1.11b (Carsten Heinz)
    so I'm assuming it got fixed.
(e:/software/texlive/2026/texmf-dist/tex/latex/listings/lstlang1.sty)
(e:/software/texlive/2026/texmf-dist/tex/latex/listings/lstlang2.sty)
(e:/software/texlive/2026/texmf-dist/tex/latex/listings/lstlang3.sty)
(e:/software/texlive/2026/texmf-dist/tex/latex/listings/lstlang1.sty)
(e:/software/texlive/2026/texmf-dist/tex/latex/listings/lstlang2.sty)
(e:/software/texlive/2026/texmf-dist/tex/latex/listings/lstlang3.sty)
(e:/software/texlive/2026/texmf-dist/tex/latex/listings/lstlang1.sty)
(e:/software/texlive/2026/texmf-dist/tex/latex/listings/lstlang2.sty)
(e:/software/texlive/2026/texmf-dist/tex/latex/listings/lstlang3.sty)
(e:/software/texlive/2026/texmf-dist/tex/latex/listings/lstmisc.sty))
(e:/software/texlive/2026/texmf-dist/tex/latex/tools/array.sty)
(e:/software/texlive/2026/texmf-dist/tex/latex/tools/tabularx.sty)
(e:/software/texlive/2026/texmf-dist/tex/latex/makecell/makecell.sty)
(e:/software/texlive/2026/texmf-dist/tex/latex/threeparttable/threeparttable.st
y) (e:/software/texlive/2026/texmf-dist/tex/latex/siunitx/siunitx.sty
(e:/software/texlive/2026/texmf-dist/tex/latex/translations/translations.sty))
(e:/software/texlive/2026/texmf-dist/tex/latex/xurl/xurl.sty
xurl: Set penalties for biblatex
)
No file flatten_curve_supplement_cn.aux.
(e:/software/texlive/2026/texmf-dist/tex/latex/newtx/omlntxmi.fd)
(e:/software/texlive/2026/texmf-dist/tex/latex/newtx/untxexa.fd)
(e:/software/texlive/2026/texmf-dist/tex/latex/newtx/lmsntxsy.fd)
(e:/software/texlive/2026/texmf-dist/tex/latex/newtx/lmxntxexx.fd)

Package hyperref Warning: Rerun to get /PageLabels entry.

*geometry* driver: auto-detecting
*geometry* detected driver: xetex
(e:/software/texlive/2026/texmf-dist/tex/latex/biblatex/lbx/english.lbx)
No file flatten_curve_supplement_cn.bbl.
(e:/software/texlive/2026/texmf-dist/tex/latex/footmisc/footmisc.sty)
(e:/software/texlive/2026/texmf-dist/tex/latex/translations/translations-basic-
dictionary-english.trsl)
(e:/software/texlive/2026/texmf-dist/tex/latex/newtx/ot1ntxtlf.fd)
(e:/software/texlive/2026/texmf-dist/tex/latex/amsfonts/umsa.fd)
(e:/software/texlive/2026/texmf-dist/tex/latex/amsfonts/umsb.fd)
(e:/software/texlive/2026/texmf-dist/tex/latex/newtx/untxmia.fd)
(e:/software/texlive/2026/texmf-dist/tex/latex/newtx/untxsym.fd)
(e:/software/texlive/2026/texmf-dist/tex/latex/newtx/untxsyc.fd)
(e:/software/texlive/2026/texmf-dist/tex/latex/esint/uesint.fd) [1] [2]
[3] (./flatten_curve_supplement_cn.aux)

LaTeX Warning: There were undefined references.


LaTeX Warning: Label(s) may have changed. Rerun to get cross-references right.


Package rerunfilecheck Warning: File `flatten_curve_supplement_cn.out' has chan
ged.
(rerunfilecheck)                Rerun to get outlines right
(rerunfilecheck)                or use package `bookmark'.


Package biblatex Warning: Please (re)run Biber on the file:
(biblatex)                flatten_curve_supplement_cn
(biblatex)                and rerun LaTeX afterwards.

 )
Output written on flatten_curve_supplement_cn.pdf (3 pages).
Transcript written on flatten_curve_supplement_cn.log.
This is XeTeX, Version 3.141592653-2.6-0.999998 (TeX Live 2026) (preloaded format=xelatex)
 restricted \write18 enabled.
entering extended mode
(./flatten_curve_supplement_cn.tex
LaTeX2e <2025-11-01>
L3 programming layer <2026-01-19>
(./elegantpaper.cls
Document Class: elegantpaper 2022/12/31 v0.11 ElegantLaTeX Paper class
(e:/software/texlive/2026/texmf-dist/tex/latex/kvoptions/kvoptions.sty
(e:/software/texlive/2026/texmf-dist/tex/latex/graphics/keyval.sty)
(e:/software/texlive/2026/texmf-dist/tex/generic/ltxcmds/ltxcmds.sty)
(e:/software/texlive/2026/texmf-dist/tex/latex/kvsetkeys/kvsetkeys.sty))
(e:/software/texlive/2026/texmf-dist/tex/latex/etoolbox/etoolbox.sty)
(e:/software/texlive/2026/texmf-dist/tex/latex/tools/calc.sty)
(e:/software/texlive/2026/texmf-dist/tex/latex/base/article.cls
Document Class: article 2025/01/22 v1.4n Standard LaTeX document class
(e:/software/texlive/2026/texmf-dist/tex/latex/base/size10.clo))
(e:/software/texlive/2026/texmf-dist/tex/latex/hyperref/hyperref.sty
(e:/software/texlive/2026/texmf-dist/tex/generic/iftex/iftex.sty)
(e:/software/texlive/2026/texmf-dist/tex/generic/kvdefinekeys/kvdefinekeys.sty)
 (e:/software/texlive/2026/texmf-dist/tex/generic/pdfescape/pdfescape.sty
(e:/software/texlive/2026/texmf-dist/tex/generic/pdftexcmds/pdftexcmds.sty
(e:/software/texlive/2026/texmf-dist/tex/generic/infwarerr/infwarerr.sty)))
(e:/software/texlive/2026/texmf-dist/tex/latex/hycolor/hycolor.sty)
(e:/software/texlive/2026/texmf-dist/tex/latex/hyperref/nameref.sty
(e:/software/texlive/2026/texmf-dist/tex/latex/refcount/refcount.sty)
(e:/software/texlive/2026/texmf-dist/tex/generic/gettitlestring/gettitlestring.
sty)) (e:/software/texlive/2026/texmf-dist/tex/generic/stringenc/stringenc.sty)
(e:/software/texlive/2026/texmf-dist/tex/latex/hyperref/pd1enc.def)
(e:/software/texlive/2026/texmf-dist/tex/generic/intcalc/intcalc.sty)
(e:/software/texlive/2026/texmf-dist/tex/latex/hyperref/puenc.def)
(e:/software/texlive/2026/texmf-dist/tex/latex/url/url.sty)
(e:/software/texlive/2026/texmf-dist/tex/generic/bitset/bitset.sty
(e:/software/texlive/2026/texmf-dist/tex/generic/bigintcalc/bigintcalc.sty)))
(e:/software/texlive/2026/texmf-dist/tex/latex/hyperref/hxetex.def
(e:/software/texlive/2026/texmf-dist/tex/latex/rerunfilecheck/rerunfilecheck.st
y
(e:/software/texlive/2026/texmf-dist/tex/generic/uniquecounter/uniquecounter.st
y))) (e:/software/texlive/2026/texmf-dist/tex/latex/geometry/geometry.sty
(e:/software/texlive/2026/texmf-dist/tex/generic/iftex/ifvtex.sty))
(e:/software/texlive/2026/texmf-dist/tex/latex/amsmath/amsmath.sty
For additional information on amsmath, use the `?' option.
(e:/software/texlive/2026/texmf-dist/tex/latex/amsmath/amstext.sty
(e:/software/texlive/2026/texmf-dist/tex/latex/amsmath/amsgen.sty))
(e:/software/texlive/2026/texmf-dist/tex/latex/amsmath/amsbsy.sty)
(e:/software/texlive/2026/texmf-dist/tex/latex/amsmath/amsopn.sty))
(e:/software/texlive/2026/texmf-dist/tex/latex/amscls/amsthm.sty)
(e:/software/texlive/2026/texmf-dist/tex/latex/amsfonts/amssymb.sty
(e:/software/texlive/2026/texmf-dist/tex/latex/amsfonts/amsfonts.sty))
(e:/software/texlive/2026/texmf-dist/tex/latex/tools/indentfirst.sty)
(e:/software/texlive/2026/texmf-dist/tex/latex/booktabs/booktabs.sty)
(e:/software/texlive/2026/texmf-dist/tex/latex/tools/multicol.sty)
(e:/software/texlive/2026/texmf-dist/tex/latex/multirow/multirow.sty)
(e:/software/texlive/2026/texmf-dist/tex/latex/xcolor/xcolor.sty
(e:/software/texlive/2026/texmf-dist/tex/latex/graphics-cfg/color.cfg)
(e:/software/texlive/2026/texmf-dist/tex/latex/graphics-def/xetex.def)
(e:/software/texlive/2026/texmf-dist/tex/latex/graphics/mathcolor.ltx))
(e:/software/texlive/2026/texmf-dist/tex/latex/graphics/graphicx.sty
(e:/software/texlive/2026/texmf-dist/tex/latex/graphics/graphics.sty
(e:/software/texlive/2026/texmf-dist/tex/latex/graphics/trig.sty)
(e:/software/texlive/2026/texmf-dist/tex/latex/graphics-cfg/graphics.cfg)))
(e:/software/texlive/2026/texmf-dist/tex/latex/fancyvrb/fancyvrb.sty)
(e:/software/texlive/2026/texmf-dist/tex/latex/abstract/abstract.sty)
(e:/software/texlive/2026/texmf-dist/tex/generic/hologo/hologo.sty)
(e:/software/texlive/2026/texmf-dist/tex/latex/caption/caption.sty
(e:/software/texlive/2026/texmf-dist/tex/latex/caption/caption3.sty))
(e:/software/texlive/2026/texmf-dist/tex/latex/enumitem/enumitem.sty)
(e:/software/texlive/2026/texmf-dist/tex/latex/fontspec/fontspec.sty
(e:/software/texlive/2026/texmf-dist/tex/latex/l3packages/xparse/xparse.sty
(e:/software/texlive/2026/texmf-dist/tex/latex/l3kernel/expl3.sty
(e:/software/texlive/2026/texmf-dist/tex/latex/l3backend/l3backend-xetex.def)))
(e:/software/texlive/2026/texmf-dist/tex/latex/fontspec/fontspec-xetex.sty
(e:/software/texlive/2026/texmf-dist/tex/latex/base/fontenc.sty)
(e:/software/texlive/2026/texmf-dist/tex/latex/fontspec/fontspec.cfg)))
(e:/software/texlive/2026/texmf-dist/tex/latex/ctex/ctex.sty
(e:/software/texlive/2026/texmf-dist/tex/latex/ctex/ctexhook.sty)
(e:/software/texlive/2026/texmf-dist/tex/latex/ctex/ctexpatch.sty)
(e:/software/texlive/2026/texmf-dist/tex/latex/base/fix-cm.sty
(e:/software/texlive/2026/texmf-dist/tex/latex/base/ts1enc.def))
(e:/software/texlive/2026/texmf-dist/tex/latex/ctex/config/ctexopts.cfg)
(e:/software/texlive/2026/texmf-dist/tex/latex/ctex/engine/ctex-engine-xetex.de
f (e:/software/texlive/2026/texmf-dist/tex/xelatex/xecjk/xeCJK.sty
(e:/software/texlive/2026/texmf-dist/tex/latex/l3packages/xtemplate/xtemplate.s
ty) (e:/software/texlive/2026/texmf-dist/tex/xelatex/xecjk/xeCJK.cfg)))
(e:/software/texlive/2026/texmf-dist/tex/latex/zhnumber/zhnumber.sty
(e:/software/texlive/2026/texmf-dist/tex/latex/zhnumber/zhnumber-utf8.cfg))
(e:/software/texlive/2026/texmf-dist/tex/latex/ctex/scheme/ctex-scheme-plain.de
f)
(e:/software/texlive/2026/texmf-dist/tex/latex/ctex/fontset/ctex-fontset-window
s.def)) (e:/software/texlive/2026/texmf-dist/tex/latex/ctex/config/ctex.cfg)
(e:/software/texlive/2026/texmf-dist/tex/latex/newtx/newtxmath.sty
`newtxmath' v1.754, 2024/09/22 Math macros based originally on txfonts (msharpe
) (e:/software/texlive/2026/texmf-dist/tex/latex/base/ifthen.sty)
(e:/software/texlive/2026/texmf-dist/tex/latex/xkeyval/xkeyval.sty
(e:/software/texlive/2026/texmf-dist/tex/generic/xkeyval/xkeyval.tex
(e:/software/texlive/2026/texmf-dist/tex/generic/xkeyval/xkvutils.tex)))
(e:/software/texlive/2026/texmf-dist/tex/latex/oberdiek/centernot.sty)
(e:/software/texlive/2026/texmf-dist/tex/generic/kastrup/binhex.tex)
amsthm NOT loaded
) (e:/software/texlive/2026/texmf-dist/tex/latex/esint/esint.sty)
(e:/software/texlive/2026/texmf-dist/tex/latex/biblatex/biblatex.sty
(e:/software/texlive/2026/texmf-dist/tex/latex/logreq/logreq.sty
(e:/software/texlive/2026/texmf-dist/tex/latex/logreq/logreq.def))
(e:/software/texlive/2026/texmf-dist/tex/latex/biblatex/blx-dm.def)
(e:/software/texlive/2026/texmf-dist/tex/latex/biblatex/blx-unicode.def)
(e:/software/texlive/2026/texmf-dist/tex/latex/biblatex/blx-compat.def)
(e:/software/texlive/2026/texmf-dist/tex/latex/biblatex/biblatex.def)
(e:/software/texlive/2026/texmf-dist/tex/latex/biblatex/bbx/numeric.bbx
(e:/software/texlive/2026/texmf-dist/tex/latex/biblatex/bbx/standard.bbx))
(e:/software/texlive/2026/texmf-dist/tex/latex/biblatex/cbx/numeric-comp.cbx)
(e:/software/texlive/2026/texmf-dist/tex/latex/biblatex/biblatex.cfg)
(e:/software/texlive/2026/texmf-dist/tex/latex/biblatex/blx-case-expl3.sty))
(e:/software/texlive/2026/texmf-dist/tex/latex/appendix/appendix.sty)
(e:/software/texlive/2026/texmf-dist/tex/latex/listings/listings.sty
(e:/software/texlive/2026/texmf-dist/tex/latex/listings/lstpatch.sty)
(e:/software/texlive/2026/texmf-dist/tex/latex/listings/lstmisc.sty)
(e:/software/texlive/2026/texmf-dist/tex/latex/listings/listings.cfg))
(e:/software/texlive/2026/texmf-dist/tex/xelatex/xecjk/xeCJK-listings.sty)
==> First Aid for listings.sty no longer applied!
    Expected:
        2024/09/23 1.10c (Carsten Heinz)
    but found:
        2025/11/14 1.11b (Carsten Heinz)
    so I'm assuming it got fixed.
(e:/software/texlive/2026/texmf-dist/tex/latex/listings/lstlang1.sty)
(e:/software/texlive/2026/texmf-dist/tex/latex/listings/lstlang2.sty)
(e:/software/texlive/2026/texmf-dist/tex/latex/listings/lstlang3.sty)
(e:/software/texlive/2026/texmf-dist/tex/latex/listings/lstlang1.sty)
(e:/software/texlive/2026/texmf-dist/tex/latex/listings/lstlang2.sty)
(e:/software/texlive/2026/texmf-dist/tex/latex/listings/lstlang3.sty)
(e:/software/texlive/2026/texmf-dist/tex/latex/listings/lstlang1.sty)
(e:/software/texlive/2026/texmf-dist/tex/latex/listings/lstlang2.sty)
(e:/software/texlive/2026/texmf-dist/tex/latex/listings/lstlang3.sty)
(e:/software/texlive/2026/texmf-dist/tex/latex/listings/lstmisc.sty))
(e:/software/texlive/2026/texmf-dist/tex/latex/tools/array.sty)
(e:/software/texlive/2026/texmf-dist/tex/latex/tools/tabularx.sty)
(e:/software/texlive/2026/texmf-dist/tex/latex/makecell/makecell.sty)
(e:/software/texlive/2026/texmf-dist/tex/latex/threeparttable/threeparttable.st
y) (e:/software/texlive/2026/texmf-dist/tex/latex/siunitx/siunitx.sty
(e:/software/texlive/2026/texmf-dist/tex/latex/translations/translations.sty))
(e:/software/texlive/2026/texmf-dist/tex/latex/xurl/xurl.sty
xurl: Set penalties for biblatex
) (./flatten_curve_supplement_cn.aux)
(e:/software/texlive/2026/texmf-dist/tex/latex/newtx/omlntxmi.fd)
(e:/software/texlive/2026/texmf-dist/tex/latex/newtx/untxexa.fd)
(e:/software/texlive/2026/texmf-dist/tex/latex/newtx/lmsntxsy.fd)
(e:/software/texlive/2026/texmf-dist/tex/latex/newtx/lmxntxexx.fd)
(./flatten_curve_supplement_cn.out) (./flatten_curve_supplement_cn.out)
*geometry* driver: auto-detecting
*geometry* detected driver: xetex
(e:/software/texlive/2026/texmf-dist/tex/latex/biblatex/lbx/english.lbx)
No file flatten_curve_supplement_cn.bbl.
(e:/software/texlive/2026/texmf-dist/tex/latex/footmisc/footmisc.sty)
(e:/software/texlive/2026/texmf-dist/tex/latex/translations/translations-basic-
dictionary-english.trsl)
(e:/software/texlive/2026/texmf-dist/tex/latex/newtx/ot1ntxtlf.fd)
(e:/software/texlive/2026/texmf-dist/tex/latex/amsfonts/umsa.fd)
(e:/software/texlive/2026/texmf-dist/tex/latex/amsfonts/umsb.fd)
(e:/software/texlive/2026/texmf-dist/tex/latex/newtx/untxmia.fd)
(e:/software/texlive/2026/texmf-dist/tex/latex/newtx/untxsym.fd)
(e:/software/texlive/2026/texmf-dist/tex/latex/newtx/untxsyc.fd)
(e:/software/texlive/2026/texmf-dist/tex/latex/esint/uesint.fd) [1] [2]
[3] (./flatten_curve_supplement_cn.aux) )
Output written on flatten_curve_supplement_cn.pdf (3 pages).
Transcript written on flatten_curve_supplement_cn.log.
This is XeTeX, Version 3.141592653-2.6-0.999998 (TeX Live 2026) (preloaded format=xelatex)
 restricted \write18 enabled.
entering extended mode
(./flatten_curve_analysis_cn.tex
LaTeX2e <2025-11-01>
L3 programming layer <2026-01-19>
(e:/software/texlive/2026/texmf-dist/tex/latex/hyperref/xr-hyper.sty)
(./elegantpaper.cls
Document Class: elegantpaper 2022/12/31 v0.11 ElegantLaTeX Paper class
(e:/software/texlive/2026/texmf-dist/tex/latex/kvoptions/kvoptions.sty
(e:/software/texlive/2026/texmf-dist/tex/latex/graphics/keyval.sty)
(e:/software/texlive/2026/texmf-dist/tex/generic/ltxcmds/ltxcmds.sty)
(e:/software/texlive/2026/texmf-dist/tex/latex/kvsetkeys/kvsetkeys.sty))
(e:/software/texlive/2026/texmf-dist/tex/latex/etoolbox/etoolbox.sty)
(e:/software/texlive/2026/texmf-dist/tex/latex/tools/calc.sty)
(e:/software/texlive/2026/texmf-dist/tex/latex/base/article.cls
Document Class: article 2025/01/22 v1.4n Standard LaTeX document class
(e:/software/texlive/2026/texmf-dist/tex/latex/base/size10.clo))
(e:/software/texlive/2026/texmf-dist/tex/latex/hyperref/hyperref.sty
(e:/software/texlive/2026/texmf-dist/tex/generic/iftex/iftex.sty)
(e:/software/texlive/2026/texmf-dist/tex/generic/kvdefinekeys/kvdefinekeys.sty)
 (e:/software/texlive/2026/texmf-dist/tex/generic/pdfescape/pdfescape.sty
(e:/software/texlive/2026/texmf-dist/tex/generic/pdftexcmds/pdftexcmds.sty
(e:/software/texlive/2026/texmf-dist/tex/generic/infwarerr/infwarerr.sty)))
(e:/software/texlive/2026/texmf-dist/tex/latex/hycolor/hycolor.sty)
(e:/software/texlive/2026/texmf-dist/tex/latex/hyperref/nameref.sty
(e:/software/texlive/2026/texmf-dist/tex/latex/refcount/refcount.sty)
(e:/software/texlive/2026/texmf-dist/tex/generic/gettitlestring/gettitlestring.
sty)) (e:/software/texlive/2026/texmf-dist/tex/generic/stringenc/stringenc.sty)
(e:/software/texlive/2026/texmf-dist/tex/latex/hyperref/pd1enc.def)
(e:/software/texlive/2026/texmf-dist/tex/generic/intcalc/intcalc.sty)
(e:/software/texlive/2026/texmf-dist/tex/latex/hyperref/puenc.def)
(e:/software/texlive/2026/texmf-dist/tex/latex/url/url.sty)
(e:/software/texlive/2026/texmf-dist/tex/generic/bitset/bitset.sty
(e:/software/texlive/2026/texmf-dist/tex/generic/bigintcalc/bigintcalc.sty)))
(e:/software/texlive/2026/texmf-dist/tex/latex/hyperref/hxetex.def
(e:/software/texlive/2026/texmf-dist/tex/latex/rerunfilecheck/rerunfilecheck.st
y
(e:/software/texlive/2026/texmf-dist/tex/generic/uniquecounter/uniquecounter.st
y))) (e:/software/texlive/2026/texmf-dist/tex/latex/geometry/geometry.sty
(e:/software/texlive/2026/texmf-dist/tex/generic/iftex/ifvtex.sty))
(e:/software/texlive/2026/texmf-dist/tex/latex/amsmath/amsmath.sty
For additional information on amsmath, use the `?' option.
(e:/software/texlive/2026/texmf-dist/tex/latex/amsmath/amstext.sty
(e:/software/texlive/2026/texmf-dist/tex/latex/amsmath/amsgen.sty))
(e:/software/texlive/2026/texmf-dist/tex/latex/amsmath/amsbsy.sty)
(e:/software/texlive/2026/texmf-dist/tex/latex/amsmath/amsopn.sty))
(e:/software/texlive/2026/texmf-dist/tex/latex/amscls/amsthm.sty)
(e:/software/texlive/2026/texmf-dist/tex/latex/amsfonts/amssymb.sty
(e:/software/texlive/2026/texmf-dist/tex/latex/amsfonts/amsfonts.sty))
(e:/software/texlive/2026/texmf-dist/tex/latex/tools/indentfirst.sty)
(e:/software/texlive/2026/texmf-dist/tex/latex/booktabs/booktabs.sty)
(e:/software/texlive/2026/texmf-dist/tex/latex/tools/multicol.sty)
(e:/software/texlive/2026/texmf-dist/tex/latex/multirow/multirow.sty)
(e:/software/texlive/2026/texmf-dist/tex/latex/xcolor/xcolor.sty
(e:/software/texlive/2026/texmf-dist/tex/latex/graphics-cfg/color.cfg)
(e:/software/texlive/2026/texmf-dist/tex/latex/graphics-def/xetex.def)
(e:/software/texlive/2026/texmf-dist/tex/latex/graphics/mathcolor.ltx))
(e:/software/texlive/2026/texmf-dist/tex/latex/graphics/graphicx.sty
(e:/software/texlive/2026/texmf-dist/tex/latex/graphics/graphics.sty
(e:/software/texlive/2026/texmf-dist/tex/latex/graphics/trig.sty)
(e:/software/texlive/2026/texmf-dist/tex/latex/graphics-cfg/graphics.cfg)))
(e:/software/texlive/2026/texmf-dist/tex/latex/fancyvrb/fancyvrb.sty)
(e:/software/texlive/2026/texmf-dist/tex/latex/abstract/abstract.sty)
(e:/software/texlive/2026/texmf-dist/tex/generic/hologo/hologo.sty)
(e:/software/texlive/2026/texmf-dist/tex/latex/caption/caption.sty
(e:/software/texlive/2026/texmf-dist/tex/latex/caption/caption3.sty))
(e:/software/texlive/2026/texmf-dist/tex/latex/enumitem/enumitem.sty)
(e:/software/texlive/2026/texmf-dist/tex/latex/fontspec/fontspec.sty
(e:/software/texlive/2026/texmf-dist/tex/latex/l3packages/xparse/xparse.sty
(e:/software/texlive/2026/texmf-dist/tex/latex/l3kernel/expl3.sty
(e:/software/texlive/2026/texmf-dist/tex/latex/l3backend/l3backend-xetex.def)))
(e:/software/texlive/2026/texmf-dist/tex/latex/fontspec/fontspec-xetex.sty
(e:/software/texlive/2026/texmf-dist/tex/latex/base/fontenc.sty)
(e:/software/texlive/2026/texmf-dist/tex/latex/fontspec/fontspec.cfg)))
(e:/software/texlive/2026/texmf-dist/tex/latex/ctex/ctex.sty
(e:/software/texlive/2026/texmf-dist/tex/latex/ctex/ctexhook.sty)
(e:/software/texlive/2026/texmf-dist/tex/latex/ctex/ctexpatch.sty)
(e:/software/texlive/2026/texmf-dist/tex/latex/base/fix-cm.sty
(e:/software/texlive/2026/texmf-dist/tex/latex/base/ts1enc.def))
(e:/software/texlive/2026/texmf-dist/tex/latex/ctex/config/ctexopts.cfg)
(e:/software/texlive/2026/texmf-dist/tex/latex/ctex/engine/ctex-engine-xetex.de
f (e:/software/texlive/2026/texmf-dist/tex/xelatex/xecjk/xeCJK.sty
(e:/software/texlive/2026/texmf-dist/tex/latex/l3packages/xtemplate/xtemplate.s
ty) (e:/software/texlive/2026/texmf-dist/tex/xelatex/xecjk/xeCJK.cfg)))
(e:/software/texlive/2026/texmf-dist/tex/latex/zhnumber/zhnumber.sty
(e:/software/texlive/2026/texmf-dist/tex/latex/zhnumber/zhnumber-utf8.cfg))
(e:/software/texlive/2026/texmf-dist/tex/latex/ctex/scheme/ctex-scheme-plain.de
f)
(e:/software/texlive/2026/texmf-dist/tex/latex/ctex/fontset/ctex-fontset-window
s.def)) (e:/software/texlive/2026/texmf-dist/tex/latex/ctex/config/ctex.cfg)
(e:/software/texlive/2026/texmf-dist/tex/latex/newtx/newtxmath.sty
`newtxmath' v1.754, 2024/09/22 Math macros based originally on txfonts (msharpe
) (e:/software/texlive/2026/texmf-dist/tex/latex/base/ifthen.sty)
(e:/software/texlive/2026/texmf-dist/tex/latex/xkeyval/xkeyval.sty
(e:/software/texlive/2026/texmf-dist/tex/generic/xkeyval/xkeyval.tex
(e:/software/texlive/2026/texmf-dist/tex/generic/xkeyval/xkvutils.tex)))
(e:/software/texlive/2026/texmf-dist/tex/latex/oberdiek/centernot.sty)
(e:/software/texlive/2026/texmf-dist/tex/generic/kastrup/binhex.tex)
amsthm NOT loaded
) (e:/software/texlive/2026/texmf-dist/tex/latex/esint/esint.sty)
(e:/software/texlive/2026/texmf-dist/tex/latex/biblatex/biblatex.sty
(e:/software/texlive/2026/texmf-dist/tex/latex/logreq/logreq.sty
(e:/software/texlive/2026/texmf-dist/tex/latex/logreq/logreq.def))
(e:/software/texlive/2026/texmf-dist/tex/latex/biblatex/blx-dm.def)
(e:/software/texlive/2026/texmf-dist/tex/latex/biblatex/blx-unicode.def)
(e:/software/texlive/2026/texmf-dist/tex/latex/biblatex/blx-compat.def)
(e:/software/texlive/2026/texmf-dist/tex/latex/biblatex/biblatex.def)
(e:/software/texlive/2026/texmf-dist/tex/latex/biblatex/bbx/numeric.bbx
(e:/software/texlive/2026/texmf-dist/tex/latex/biblatex/bbx/standard.bbx))
(e:/software/texlive/2026/texmf-dist/tex/latex/biblatex/cbx/numeric-comp.cbx)
(e:/software/texlive/2026/texmf-dist/tex/latex/biblatex/biblatex.cfg)
(e:/software/texlive/2026/texmf-dist/tex/latex/biblatex/blx-case-expl3.sty))
(e:/software/texlive/2026/texmf-dist/tex/latex/appendix/appendix.sty)
(e:/software/texlive/2026/texmf-dist/tex/latex/listings/listings.sty
(e:/software/texlive/2026/texmf-dist/tex/latex/listings/lstpatch.sty)
(e:/software/texlive/2026/texmf-dist/tex/latex/listings/lstmisc.sty)
(e:/software/texlive/2026/texmf-dist/tex/latex/listings/listings.cfg))
(e:/software/texlive/2026/texmf-dist/tex/xelatex/xecjk/xeCJK-listings.sty)
==> First Aid for listings.sty no longer applied!
    Expected:
        2024/09/23 1.10c (Carsten Heinz)
    but found:
        2025/11/14 1.11b (Carsten Heinz)
    so I'm assuming it got fixed.
(e:/software/texlive/2026/texmf-dist/tex/latex/listings/lstlang1.sty)
(e:/software/texlive/2026/texmf-dist/tex/latex/listings/lstlang2.sty)
(e:/software/texlive/2026/texmf-dist/tex/latex/listings/lstlang3.sty)
(e:/software/texlive/2026/texmf-dist/tex/latex/listings/lstlang1.sty)
(e:/software/texlive/2026/texmf-dist/tex/latex/listings/lstlang2.sty)
(e:/software/texlive/2026/texmf-dist/tex/latex/listings/lstlang3.sty)
(e:/software/texlive/2026/texmf-dist/tex/latex/listings/lstlang1.sty)
(e:/software/texlive/2026/texmf-dist/tex/latex/listings/lstlang2.sty)
(e:/software/texlive/2026/texmf-dist/tex/latex/listings/lstlang3.sty)
(e:/software/texlive/2026/texmf-dist/tex/latex/listings/lstmisc.sty))
(e:/software/texlive/2026/texmf-dist/tex/latex/float/float.sty)
(e:/software/texlive/2026/texmf-dist/tex/latex/placeins/placeins.sty)
(e:/software/texlive/2026/texmf-dist/tex/latex/tools/array.sty)
(e:/software/texlive/2026/texmf-dist/tex/latex/tools/tabularx.sty)
(e:/software/texlive/2026/texmf-dist/tex/latex/makecell/makecell.sty)
(e:/software/texlive/2026/texmf-dist/tex/latex/threeparttable/threeparttable.st
y) (e:/software/texlive/2026/texmf-dist/tex/latex/siunitx/siunitx.sty
(e:/software/texlive/2026/texmf-dist/tex/latex/translations/translations.sty))
(e:/software/texlive/2026/texmf-dist/tex/latex/xurl/xurl.sty
xurl: Set penalties for biblatex
) (e:/software/texlive/2026/texmf-dist/tex/latex/needspace/needspace.sty)
(e:/software/texlive/2026/texmf-dist/tex/latex/algorithms/algorithm.sty)
(e:/software/texlive/2026/texmf-dist/tex/latex/algorithmicx/algpseudocode.sty
(e:/software/texlive/2026/texmf-dist/tex/latex/algorithmicx/algorithmicx.sty
Document Style algorithmicx 1.2 - a greatly improved `algorithmic' style
)
Document Style - pseudocode environments for use with the `algorithmicx' style
)
No file flatten_curve_analysis_cn.aux.
(e:/software/texlive/2026/texmf-dist/tex/latex/newtx/omlntxmi.fd)
(e:/software/texlive/2026/texmf-dist/tex/latex/newtx/untxexa.fd)
(e:/software/texlive/2026/texmf-dist/tex/latex/newtx/lmsntxsy.fd)
(e:/software/texlive/2026/texmf-dist/tex/latex/newtx/lmxntxexx.fd)

Package hyperref Warning: Rerun to get /PageLabels entry.

*geometry* driver: auto-detecting
*geometry* detected driver: xetex
(e:/software/texlive/2026/texmf-dist/tex/latex/biblatex/lbx/english.lbx)
No file flatten_curve_analysis_cn.bbl.
(e:/software/texlive/2026/texmf-dist/tex/latex/footmisc/footmisc.sty)
(e:/software/texlive/2026/texmf-dist/tex/latex/translations/translations-basic-
dictionary-english.trsl)
(e:/software/texlive/2026/texmf-dist/tex/latex/newtx/ot1ntxtlf.fd)
(e:/software/texlive/2026/texmf-dist/tex/latex/amsfonts/umsa.fd)
(e:/software/texlive/2026/texmf-dist/tex/latex/amsfonts/umsb.fd)
(e:/software/texlive/2026/texmf-dist/tex/latex/newtx/untxmia.fd)
(e:/software/texlive/2026/texmf-dist/tex/latex/newtx/untxsym.fd)
(e:/software/texlive/2026/texmf-dist/tex/latex/newtx/untxsyc.fd)
(e:/software/texlive/2026/texmf-dist/tex/latex/esint/uesint.fd)

LaTeX Warning: Citation 'Ferguson2020Report9' on page 1 undefined on input line
 34.


LaTeX Warning: Citation 'Duque2020' on page 1 undefined on input line 34.


LaTeX Warning: Citation 'Miclo2022ICU' on page 1 undefined on input line 36.


LaTeX Warning: Citation 'Avram2022' on page 1 undefined on input line 36.


LaTeX Warning: Citation 'Angulo2021' on page 1 undefined on input line 36.


LaTeX Warning: Citation 'Balderrama2024' on page 1 undefined on input line 36.


LaTeX Warning: Citation 'Hellewell2020' on page 1 undefined on input line 40.


LaTeX Warning: Citation 'Ferretti2020' on page 1 undefined on input line 40.


LaTeX Warning: Citation 'Kucharski2020' on page 1 undefined on input line 40.


LaTeX Warning: Citation 'Tang2020Transmission' on page 1 undefined on input lin
e 40.


LaTeX Warning: Citation 'Zhou2024SPCI' on page 1 undefined on input line 40.


LaTeX Warning: Citation 'He2023TDINN' on page 1 undefined on input line 40.

[1]

LaTeX Warning: Citation 'Zhou2024SPCI' on page 2 undefined on input line 42.


LaTeX Warning: Citation 'Zhang2026Behavior' on page 2 undefined on input line 4
2.


LaTeX Warning: Citation 'Charpentier2020' on page 2 undefined on input line 44.



LaTeX Warning: Citation 'Pollinger2023' on page 2 undefined on input line 44.


LaTeX Warning: Citation 'Balakrishnan2023' on page 2 undefined on input line 44
.

[2]

LaTeX Warning: Citation 'He2023TDINN' on page 3 undefined on input line 60.


LaTeX Warning: Reference `sec:model' on page 3 undefined on input line 62.


LaTeX Warning: Reference `sec:s1' on page 3 undefined on input line 62.


LaTeX Warning: Reference `sec:s1:shape' on page 3 undefined on input line 62.


LaTeX Warning: Reference `sec:joint' on page 3 undefined on input line 62.


LaTeX Warning: Reference `sec:numerics' on page 3 undefined on input line 62.


LaTeX Warning: Reference `sec:dominance' on page 3 undefined on input line 62.


LaTeX Warning: Citation 'Zhou2024SPCI' on page 3 undefined on input line 86.

[3]

LaTeX Warning: Reference `eq:model:full' on page 4 undefined on input line 92.


LaTeX Warning: Citation 'Miclo2022ICU' on page 4 undefined on input line 105.


LaTeX Warning: Citation 'Angulo2021' on page 4 undefined on input line 105.

[4]

LaTeX Warning: Reference `prop:model:threshold-rationale' on page 5 undefined o
n input line 168.


LaTeX Warning: Reference `eq:model:balance' on page 5 undefined on input line 1
68.

[5]

LaTeX Warning: Reference `sec:s1' on page 6 undefined on input line 170.


LaTeX Warning: Reference `sec:s1:shape' on page 6 undefined on input line 170.


LaTeX Warning: Reference `sec:joint' on page 6 undefined on input line 170.


LaTeX Warning: Reference `sec:joint' on page 6 undefined on input line 170.


LaTeX Warning: Citation 'Zhou2024SPCI' on page 6 undefined on input line 192.


LaTeX Warning: Reference `eq:model:trigger' on page 6 undefined on input line 2
24.


LaTeX Warning: Reference `eq:model:trigger' on page 6 undefined on input line 2
27.

[6]

LaTeX Warning: Reference `eq:model:first-integral' on page 7 undefined on input
 line 246.


LaTeX Warning: Citation 'Corless1996' on page 7 undefined on input line 251.


LaTeX Warning: Reference `eq:model:routine-orbit' on page 7 undefined on input 
line 251.


LaTeX Warning: Reference `eq:s1:t1' on page 7 undefined on input line 251.


LaTeX Warning: Reference `eq:model:trigger' on page 7 undefined on input line 2
53.


LaTeX Warning: Reference `eq:model:trigger' on page 7 undefined on input line 2
64.


LaTeX Warning: Reference `eq:s1:S-analytic' on page 7 undefined on input line 2
78.


LaTeX Warning: Reference `eq:s1:q-control' on page 7 undefined on input line 27
8.


LaTeX Warning: Reference `eq:model:balance' on page 7 undefined on input line 2
90.


LaTeX Warning: Reference `eq:s1:q-control' on page 7 undefined on input line 29
0.


LaTeX Warning: Reference `eq:s1:S-analytic' on page 7 undefined on input line 2
94.


LaTeX Warning: Reference `eq:s1:t2' on page 7 undefined on input line 294.


LaTeX Warning: Reference `eq:s1:S-analytic' on page 7 undefined on input line 2
96.


LaTeX Warning: Reference `prop:model:positive' on page 7 undefined on input lin
e 296.

[7]

LaTeX Warning: Reference `eq:s1:qmax' on page 8 undefined on input line 321.


LaTeX Warning: Reference `prop:s1:sensitivity' on page 8 undefined on input lin
e 323.


LaTeX Warning: Reference `eq:model:trigger' on page 8 undefined on input line 3
23.


LaTeX Warning: Reference `eq:s1:q-control' on page 8 undefined on input line 33
6.


LaTeX Warning: Reference `fig:scenario1:single-sim' on page 8 undefined on inpu
t line 338.


LaTeX Warning: Citation 'Zhou2024SPCI' on page 8 undefined on input line 348.

[8]

LaTeX Warning: Reference `eq:s1:Send' on page 9 undefined on input line 380.


LaTeX Warning: Reference `eq:s1:Sinfty' on page 9 undefined on input line 380.


LaTeX Warning: Reference `eq:s1:tend' on page 9 undefined on input line 380.

[9]

LaTeX Warning: Reference `eq:model:full' on page 10 undefined on input line 416
.


LaTeX Warning: Reference `eq:model:trigger' on page 10 undefined on input line 
452.

[10]

LaTeX Warning: Reference `eq:s1:t1' on page 11 undefined on input line 520.


LaTeX Warning: Reference `eq:s1:qmax' on page 11 undefined on input line 525.


LaTeX Warning: Reference `app:cost' on page 11 undefined on input line 540.


LaTeX Warning: Reference `eq:s1:cumulative' on page 11 undefined on input line 
547.

[11]

LaTeX Warning: Reference `eq:s1:Imax-no' on page 12 undefined on input line 563
.


LaTeX Warning: Reference `eq:s1:t1' on page 12 undefined on input line 606.


LaTeX Warning: Reference `eq:s1:Sstar-eta-sign' on page 12 undefined on input l
ine 620.


LaTeX Warning: Reference `eq:duration-c0' on page 12 undefined on input line 62
0.


LaTeX Warning: Reference `eq:duration-c0' on page 12 undefined on input line 62
9.

[12]

LaTeX Warning: Reference `eq:duration-c0' on page 13 undefined on input line 63
8.


LaTeX Warning: Reference `sec:model:strategy' on page 13 undefined on input lin
e 644.


LaTeX Warning: Reference `fig:baseline:q-joint' on page 13 undefined on input l
ine 685.


LaTeX Warning: Reference `fig:scenario1_heatmaps_c0_eta' on page 13 undefined o
n input line 685.


LaTeX Warning: Reference `sec:numerics' on page 13 undefined on input line 685.


[13] [14]

LaTeX Warning: Reference `eq:model:trigger' on page 15 undefined on input line 
712.


LaTeX Warning: Reference `eq:s1:qprime' on page 15 undefined on input line 728.



LaTeX Warning: Reference `eq:s1:inflection-condition' on page 15 undefined on i
nput line 735.


LaTeX Warning: Reference `eq:s1:S-analytic' on page 15 undefined on input line 
735.


LaTeX Warning: Reference `eq:s1:q-control' on page 15 undefined on input line 7
35.


LaTeX Warning: Reference `eq:s1:inflection-condition' on page 15 undefined on i
nput line 735.

[15]

LaTeX Warning: Reference `app:lambda' on page 16 undefined on input line 802.


LaTeX Warning: Reference `tab:sensitivity' on page 16 undefined on input line 8
05.


LaTeX Warning: Reference `lem:s1:Sstar-sensitivity' on page 16 undefined on inp
ut line 822.


LaTeX Warning: Reference `prop:threshold-tradeoff' on page 16 undefined on inpu
t line 822.


LaTeX Warning: Reference `prop:contact-effects' on page 16 undefined on input l
ine 822.


LaTeX Warning: Reference `thm:s1:inflection' on page 16 undefined on input line
 822.


LaTeX Warning: Reference `prop:s1:lambda-sensitivity' on page 16 undefined on i
nput line 822.


LaTeX Warning: Reference `fig:s1:lambda-sensitivity' on page 16 undefined on in
put line 833.


LaTeX Warning: Reference `prop:s1:lambda-sensitivity' on page 16 undefined on i
nput line 834.


LaTeX Warning: Reference `fig:s1:inflection-scan' on page 16 undefined on input
 line 855.


LaTeX Warning: Reference `fig:s1:lambda-sensitivity' on page 16 undefined on in
put line 861.


LaTeX Warning: Reference `fig:s1:lambda-sensitivity' on page 16 undefined on in
put line 861.


LaTeX Warning: Reference `app:c0_beta' on page 16 undefined on input line 866.

[16] [17]

LaTeX Warning: Reference `cor:s1:qc-structure' on page 18 undefined on input li
ne 874.


LaTeX Warning: Reference `eq:joint:time' on page 18 undefined on input line 900
.


LaTeX Warning: Reference `eq:joint:contact-range' on page 18 undefined on input
 line 900.


LaTeX Warning: Reference `eq:joint:contact-range' on page 18 undefined on input
 line 909.


LaTeX Warning: Reference `eq:joint:q' on page 18 undefined on input line 909.


LaTeX Warning: Reference `eq:joint:balance' on page 18 undefined on input line 
909.


LaTeX Warning: Reference `eq:joint:time' on page 18 undefined on input line 919
.


LaTeX Warning: Reference `eq:joint:duration' on page 18 undefined on input line
 919.


LaTeX Warning: Reference `eq:joint:contact-range' on page 18 undefined on input
 line 921.


LaTeX Warning: Reference `eq:joint:time' on page 18 undefined on input line 921
.


LaTeX Warning: Reference `eq:joint:q' on page 18 undefined on input line 921.


LaTeX Warning: Reference `eq:joint:q' on page 18 undefined on input line 921.

[18]

LaTeX Warning: Reference `eq:s1:qmax' on page 19 undefined on input line 944.


LaTeX Warning: Reference `eq:joint:contact-range' on page 19 undefined on input
 line 950.


LaTeX Warning: Reference `eq:joint:q' on page 19 undefined on input line 950.


LaTeX Warning: Reference `eq:joint:feasibility' on page 19 undefined on input l
ine 954.


LaTeX Warning: Reference `eq:joint:feasibility' on page 19 undefined on input l
ine 956.


LaTeX Warning: Reference `eq:joint:bounds' on page 19 undefined on input line 9
56.


LaTeX Warning: Reference `eq:joint:feasibility' on page 19 undefined on input l
ine 960.


LaTeX Warning: Citation 'Angulo2021' on page 19 undefined on input line 960.


LaTeX Warning: Reference `lem:s1:Sstar-sensitivity' on page 19 undefined on inp
ut line 962.


LaTeX Warning: Reference `eq:joint:explicit-c' on page 19 undefined on input li
ne 971.


LaTeX Warning: Reference `eq:joint:contact-range' on page 19 undefined on input
 line 971.


LaTeX Warning: Reference `eq:joint:explicit-c' on page 19 undefined on input li
ne 974.


LaTeX Warning: Reference `eq:joint:explicit-q' on page 19 undefined on input li
ne 974.

[19]

LaTeX Warning: Reference `eq:joint:explicit-c' on page 20 undefined on input li
ne 994.


LaTeX Warning: Reference `eq:joint:explicit-q' on page 20 undefined on input li
ne 994.


LaTeX Warning: Reference `sec:s1' on page 20 undefined on input line 994.


LaTeX Warning: Reference `eq:joint:Sdot' on page 20 undefined on input line 997
.


LaTeX Warning: Reference `eq:joint:balance' on page 20 undefined on input line 
1011.


LaTeX Warning: Reference `eq:joint:bounds' on page 20 undefined on input line 1
014.


LaTeX Warning: Reference `eq:joint:feasibility' on page 20 undefined on input l
ine 1021.


LaTeX Warning: Reference `eq:joint:explicit-c' on page 20 undefined on input li
ne 1024.


LaTeX Warning: Reference `eq:joint:explicit-q' on page 20 undefined on input li
ne 1024.


LaTeX Warning: Reference `eq:joint:allocation-range' on page 20 undefined on in
put line 1024.


LaTeX Warning: Reference `eq:joint:feasibility' on page 20 undefined on input l
ine 1026.


LaTeX Warning: Reference `eq:joint:duration' on page 20 undefined on input line
 1031.


LaTeX Warning: Reference `eq:joint:duration' on page 20 undefined on input line
 1056.


LaTeX Warning: Reference `eq:joint:contact-range' on page 20 undefined on input
 line 1056.

[20]

LaTeX Warning: Reference `eq:joint:Sdot' on page 21 undefined on input line 106
4.


LaTeX Warning: Reference `eq:joint:cumulative' on page 21 undefined on input li
ne 1069.


LaTeX Warning: Reference `eq:joint:quarantine' on page 21 undefined on input li
ne 1073.


LaTeX Warning: Reference `eq:joint:feasibility' on page 21 undefined on input l
ine 1080.


LaTeX Warning: Reference `eq:joint:duration' on page 21 undefined on input line
 1085.


LaTeX Warning: Reference `eq:joint:duration' on page 21 undefined on input line
 1088.


LaTeX Warning: Reference `eq:joint:cumulative' on page 21 undefined on input li
ne 1088.


LaTeX Warning: Reference `eq:joint:cumulative' on page 21 undefined on input li
ne 1105.


LaTeX Warning: Reference `eq:joint:duration' on page 21 undefined on input line
 1110.


LaTeX Warning: Reference `cor:joint:whole-epidemic' on page 21 undefined on inp
ut line 1110.


LaTeX Warning: Reference `eq:model:full' on page 21 undefined on input line 111
6.

[21]

LaTeX Warning: Reference `eq:cost:J' on page 22 undefined on input line 1141.


LaTeX Warning: Reference `eq:joint:q' on page 22 undefined on input line 1141.


LaTeX Warning: Reference `eq:joint:bounds' on page 22 undefined on input line 1
155.


LaTeX Warning: Reference `eq:joint:cost' on page 22 undefined on input line 117
9.


LaTeX Warning: Reference `eq:joint:minimum-cost' on page 22 undefined on input 
line 1180.


LaTeX Warning: Reference `thm:joint:representation' on page 22 undefined on inp
ut line 1196.

[22]

LaTeX Warning: Reference `eq:joint:cost-integrand' on page 23 undefined on inpu
t line 1198.


LaTeX Warning: Reference `eq:joint:stationary' on page 23 undefined on input li
ne 1199.


LaTeX Warning: Reference `eq:cost:state' on page 23 undefined on input line 121
5.


LaTeX Warning: Reference `eq:joint:allocation-range' on page 23 undefined on in
put line 1215.


LaTeX Warning: Reference `eq:joint:minimum-cost' on page 23 undefined on input 
line 1215.


LaTeX Warning: Reference `eq:joint:feasibility' on page 23 undefined on input l
ine 1221.


LaTeX Warning: Reference `eq:joint:minimum-cost' on page 23 undefined on input 
line 1221.


LaTeX Warning: Reference `eq:cost:J' on page 23 undefined on input line 1246.


LaTeX Warning: Reference `eq:joint:terminal-interior' on page 23 undefined on i
nput line 1262.


LaTeX Warning: Reference `eq:joint:terminal-ratio' on page 23 undefined on inpu
t line 1262.

[23]

LaTeX Warning: Reference `eq:joint:terminal-ratio' on page 24 undefined on inpu
t line 1277.


LaTeX Warning: Reference `eq:joint:terminal-ratio' on page 24 undefined on inpu
t line 1281.


LaTeX Warning: Reference `fig:scenario1:single-sim' on page 24 undefined on inp
ut line 1283.


LaTeX Warning: Reference `eq:joint:minimum-cost' on page 24 undefined on input 
line 1283.


LaTeX Warning: Reference `eq:joint:minimum-cost' on page 24 undefined on input 
line 1285.


LaTeX Warning: Reference `eq:joint:cost-integrand' on page 24 undefined on inpu
t line 1285.


LaTeX Warning: Reference `eq:joint:stationary' on page 24 undefined on input li
ne 1285.


LaTeX Warning: Reference `sec:s1' on page 24 undefined on input line 1293.


LaTeX Warning: Reference `fig:scenario1:single-sim' on page 24 undefined on inp
ut line 1293.


LaTeX Warning: Reference `fig:baseline:q-joint' on page 24 undefined on input l
ine 1297.


LaTeX Warning: Reference `fig:scenario1_summary_c0' on page 24 undefined on inp
ut line 1297.


LaTeX Warning: Reference `fig:scenario1_summary_eta' on page 24 undefined on in
put line 1297.


LaTeX Warning: Reference `fig:baseline:q-joint' on page 24 undefined on input l
ine 1318.


LaTeX Warning: Reference `fig:baseline:q-joint' on page 24 undefined on input l
ine 1318.


LaTeX Warning: Reference `fig:scenario1_summary_c0' on page 24 undefined on inp
ut line 1320.


LaTeX Warning: Reference `fig:scenario1_summary_eta' on page 24 undefined on in
put line 1328.

[24] [25]

LaTeX Warning: Reference `fig:scenario1_heatmaps_c0_eta' on page 26 undefined o
n input line 1337.


LaTeX Warning: Citation 'He2023TDINN' on page 26 undefined on input line 1346.


LaTeX Warning: Reference `fig:xian:observed-fit' on page 26 undefined on input 
line 1349.


LaTeX Warning: Citation 'He2023TDINN' on page 26 undefined on input line 1349.


LaTeX Warning: Reference `eq:model:full' on page 26 undefined on input line 135
8.


LaTeX Warning: Citation 'He2023TDINN' on page 26 undefined on input line 1363.


LaTeX Warning: Reference `tab:xian_initial_fit' on page 26 undefined on input l
ine 1363.


LaTeX Warning: Citation 'XianStat2021' on page 26 undefined on input line 1390.



LaTeX Warning: Citation 'He2023TDINN' on page 26 undefined on input line 1390.


LaTeX Warning: Citation 'He2023TDINN' on page 26 undefined on input line 1390.


LaTeX Warning: Citation 'He2023TDINN' on page 26 undefined on input line 1390.


LaTeX Warning: Reference `sec:xian:threshold-scale' on page 26 undefined on inp
ut line 1390.


LaTeX Warning: Reference `fig:xian:observed-fit' on page 26 undefined on input 
line 1397.


LaTeX Warning: Citation 'XianStat2021' on page 26 undefined on input line 1408.



Overfull \hbox (29.14561pt too wide) in paragraph at lines 1408--1409
[]\TU/SimSun(0)/m/n/10 本 节 将 传 播 参 数 的 拟 合 与 感 染 阈 值 的 设 定 分 开。|  西 安 市 \TU/tex
gyretermes(0)/m/n/10 2021 \TU/SimSun(0)/m/n/10 年 末 常 住 人 口 为 $\OML/ntxmi/m/it/1
0 N \U/ntxmia/m/it/10 = \OT1/ntxtlf/m/n/10 13[]163[]000$\TU/texgyretermes(0)/m/
n/10 [[]]\TU/SimSun(0)/m/n/10 ；|

LaTeX Warning: Citation 'Chen2021ICUForecast' on page 26 undefined on input lin
e 1410.


LaTeX Warning: Citation 'Angulo2021' on page 26 undefined on input line 1410.


LaTeX Warning: Reference `sec:model:strategy' on page 26 undefined on input lin
e 1410.

[26] [27]

LaTeX Warning: Citation 'Pung2023Undetected' on page 28 undefined on input line
 1415.


LaTeX Warning: Reference `sec:s1' on page 28 undefined on input line 1422.


LaTeX Warning: Reference `sec:cost' on page 28 undefined on input line 1429.


LaTeX Warning: Reference `fig:xian:strategy-process' on page 28 undefined on in
put line 1431.


LaTeX Warning: Reference `tab:xian_summary' on page 28 undefined on input line 
1431.

[28] [29]

LaTeX Warning: Reference `fig:xian_eta_sens' on page 30 undefined on input line
 1468.


LaTeX Warning: Reference `sec:xian:threshold-scale' on page 30 undefined on inp
ut line 1468.


LaTeX Warning: Reference `fig:xian_heatmaps' on page 30 undefined on input line
 1484.


LaTeX Warning: Reference `prop:exit-infection-lower-bound' on page 30 undefined
 on input line 1494.

[30]

LaTeX Warning: Reference `sec:xian' on page 31 undefined on input line 1516.


LaTeX Warning: Reference `eq:s1:Imax-no' on page 31 undefined on input line 152
7.

[31]

LaTeX Warning: Reference `sec:scaling-theory' on page 32 undefined on input lin
e 1531.


LaTeX Warning: Reference `tab:xian_summary' on page 32 undefined on input line 
1535.


LaTeX Warning: Reference `prop:scaling' on page 32 undefined on input line 1540
.


LaTeX Warning: Reference `prop:threshold-tradeoff' on page 32 undefined on inpu
t line 1542.


LaTeX Warning: Reference `app:reference-comparison' on page 32 undefined on inp
ut line 1554.


LaTeX Warning: Reference `eq:count-identities' on page 32 undefined on input li
ne 1585.

[32]

LaTeX Warning: Reference `eq:dom:band' on page 33 undefined on input line 1610.



LaTeX Warning: Reference `prop:reference-population' on page 33 undefined on in
put line 1610.


LaTeX Warning: Reference `app:dom:numerics' on page 33 undefined on input line 
1612.


LaTeX Warning: Reference `prop:scaling' on page 33 undefined on input line 1617
.


LaTeX Warning: Reference `tab:xian_summary' on page 33 undefined on input line 
1632.


LaTeX Warning: Reference `eq:s1:Imax-no' on page 33 undefined on input line 163
2.


LaTeX Warning: Reference `tab:dom:thresholds' on page 33 undefined on input lin
e 1632.

[33]

LaTeX Warning: Reference `fig:dom' on page 34 undefined on input line 1689.


LaTeX Warning: Reference `fig:dom' on page 34 undefined on input line 1689.


LaTeX Warning: Reference `fig:dom:levers' on page 34 undefined on input line 17
03.


LaTeX Warning: Reference `fig:dom:levers' on page 34 undefined on input line 17
03.


LaTeX Warning: Reference `fig:dom:levers' on page 34 undefined on input line 17
03.


LaTeX Warning: Reference `fig:dom:levers' on page 34 undefined on input line 17
03.


LaTeX Warning: Reference `tab:dom:thresholds' on page 34 undefined on input lin
e 1714.


LaTeX Warning: Reference `app:dom:numerics' on page 34 undefined on input line 
1716.


LaTeX Warning: Reference `fig:dom:levers' on page 34 undefined on input line 17
22.


LaTeX Warning: Reference `fig:dom:levers' on page 34 undefined on input line 17
24.


LaTeX Warning: Reference `fig:panel_N_decomp' on page 34 undefined on input lin
e 1724.

[34]

LaTeX Warning: Reference `fig:c0-panel' on page 35 undefined on input line 1745
.


LaTeX Warning: Reference `prop:contact-effects' on page 35 undefined on input l
ine 1745.


LaTeX Warning: Reference `fig:c0-scan' on page 35 undefined on input line 1756.



LaTeX Warning: Reference `fig:c0-phase' on page 35 undefined on input line 1760
.

[35] [36] [37]

LaTeX Warning: Reference `cor:joint:whole-epidemic' on page 38 undefined on inp
ut line 1795.


LaTeX Warning: Reference `prop:joint:terminal-allocation' on page 38 undefined 
on input line 1795.


LaTeX Warning: Reference `prop:exit-infection-lower-bound' on page 38 undefined
 on input line 1795.

[38]

LaTeX Warning: Reference `eq:cost:J' on page 39 undefined on input line 1802.


LaTeX Warning: Reference `sec:model:strategy' on page 39 undefined on input lin
e 1804.


LaTeX Warning: Citation 'Zhou2024SPCI' on page 39 undefined on input line 1804.



LaTeX Warning: Citation 'Zhang2026Behavior' on page 39 undefined on input line 
1804.


LaTeX Warning: Reference `fig:panel_N_decomp' on page 39 undefined on input lin
e 1818.


LaTeX Warning: Reference `fig:dom:critical-cases' on page 39 undefined on input
 line 1826.

[39] [40]

LaTeX Warning: Reference `fig:dom:critical-cases' on page 41 undefined on input
 line 1841.

[41]

LaTeX Warning: Reference `fig:c0-scan' on page 42 undefined on input line 1872.



LaTeX Warning: Reference `fig:c0-beta-existence' on page 42 undefined on input 
line 1885.

[42] [43]

LaTeX Warning: Reference `eq:cost:state' on page 44 undefined on input line 190
4.


LaTeX Warning: Reference `eq:cost:state' on page 44 undefined on input line 193
1.


LaTeX Warning: Reference `eq:lambda-q0-sign' on page 44 undefined on input line
 1941.


LaTeX Warning: Reference `eq:lambda-q0-sign' on page 44 undefined on input line
 1953.


LaTeX Warning: Reference `sec:s1' on page 44 undefined on input line 1963.


LaTeX Warning: Reference `prop:threshold-tradeoff' on page 44 undefined on inpu
t line 1963.


LaTeX Warning: Reference `prop:scaling' on page 44 undefined on input line 1963
.

[44]

LaTeX Warning: Reference `eq:s1:cumulative' on page 45 undefined on input line 
2005.


LaTeX Warning: Reference `eq:count-identities' on page 45 undefined on input li
ne 2014.


LaTeX Warning: Empty bibliography on input line 2018.

[45] (./flatten_curve_analysis_cn.aux)

LaTeX Warning: There were undefined references.


LaTeX Warning: Label(s) may have changed. Rerun to get cross-references right.


Package rerunfilecheck Warning: File `flatten_curve_analysis_cn.out' has change
d.
(rerunfilecheck)                Rerun to get outlines right
(rerunfilecheck)                or use package `bookmark'.


Package biblatex Warning: Please (re)run Biber on the file:
(biblatex)                flatten_curve_analysis_cn
(biblatex)                and rerun LaTeX afterwards.

 )
(see the transcript file for additional information)
Output written on flatten_curve_analysis_cn.pdf (45 pages).
Transcript written on flatten_curve_analysis_cn.log.
INFO - This is Biber 2.21
INFO - Logfile is 'flatten_curve_analysis_cn.blg'
INFO - Reading 'flatten_curve_analysis_cn.bcf'
INFO - Found 20 citekeys in bib section 0
INFO - Processing section 0
INFO - Looking for bibtex file 'references.bib' for section 0
INFO - LaTeX decoding ...
INFO - Found BibTeX data source 'references.bib'
INFO - Overriding locale 'en-US' defaults 'normalization = NFD' with 'normalization = prenormalized'
INFO - Overriding locale 'en-US' defaults 'variable = shifted' with 'variable = non-ignorable'
INFO - Sorting list 'nty/global//global/global/global' of type 'entry' with template 'nty' and locale 'en-US'
INFO - No sort tailoring available for locale 'en-US'
INFO - Writing 'flatten_curve_analysis_cn.bbl' with encoding 'UTF-8'
INFO - Output to flatten_curve_analysis_cn.bbl
This is XeTeX, Version 3.141592653-2.6-0.999998 (TeX Live 2026) (preloaded format=xelatex)
 restricted \write18 enabled.
entering extended mode
(./flatten_curve_analysis_cn.tex
LaTeX2e <2025-11-01>
L3 programming layer <2026-01-19>
(e:/software/texlive/2026/texmf-dist/tex/latex/hyperref/xr-hyper.sty)
(./elegantpaper.cls
Document Class: elegantpaper 2022/12/31 v0.11 ElegantLaTeX Paper class
(e:/software/texlive/2026/texmf-dist/tex/latex/kvoptions/kvoptions.sty
(e:/software/texlive/2026/texmf-dist/tex/latex/graphics/keyval.sty)
(e:/software/texlive/2026/texmf-dist/tex/generic/ltxcmds/ltxcmds.sty)
(e:/software/texlive/2026/texmf-dist/tex/latex/kvsetkeys/kvsetkeys.sty))
(e:/software/texlive/2026/texmf-dist/tex/latex/etoolbox/etoolbox.sty)
(e:/software/texlive/2026/texmf-dist/tex/latex/tools/calc.sty)
(e:/software/texlive/2026/texmf-dist/tex/latex/base/article.cls
Document Class: article 2025/01/22 v1.4n Standard LaTeX document class
(e:/software/texlive/2026/texmf-dist/tex/latex/base/size10.clo))
(e:/software/texlive/2026/texmf-dist/tex/latex/hyperref/hyperref.sty
(e:/software/texlive/2026/texmf-dist/tex/generic/iftex/iftex.sty)
(e:/software/texlive/2026/texmf-dist/tex/generic/kvdefinekeys/kvdefinekeys.sty)
 (e:/software/texlive/2026/texmf-dist/tex/generic/pdfescape/pdfescape.sty
(e:/software/texlive/2026/texmf-dist/tex/generic/pdftexcmds/pdftexcmds.sty
(e:/software/texlive/2026/texmf-dist/tex/generic/infwarerr/infwarerr.sty)))
(e:/software/texlive/2026/texmf-dist/tex/latex/hycolor/hycolor.sty)
(e:/software/texlive/2026/texmf-dist/tex/latex/hyperref/nameref.sty
(e:/software/texlive/2026/texmf-dist/tex/latex/refcount/refcount.sty)
(e:/software/texlive/2026/texmf-dist/tex/generic/gettitlestring/gettitlestring.
sty)) (e:/software/texlive/2026/texmf-dist/tex/generic/stringenc/stringenc.sty)
(e:/software/texlive/2026/texmf-dist/tex/latex/hyperref/pd1enc.def)
(e:/software/texlive/2026/texmf-dist/tex/generic/intcalc/intcalc.sty)
(e:/software/texlive/2026/texmf-dist/tex/latex/hyperref/puenc.def)
(e:/software/texlive/2026/texmf-dist/tex/latex/url/url.sty)
(e:/software/texlive/2026/texmf-dist/tex/generic/bitset/bitset.sty
(e:/software/texlive/2026/texmf-dist/tex/generic/bigintcalc/bigintcalc.sty)))
(e:/software/texlive/2026/texmf-dist/tex/latex/hyperref/hxetex.def
(e:/software/texlive/2026/texmf-dist/tex/latex/rerunfilecheck/rerunfilecheck.st
y
(e:/software/texlive/2026/texmf-dist/tex/generic/uniquecounter/uniquecounter.st
y))) (e:/software/texlive/2026/texmf-dist/tex/latex/geometry/geometry.sty
(e:/software/texlive/2026/texmf-dist/tex/generic/iftex/ifvtex.sty))
(e:/software/texlive/2026/texmf-dist/tex/latex/amsmath/amsmath.sty
For additional information on amsmath, use the `?' option.
(e:/software/texlive/2026/texmf-dist/tex/latex/amsmath/amstext.sty
(e:/software/texlive/2026/texmf-dist/tex/latex/amsmath/amsgen.sty))
(e:/software/texlive/2026/texmf-dist/tex/latex/amsmath/amsbsy.sty)
(e:/software/texlive/2026/texmf-dist/tex/latex/amsmath/amsopn.sty))
(e:/software/texlive/2026/texmf-dist/tex/latex/amscls/amsthm.sty)
(e:/software/texlive/2026/texmf-dist/tex/latex/amsfonts/amssymb.sty
(e:/software/texlive/2026/texmf-dist/tex/latex/amsfonts/amsfonts.sty))
(e:/software/texlive/2026/texmf-dist/tex/latex/tools/indentfirst.sty)
(e:/software/texlive/2026/texmf-dist/tex/latex/booktabs/booktabs.sty)
(e:/software/texlive/2026/texmf-dist/tex/latex/tools/multicol.sty)
(e:/software/texlive/2026/texmf-dist/tex/latex/multirow/multirow.sty)
(e:/software/texlive/2026/texmf-dist/tex/latex/xcolor/xcolor.sty
(e:/software/texlive/2026/texmf-dist/tex/latex/graphics-cfg/color.cfg)
(e:/software/texlive/2026/texmf-dist/tex/latex/graphics-def/xetex.def)
(e:/software/texlive/2026/texmf-dist/tex/latex/graphics/mathcolor.ltx))
(e:/software/texlive/2026/texmf-dist/tex/latex/graphics/graphicx.sty
(e:/software/texlive/2026/texmf-dist/tex/latex/graphics/graphics.sty
(e:/software/texlive/2026/texmf-dist/tex/latex/graphics/trig.sty)
(e:/software/texlive/2026/texmf-dist/tex/latex/graphics-cfg/graphics.cfg)))
(e:/software/texlive/2026/texmf-dist/tex/latex/fancyvrb/fancyvrb.sty)
(e:/software/texlive/2026/texmf-dist/tex/latex/abstract/abstract.sty)
(e:/software/texlive/2026/texmf-dist/tex/generic/hologo/hologo.sty)
(e:/software/texlive/2026/texmf-dist/tex/latex/caption/caption.sty
(e:/software/texlive/2026/texmf-dist/tex/latex/caption/caption3.sty))
(e:/software/texlive/2026/texmf-dist/tex/latex/enumitem/enumitem.sty)
(e:/software/texlive/2026/texmf-dist/tex/latex/fontspec/fontspec.sty
(e:/software/texlive/2026/texmf-dist/tex/latex/l3packages/xparse/xparse.sty
(e:/software/texlive/2026/texmf-dist/tex/latex/l3kernel/expl3.sty
(e:/software/texlive/2026/texmf-dist/tex/latex/l3backend/l3backend-xetex.def)))
(e:/software/texlive/2026/texmf-dist/tex/latex/fontspec/fontspec-xetex.sty
(e:/software/texlive/2026/texmf-dist/tex/latex/base/fontenc.sty)
(e:/software/texlive/2026/texmf-dist/tex/latex/fontspec/fontspec.cfg)))
(e:/software/texlive/2026/texmf-dist/tex/latex/ctex/ctex.sty
(e:/software/texlive/2026/texmf-dist/tex/latex/ctex/ctexhook.sty)
(e:/software/texlive/2026/texmf-dist/tex/latex/ctex/ctexpatch.sty)
(e:/software/texlive/2026/texmf-dist/tex/latex/base/fix-cm.sty
(e:/software/texlive/2026/texmf-dist/tex/latex/base/ts1enc.def))
(e:/software/texlive/2026/texmf-dist/tex/latex/ctex/config/ctexopts.cfg)
(e:/software/texlive/2026/texmf-dist/tex/latex/ctex/engine/ctex-engine-xetex.de
f (e:/software/texlive/2026/texmf-dist/tex/xelatex/xecjk/xeCJK.sty
(e:/software/texlive/2026/texmf-dist/tex/latex/l3packages/xtemplate/xtemplate.s
ty) (e:/software/texlive/2026/texmf-dist/tex/xelatex/xecjk/xeCJK.cfg)))
(e:/software/texlive/2026/texmf-dist/tex/latex/zhnumber/zhnumber.sty
(e:/software/texlive/2026/texmf-dist/tex/latex/zhnumber/zhnumber-utf8.cfg))
(e:/software/texlive/2026/texmf-dist/tex/latex/ctex/scheme/ctex-scheme-plain.de
f)
(e:/software/texlive/2026/texmf-dist/tex/latex/ctex/fontset/ctex-fontset-window
s.def)) (e:/software/texlive/2026/texmf-dist/tex/latex/ctex/config/ctex.cfg)
(e:/software/texlive/2026/texmf-dist/tex/latex/newtx/newtxmath.sty
`newtxmath' v1.754, 2024/09/22 Math macros based originally on txfonts (msharpe
) (e:/software/texlive/2026/texmf-dist/tex/latex/base/ifthen.sty)
(e:/software/texlive/2026/texmf-dist/tex/latex/xkeyval/xkeyval.sty
(e:/software/texlive/2026/texmf-dist/tex/generic/xkeyval/xkeyval.tex
(e:/software/texlive/2026/texmf-dist/tex/generic/xkeyval/xkvutils.tex)))
(e:/software/texlive/2026/texmf-dist/tex/latex/oberdiek/centernot.sty)
(e:/software/texlive/2026/texmf-dist/tex/generic/kastrup/binhex.tex)
amsthm NOT loaded
) (e:/software/texlive/2026/texmf-dist/tex/latex/esint/esint.sty)
(e:/software/texlive/2026/texmf-dist/tex/latex/biblatex/biblatex.sty
(e:/software/texlive/2026/texmf-dist/tex/latex/logreq/logreq.sty
(e:/software/texlive/2026/texmf-dist/tex/latex/logreq/logreq.def))
(e:/software/texlive/2026/texmf-dist/tex/latex/biblatex/blx-dm.def)
(e:/software/texlive/2026/texmf-dist/tex/latex/biblatex/blx-unicode.def)
(e:/software/texlive/2026/texmf-dist/tex/latex/biblatex/blx-compat.def)
(e:/software/texlive/2026/texmf-dist/tex/latex/biblatex/biblatex.def)
(e:/software/texlive/2026/texmf-dist/tex/latex/biblatex/bbx/numeric.bbx
(e:/software/texlive/2026/texmf-dist/tex/latex/biblatex/bbx/standard.bbx))
(e:/software/texlive/2026/texmf-dist/tex/latex/biblatex/cbx/numeric-comp.cbx)
(e:/software/texlive/2026/texmf-dist/tex/latex/biblatex/biblatex.cfg)
(e:/software/texlive/2026/texmf-dist/tex/latex/biblatex/blx-case-expl3.sty))
(e:/software/texlive/2026/texmf-dist/tex/latex/appendix/appendix.sty)
(e:/software/texlive/2026/texmf-dist/tex/latex/listings/listings.sty
(e:/software/texlive/2026/texmf-dist/tex/latex/listings/lstpatch.sty)
(e:/software/texlive/2026/texmf-dist/tex/latex/listings/lstmisc.sty)
(e:/software/texlive/2026/texmf-dist/tex/latex/listings/listings.cfg))
(e:/software/texlive/2026/texmf-dist/tex/xelatex/xecjk/xeCJK-listings.sty)
==> First Aid for listings.sty no longer applied!
    Expected:
        2024/09/23 1.10c (Carsten Heinz)
    but found:
        2025/11/14 1.11b (Carsten Heinz)
    so I'm assuming it got fixed.
(e:/software/texlive/2026/texmf-dist/tex/latex/listings/lstlang1.sty)
(e:/software/texlive/2026/texmf-dist/tex/latex/listings/lstlang2.sty)
(e:/software/texlive/2026/texmf-dist/tex/latex/listings/lstlang3.sty)
(e:/software/texlive/2026/texmf-dist/tex/latex/listings/lstlang1.sty)
(e:/software/texlive/2026/texmf-dist/tex/latex/listings/lstlang2.sty)
(e:/software/texlive/2026/texmf-dist/tex/latex/listings/lstlang3.sty)
(e:/software/texlive/2026/texmf-dist/tex/latex/listings/lstlang1.sty)
(e:/software/texlive/2026/texmf-dist/tex/latex/listings/lstlang2.sty)
(e:/software/texlive/2026/texmf-dist/tex/latex/listings/lstlang3.sty)
(e:/software/texlive/2026/texmf-dist/tex/latex/listings/lstmisc.sty))
(e:/software/texlive/2026/texmf-dist/tex/latex/float/float.sty)
(e:/software/texlive/2026/texmf-dist/tex/latex/placeins/placeins.sty)
(e:/software/texlive/2026/texmf-dist/tex/latex/tools/array.sty)
(e:/software/texlive/2026/texmf-dist/tex/latex/tools/tabularx.sty)
(e:/software/texlive/2026/texmf-dist/tex/latex/makecell/makecell.sty)
(e:/software/texlive/2026/texmf-dist/tex/latex/threeparttable/threeparttable.st
y) (e:/software/texlive/2026/texmf-dist/tex/latex/siunitx/siunitx.sty
(e:/software/texlive/2026/texmf-dist/tex/latex/translations/translations.sty))
(e:/software/texlive/2026/texmf-dist/tex/latex/xurl/xurl.sty
xurl: Set penalties for biblatex
) (e:/software/texlive/2026/texmf-dist/tex/latex/needspace/needspace.sty)
(e:/software/texlive/2026/texmf-dist/tex/latex/algorithms/algorithm.sty)
(e:/software/texlive/2026/texmf-dist/tex/latex/algorithmicx/algpseudocode.sty
(e:/software/texlive/2026/texmf-dist/tex/latex/algorithmicx/algorithmicx.sty
Document Style algorithmicx 1.2 - a greatly improved `algorithmic' style
)
Document Style - pseudocode environments for use with the `algorithmicx' style
) (./flatten_curve_analysis_cn.aux)
(e:/software/texlive/2026/texmf-dist/tex/latex/newtx/omlntxmi.fd)
(e:/software/texlive/2026/texmf-dist/tex/latex/newtx/untxexa.fd)
(e:/software/texlive/2026/texmf-dist/tex/latex/newtx/lmsntxsy.fd)
(e:/software/texlive/2026/texmf-dist/tex/latex/newtx/lmxntxexx.fd)
(./flatten_curve_analysis_cn.out) (./flatten_curve_analysis_cn.out)
*geometry* driver: auto-detecting
*geometry* detected driver: xetex
(e:/software/texlive/2026/texmf-dist/tex/latex/biblatex/lbx/english.lbx)
(./flatten_curve_analysis_cn.bbl)
(e:/software/texlive/2026/texmf-dist/tex/latex/footmisc/footmisc.sty)
(e:/software/texlive/2026/texmf-dist/tex/latex/translations/translations-basic-
dictionary-english.trsl)
(e:/software/texlive/2026/texmf-dist/tex/latex/newtx/ot1ntxtlf.fd)
(e:/software/texlive/2026/texmf-dist/tex/latex/amsfonts/umsa.fd)
(e:/software/texlive/2026/texmf-dist/tex/latex/amsfonts/umsb.fd)
(e:/software/texlive/2026/texmf-dist/tex/latex/newtx/untxmia.fd)
(e:/software/texlive/2026/texmf-dist/tex/latex/newtx/untxsym.fd)
(e:/software/texlive/2026/texmf-dist/tex/latex/newtx/untxsyc.fd)
(e:/software/texlive/2026/texmf-dist/tex/latex/esint/uesint.fd) [1] [2]
[3] [4] [5] [6] [7] [8] [9] [10] [11] [12] [13] [14] [15] [16] [17] [18]
[19] [20] [21] [22] [23] [24] [25] [26] [27] [28] [29] [30] [31] [32] [33]
[34] [35] [36] [37] [38] [39] [40] [41] [42] [43] [44] [45] [46] [47]
(./flatten_curve_analysis_cn.aux)

LaTeX Warning: There were undefined references.


LaTeX Warning: Label(s) may have changed. Rerun to get cross-references right.


Package biblatex Warning: Please rerun LaTeX.

 )
(see the transcript file for additional information)
Output written on flatten_curve_analysis_cn.pdf (47 pages).
Transcript written on flatten_curve_analysis_cn.log.
This is XeTeX, Version 3.141592653-2.6-0.999998 (TeX Live 2026) (preloaded format=xelatex)
 restricted \write18 enabled.
entering extended mode
(./flatten_curve_analysis_cn.tex
LaTeX2e <2025-11-01>
L3 programming layer <2026-01-19>
(e:/software/texlive/2026/texmf-dist/tex/latex/hyperref/xr-hyper.sty)
(./elegantpaper.cls
Document Class: elegantpaper 2022/12/31 v0.11 ElegantLaTeX Paper class
(e:/software/texlive/2026/texmf-dist/tex/latex/kvoptions/kvoptions.sty
(e:/software/texlive/2026/texmf-dist/tex/latex/graphics/keyval.sty)
(e:/software/texlive/2026/texmf-dist/tex/generic/ltxcmds/ltxcmds.sty)
(e:/software/texlive/2026/texmf-dist/tex/latex/kvsetkeys/kvsetkeys.sty))
(e:/software/texlive/2026/texmf-dist/tex/latex/etoolbox/etoolbox.sty)
(e:/software/texlive/2026/texmf-dist/tex/latex/tools/calc.sty)
(e:/software/texlive/2026/texmf-dist/tex/latex/base/article.cls
Document Class: article 2025/01/22 v1.4n Standard LaTeX document class
(e:/software/texlive/2026/texmf-dist/tex/latex/base/size10.clo))
(e:/software/texlive/2026/texmf-dist/tex/latex/hyperref/hyperref.sty
(e:/software/texlive/2026/texmf-dist/tex/generic/iftex/iftex.sty)
(e:/software/texlive/2026/texmf-dist/tex/generic/kvdefinekeys/kvdefinekeys.sty)
 (e:/software/texlive/2026/texmf-dist/tex/generic/pdfescape/pdfescape.sty
(e:/software/texlive/2026/texmf-dist/tex/generic/pdftexcmds/pdftexcmds.sty
(e:/software/texlive/2026/texmf-dist/tex/generic/infwarerr/infwarerr.sty)))
(e:/software/texlive/2026/texmf-dist/tex/latex/hycolor/hycolor.sty)
(e:/software/texlive/2026/texmf-dist/tex/latex/hyperref/nameref.sty
(e:/software/texlive/2026/texmf-dist/tex/latex/refcount/refcount.sty)
(e:/software/texlive/2026/texmf-dist/tex/generic/gettitlestring/gettitlestring.
sty)) (e:/software/texlive/2026/texmf-dist/tex/generic/stringenc/stringenc.sty)
(e:/software/texlive/2026/texmf-dist/tex/latex/hyperref/pd1enc.def)
(e:/software/texlive/2026/texmf-dist/tex/generic/intcalc/intcalc.sty)
(e:/software/texlive/2026/texmf-dist/tex/latex/hyperref/puenc.def)
(e:/software/texlive/2026/texmf-dist/tex/latex/url/url.sty)
(e:/software/texlive/2026/texmf-dist/tex/generic/bitset/bitset.sty
(e:/software/texlive/2026/texmf-dist/tex/generic/bigintcalc/bigintcalc.sty)))
(e:/software/texlive/2026/texmf-dist/tex/latex/hyperref/hxetex.def
(e:/software/texlive/2026/texmf-dist/tex/latex/rerunfilecheck/rerunfilecheck.st
y
(e:/software/texlive/2026/texmf-dist/tex/generic/uniquecounter/uniquecounter.st
y))) (e:/software/texlive/2026/texmf-dist/tex/latex/geometry/geometry.sty
(e:/software/texlive/2026/texmf-dist/tex/generic/iftex/ifvtex.sty))
(e:/software/texlive/2026/texmf-dist/tex/latex/amsmath/amsmath.sty
For additional information on amsmath, use the `?' option.
(e:/software/texlive/2026/texmf-dist/tex/latex/amsmath/amstext.sty
(e:/software/texlive/2026/texmf-dist/tex/latex/amsmath/amsgen.sty))
(e:/software/texlive/2026/texmf-dist/tex/latex/amsmath/amsbsy.sty)
(e:/software/texlive/2026/texmf-dist/tex/latex/amsmath/amsopn.sty))
(e:/software/texlive/2026/texmf-dist/tex/latex/amscls/amsthm.sty)
(e:/software/texlive/2026/texmf-dist/tex/latex/amsfonts/amssymb.sty
(e:/software/texlive/2026/texmf-dist/tex/latex/amsfonts/amsfonts.sty))
(e:/software/texlive/2026/texmf-dist/tex/latex/tools/indentfirst.sty)
(e:/software/texlive/2026/texmf-dist/tex/latex/booktabs/booktabs.sty)
(e:/software/texlive/2026/texmf-dist/tex/latex/tools/multicol.sty)
(e:/software/texlive/2026/texmf-dist/tex/latex/multirow/multirow.sty)
(e:/software/texlive/2026/texmf-dist/tex/latex/xcolor/xcolor.sty
(e:/software/texlive/2026/texmf-dist/tex/latex/graphics-cfg/color.cfg)
(e:/software/texlive/2026/texmf-dist/tex/latex/graphics-def/xetex.def)
(e:/software/texlive/2026/texmf-dist/tex/latex/graphics/mathcolor.ltx))
(e:/software/texlive/2026/texmf-dist/tex/latex/graphics/graphicx.sty
(e:/software/texlive/2026/texmf-dist/tex/latex/graphics/graphics.sty
(e:/software/texlive/2026/texmf-dist/tex/latex/graphics/trig.sty)
(e:/software/texlive/2026/texmf-dist/tex/latex/graphics-cfg/graphics.cfg)))
(e:/software/texlive/2026/texmf-dist/tex/latex/fancyvrb/fancyvrb.sty)
(e:/software/texlive/2026/texmf-dist/tex/latex/abstract/abstract.sty)
(e:/software/texlive/2026/texmf-dist/tex/generic/hologo/hologo.sty)
(e:/software/texlive/2026/texmf-dist/tex/latex/caption/caption.sty
(e:/software/texlive/2026/texmf-dist/tex/latex/caption/caption3.sty))
(e:/software/texlive/2026/texmf-dist/tex/latex/enumitem/enumitem.sty)
(e:/software/texlive/2026/texmf-dist/tex/latex/fontspec/fontspec.sty
(e:/software/texlive/2026/texmf-dist/tex/latex/l3packages/xparse/xparse.sty
(e:/software/texlive/2026/texmf-dist/tex/latex/l3kernel/expl3.sty
(e:/software/texlive/2026/texmf-dist/tex/latex/l3backend/l3backend-xetex.def)))
(e:/software/texlive/2026/texmf-dist/tex/latex/fontspec/fontspec-xetex.sty
(e:/software/texlive/2026/texmf-dist/tex/latex/base/fontenc.sty)
(e:/software/texlive/2026/texmf-dist/tex/latex/fontspec/fontspec.cfg)))
(e:/software/texlive/2026/texmf-dist/tex/latex/ctex/ctex.sty
(e:/software/texlive/2026/texmf-dist/tex/latex/ctex/ctexhook.sty)
(e:/software/texlive/2026/texmf-dist/tex/latex/ctex/ctexpatch.sty)
(e:/software/texlive/2026/texmf-dist/tex/latex/base/fix-cm.sty
(e:/software/texlive/2026/texmf-dist/tex/latex/base/ts1enc.def))
(e:/software/texlive/2026/texmf-dist/tex/latex/ctex/config/ctexopts.cfg)
(e:/software/texlive/2026/texmf-dist/tex/latex/ctex/engine/ctex-engine-xetex.de
f (e:/software/texlive/2026/texmf-dist/tex/xelatex/xecjk/xeCJK.sty
(e:/software/texlive/2026/texmf-dist/tex/latex/l3packages/xtemplate/xtemplate.s
ty) (e:/software/texlive/2026/texmf-dist/tex/xelatex/xecjk/xeCJK.cfg)))
(e:/software/texlive/2026/texmf-dist/tex/latex/zhnumber/zhnumber.sty
(e:/software/texlive/2026/texmf-dist/tex/latex/zhnumber/zhnumber-utf8.cfg))
(e:/software/texlive/2026/texmf-dist/tex/latex/ctex/scheme/ctex-scheme-plain.de
f)
(e:/software/texlive/2026/texmf-dist/tex/latex/ctex/fontset/ctex-fontset-window
s.def)) (e:/software/texlive/2026/texmf-dist/tex/latex/ctex/config/ctex.cfg)
(e:/software/texlive/2026/texmf-dist/tex/latex/newtx/newtxmath.sty
`newtxmath' v1.754, 2024/09/22 Math macros based originally on txfonts (msharpe
) (e:/software/texlive/2026/texmf-dist/tex/latex/base/ifthen.sty)
(e:/software/texlive/2026/texmf-dist/tex/latex/xkeyval/xkeyval.sty
(e:/software/texlive/2026/texmf-dist/tex/generic/xkeyval/xkeyval.tex
(e:/software/texlive/2026/texmf-dist/tex/generic/xkeyval/xkvutils.tex)))
(e:/software/texlive/2026/texmf-dist/tex/latex/oberdiek/centernot.sty)
(e:/software/texlive/2026/texmf-dist/tex/generic/kastrup/binhex.tex)
amsthm NOT loaded
) (e:/software/texlive/2026/texmf-dist/tex/latex/esint/esint.sty)
(e:/software/texlive/2026/texmf-dist/tex/latex/biblatex/biblatex.sty
(e:/software/texlive/2026/texmf-dist/tex/latex/logreq/logreq.sty
(e:/software/texlive/2026/texmf-dist/tex/latex/logreq/logreq.def))
(e:/software/texlive/2026/texmf-dist/tex/latex/biblatex/blx-dm.def)
(e:/software/texlive/2026/texmf-dist/tex/latex/biblatex/blx-unicode.def)
(e:/software/texlive/2026/texmf-dist/tex/latex/biblatex/blx-compat.def)
(e:/software/texlive/2026/texmf-dist/tex/latex/biblatex/biblatex.def)
(e:/software/texlive/2026/texmf-dist/tex/latex/biblatex/bbx/numeric.bbx
(e:/software/texlive/2026/texmf-dist/tex/latex/biblatex/bbx/standard.bbx))
(e:/software/texlive/2026/texmf-dist/tex/latex/biblatex/cbx/numeric-comp.cbx)
(e:/software/texlive/2026/texmf-dist/tex/latex/biblatex/biblatex.cfg)
(e:/software/texlive/2026/texmf-dist/tex/latex/biblatex/blx-case-expl3.sty))
(e:/software/texlive/2026/texmf-dist/tex/latex/appendix/appendix.sty)
(e:/software/texlive/2026/texmf-dist/tex/latex/listings/listings.sty
(e:/software/texlive/2026/texmf-dist/tex/latex/listings/lstpatch.sty)
(e:/software/texlive/2026/texmf-dist/tex/latex/listings/lstmisc.sty)
(e:/software/texlive/2026/texmf-dist/tex/latex/listings/listings.cfg))
(e:/software/texlive/2026/texmf-dist/tex/xelatex/xecjk/xeCJK-listings.sty)
==> First Aid for listings.sty no longer applied!
    Expected:
        2024/09/23 1.10c (Carsten Heinz)
    but found:
        2025/11/14 1.11b (Carsten Heinz)
    so I'm assuming it got fixed.
(e:/software/texlive/2026/texmf-dist/tex/latex/listings/lstlang1.sty)
(e:/software/texlive/2026/texmf-dist/tex/latex/listings/lstlang2.sty)
(e:/software/texlive/2026/texmf-dist/tex/latex/listings/lstlang3.sty)
(e:/software/texlive/2026/texmf-dist/tex/latex/listings/lstlang1.sty)
(e:/software/texlive/2026/texmf-dist/tex/latex/listings/lstlang2.sty)
(e:/software/texlive/2026/texmf-dist/tex/latex/listings/lstlang3.sty)
(e:/software/texlive/2026/texmf-dist/tex/latex/listings/lstlang1.sty)
(e:/software/texlive/2026/texmf-dist/tex/latex/listings/lstlang2.sty)
(e:/software/texlive/2026/texmf-dist/tex/latex/listings/lstlang3.sty)
(e:/software/texlive/2026/texmf-dist/tex/latex/listings/lstmisc.sty))
(e:/software/texlive/2026/texmf-dist/tex/latex/float/float.sty)
(e:/software/texlive/2026/texmf-dist/tex/latex/placeins/placeins.sty)
(e:/software/texlive/2026/texmf-dist/tex/latex/tools/array.sty)
(e:/software/texlive/2026/texmf-dist/tex/latex/tools/tabularx.sty)
(e:/software/texlive/2026/texmf-dist/tex/latex/makecell/makecell.sty)
(e:/software/texlive/2026/texmf-dist/tex/latex/threeparttable/threeparttable.st
y) (e:/software/texlive/2026/texmf-dist/tex/latex/siunitx/siunitx.sty
(e:/software/texlive/2026/texmf-dist/tex/latex/translations/translations.sty))
(e:/software/texlive/2026/texmf-dist/tex/latex/xurl/xurl.sty
xurl: Set penalties for biblatex
) (e:/software/texlive/2026/texmf-dist/tex/latex/needspace/needspace.sty)
(e:/software/texlive/2026/texmf-dist/tex/latex/algorithms/algorithm.sty)
(e:/software/texlive/2026/texmf-dist/tex/latex/algorithmicx/algpseudocode.sty
(e:/software/texlive/2026/texmf-dist/tex/latex/algorithmicx/algorithmicx.sty
Document Style algorithmicx 1.2 - a greatly improved `algorithmic' style
)
Document Style - pseudocode environments for use with the `algorithmicx' style
) (./flatten_curve_analysis_cn.aux)
(e:/software/texlive/2026/texmf-dist/tex/latex/newtx/omlntxmi.fd)
(e:/software/texlive/2026/texmf-dist/tex/latex/newtx/untxexa.fd)
(e:/software/texlive/2026/texmf-dist/tex/latex/newtx/lmsntxsy.fd)
(e:/software/texlive/2026/texmf-dist/tex/latex/newtx/lmxntxexx.fd)
(./flatten_curve_analysis_cn.out) (./flatten_curve_analysis_cn.out)
*geometry* driver: auto-detecting
*geometry* detected driver: xetex
(e:/software/texlive/2026/texmf-dist/tex/latex/biblatex/lbx/english.lbx)
(./flatten_curve_analysis_cn.bbl)
(e:/software/texlive/2026/texmf-dist/tex/latex/footmisc/footmisc.sty)
(e:/software/texlive/2026/texmf-dist/tex/latex/translations/translations-basic-
dictionary-english.trsl)
(e:/software/texlive/2026/texmf-dist/tex/latex/newtx/ot1ntxtlf.fd)
(e:/software/texlive/2026/texmf-dist/tex/latex/amsfonts/umsa.fd)
(e:/software/texlive/2026/texmf-dist/tex/latex/amsfonts/umsb.fd)
(e:/software/texlive/2026/texmf-dist/tex/latex/newtx/untxmia.fd)
(e:/software/texlive/2026/texmf-dist/tex/latex/newtx/untxsym.fd)
(e:/software/texlive/2026/texmf-dist/tex/latex/newtx/untxsyc.fd)
(e:/software/texlive/2026/texmf-dist/tex/latex/esint/uesint.fd) [1] [2]
[3] [4] [5] [6] [7] [8] [9] [10] [11] [12] [13] [14] [15] [16] [17] [18]
[19] [20] [21] [22] [23] [24] [25] [26] [27] [28] [29] [30] [31] [32] [33]
[34] [35] [36] [37] [38] [39] [40] [41] [42] [43] [44] [45] [46] [47]
(./flatten_curve_analysis_cn.aux) )
(see the transcript file for additional information)
Output written on flatten_curve_analysis_cn.pdf (47 pages).
Transcript written on flatten_curve_analysis_cn.log.
